MPLINK 4.42, Linker
Linker Map File - Created Thu May 03 14:36:27 2012

                                 Section Info
                  Section       Type    Address   Location Size(Bytes)
                ---------  ---------  ---------  ---------  ---------
               _entry_scn       code   0x000000    program   0x000006
       .code__user_putc.o       code   0x000006    program   0x000002
       InterruptVectorLow       code   0x000008    program   0x000006
                   .cinit    romdata   0x00000e    program   0x00000e
             .code_main.o       code   0x00001c    program   0x0013f0
         .code_vfprintf.o       code   0x00140c    program   0x000c22
          .code_setting.o       code   0x00202e    program   0x000a0e
             .code_sseg.o       code   0x002a3c    program   0x0006a0
          .code_recdata.o       code   0x0030dc    program   0x00066a
              .code_rtc.o       code   0x003746    program   0x0005aa
              .code_led.o       code   0x003cf0    program   0x000492
             .code_ECAN.o       code   0x004182    program   0x000172
          .code_sprintf.o       code   0x0042f4    program   0x0000ac
             .code_inti.o       code   0x0043a0    program   0x0000a8
               _cinit_scn       code   0x004448    program   0x00009e
                     PROG       code   0x0044e6    program   0x000096
             .code_putc.o       code   0x00457c    program   0x000084
          .code_fxm3232.o       code   0x004600    program   0x000070
                   STRING       code   0x004670    program   0x000066
          .code_write_B.o       code   0x0046d6    program   0x000060
          .code_adcopen.o       code   0x004736    program   0x000060
           .code_read_B.o       code   0x004796    program   0x00005c
             .stringtable    romdata   0x0047f2    program   0x000058
         .code_fxd3232u.o       code   0x00484a    program   0x000048
         .code_fxd1616u.o       code   0x004892    program   0x00002c
                    CTYPE       code   0x0048be    program   0x000024
                    .code       code   0x0048e2    program   0x000020
             _startup_scn       code   0x004902    program   0x00001c
                    STDIO       code   0x00491e    program   0x00001c
      .romdata_vfprintf.o    romdata   0x00493a    program   0x000011
       .idata_write_B.o_i    romdata   0x00494b    program   0x000000
        .romdata_read_B.o    romdata   0x00494b    program   0x000000
        .idata_read_B.o_i    romdata   0x00494b    program   0x000000
       .romdata_write_B.o    romdata   0x00494b    program   0x000000
       .romdata_adcopen.o    romdata   0x00494b    program   0x000000
        .idata___init.o_i    romdata   0x00494b    program   0x000000
        .romdata___init.o    romdata   0x00494b    program   0x000000
       .idata_sprintf.o_i    romdata   0x00494b    program   0x000000
       .romdata_sprintf.o    romdata   0x00494b    program   0x000000
      .idata_vfprintf.o_i    romdata   0x00494b    program   0x000000
      .idata_fxd3232u.o_i    romdata   0x00494b    program   0x000000
      .romdata_fxd3232u.o    romdata   0x00494b    program   0x000000
       .idata_fxm3232.o_i    romdata   0x00494b    program   0x000000
       .romdata_fxm3232.o    romdata   0x00494b    program   0x000000
          .idata_putc.o_i    romdata   0x00494b    program   0x000000
          .romdata_putc.o    romdata   0x00494b    program   0x000000
    .idata__user_putc.o_i    romdata   0x00494b    program   0x000000
    .romdata__user_putc.o    romdata   0x00494b    program   0x000000
         .idata_c018i.o_i    romdata   0x00494b    program   0x000000
         .romdata_c018i.o    romdata   0x00494b    program   0x000000
         .idata_delay.o_i    romdata   0x00494b    program   0x000000
         .romdata_delay.o    romdata   0x00494b    program   0x000000
           .idata_led.o_i    romdata   0x00494b    program   0x000000
           .romdata_led.o    romdata   0x00494b    program   0x000000
          .romdata_main.o    romdata   0x00494b    program   0x000000
          .idata_sseg.o_i    romdata   0x00494b    program   0x000000
          .romdata_sseg.o    romdata   0x00494b    program   0x000000
          .idata_ECAN.o_i    romdata   0x00494b    program   0x000000
          .romdata_ECAN.o    romdata   0x00494b    program   0x000000
       .idata_recdata.o_i    romdata   0x00494b    program   0x000000
       .romdata_recdata.o    romdata   0x00494b    program   0x000000
       .idata_adcopen.o_i    romdata   0x00494b    program   0x000000
      .romdata_fxd1616u.o    romdata   0x00494b    program   0x000000
      .idata_fxd1616u.o_i    romdata   0x00494b    program   0x000000
      .romdata_adcclose.o    romdata   0x00494b    program   0x000000
      .idata_adcclose.o_i    romdata   0x00494b    program   0x000000
       .romdata_setting.o    romdata   0x00494b    program   0x000000
       .idata_setting.o_i    romdata   0x00494b    program   0x000000
           .romdata_rtc.o    romdata   0x00494b    program   0x000000
           .idata_rtc.o_i    romdata   0x00494b    program   0x000000
          .romdata_inti.o    romdata   0x00494b    program   0x000000
          .idata_inti.o_i    romdata   0x00494b    program   0x000000
            .code_delay.o       code   0x00494c    program   0x000000
         .code_adcclose.o       code   0x00494c    program   0x000006
            .code_c018i.o       code   0x00494c    program   0x000000
           .code___init.o       code   0x004952    program   0x000002
          .idata_main.o_i    romdata   0x004954    program   0x000018
    .config_300000_main.o    romdata   0x300000    program   0x000001
    .config_300008_main.o    romdata   0x300008    program   0x000001
    .config_300009_main.o    romdata   0x300009    program   0x000001
    .config_30000b_main.o    romdata   0x30000b    program   0x000001
                MATH_DATA      udata   0x000000       data   0x000014
                 .tmpdata      udata   0x000014       data   0x000007
                   .stack      udata   0x000d00       data   0x000100
            .idata_main.o      idata   0x000e00       data   0x000018
            .udata_main.o      udata   0x000e18       data   0x00000e
           .udata_c018i.o      udata   0x000e26       data   0x00000a
            .udata_ECAN.o      udata   0x000e30       data   0x000005
             .udata_rtc.o      udata   0x000e35       data   0x000002
           .udata_delay.o      udata   0x000e37       data   0x000002
         .udata_adcopen.o      udata   0x000e39       data   0x000000
         .idata_adcopen.o      idata   0x000e39       data   0x000000
          .udata_read_B.o      udata   0x000e39       data   0x000000
          .idata_read_B.o      idata   0x000e39       data   0x000000
         .udata_write_B.o      udata   0x000e39       data   0x000000
         .idata_write_B.o      idata   0x000e39       data   0x000000
          .udata___init.o      udata   0x000e39       data   0x000000
          .idata___init.o      idata   0x000e39       data   0x000000
         .udata_sprintf.o      udata   0x000e39       data   0x000000
         .idata_sprintf.o      idata   0x000e39       data   0x000000
        .udata_vfprintf.o      udata   0x000e39       data   0x000000
        .idata_vfprintf.o      idata   0x000e39       data   0x000000
        .udata_fxd3232u.o      udata   0x000e39       data   0x000000
        .idata_fxd3232u.o      idata   0x000e39       data   0x000000
         .udata_fxm3232.o      udata   0x000e39       data   0x000000
         .idata_fxm3232.o      idata   0x000e39       data   0x000000
            .udata_putc.o      udata   0x000e39       data   0x000000
            .idata_putc.o      idata   0x000e39       data   0x000000
      .udata__user_putc.o      udata   0x000e39       data   0x000000
      .idata__user_putc.o      idata   0x000e39       data   0x000000
           .idata_c018i.o      idata   0x000e39       data   0x000000
           .idata_delay.o      idata   0x000e39       data   0x000000
             .udata_led.o      udata   0x000e39       data   0x000000
             .idata_led.o      idata   0x000e39       data   0x000000
            .udata_sseg.o      udata   0x000e39       data   0x000000
            .idata_sseg.o      idata   0x000e39       data   0x000000
            .idata_ECAN.o      idata   0x000e39       data   0x000000
         .udata_recdata.o      udata   0x000e39       data   0x000000
         .idata_recdata.o      idata   0x000e39       data   0x000000
            .udata_inti.o      udata   0x000e39       data   0x000000
            .idata_inti.o      idata   0x000e39       data   0x000000
             .idata_rtc.o      idata   0x000e39       data   0x000000
         .udata_setting.o      udata   0x000e39       data   0x000000
         .idata_setting.o      idata   0x000e39       data   0x000000
        .udata_adcclose.o      udata   0x000e39       data   0x000000
        .idata_adcclose.o      idata   0x000e39       data   0x000000
        .udata_fxd1616u.o      udata   0x000e39       data   0x000000
        .idata_fxd1616u.o      idata   0x000e39       data   0x000000
              SFR_BANKED0      udata   0x000e41       data   0x0000bf
              SFR_BANKED1      udata   0x000f00       data   0x000040
              SFR_BANKED2      udata   0x000f46       data   0x00001a
            SFR_UNBANKED0      udata   0x000f60       data   0x0000a0



                              Program Memory Usage 
                               Start         End      
                           ---------   ---------      
                            0x000000    0x00494a      
                            0x00494c    0x00496b      
                            0x300000    0x300000      
                            0x300008    0x300009      
                            0x30000b    0x30000b      
            18799 out of 66584 program addresses used, program memory utilization is 28%



                              Symbols - Sorted by Name
                     Name    Address   Location    Storage File                     
                ---------  ---------  ---------  --------- ---------                
                 CloseADC   0x00494c    program     extern C:\MCC18\src\pmc_common\ADC\adcclose.c
             ECAN_Receive   0x0041e6    program     extern C:\Documents and Settings\varun\Desktop\l_l_l controller code 2-5-12\src\ECAN.c
            ECAN_Transmit   0x0042cc    program     extern C:\Documents and Settings\varun\Desktop\l_l_l controller code 2-5-12\src\ECAN.c
                 FXD1616U   0x004892    program     extern C:\MCC18\src\traditional\math\fxd1616u.c
                 FXD3232U   0x00484a    program     extern C:\MCC18\src\traditional\math\fxd3232u.c
                 FXM1616S   0x0044e6    program     extern C:\MCC18\src\traditional\math\fxm1616s.asm
                 FXM1616U   0x004540    program     extern C:\MCC18\src\traditional\math\fxm1616u.asm
                  FXM3232   0x004600    program     extern C:\MCC18\src\traditional\math\fxm3232.c
                   I2CAck   0x0037b6    program     extern C:\Documents and Settings\varun\Desktop\l_l_l controller code 2-5-12\src\rtc.c
                  I2CInit   0x00377a    program     extern C:\Documents and Settings\varun\Desktop\l_l_l controller code 2-5-12\src\rtc.c
                   I2CNak   0x0037d0    program     extern C:\Documents and Settings\varun\Desktop\l_l_l controller code 2-5-12\src\rtc.c
                  I2CRead   0x00382a    program     extern C:\Documents and Settings\varun\Desktop\l_l_l controller code 2-5-12\src\rtc.c
               I2CRestart   0x003792    program     extern C:\Documents and Settings\varun\Desktop\l_l_l controller code 2-5-12\src\rtc.c
                  I2CSend   0x0037de    program     extern C:\Documents and Settings\varun\Desktop\l_l_l controller code 2-5-12\src\rtc.c
                 I2CStart   0x003784    program     extern C:\Documents and Settings\varun\Desktop\l_l_l controller code 2-5-12\src\rtc.c
                  I2CStop   0x0037a4    program     extern C:\Documents and Settings\varun\Desktop\l_l_l controller code 2-5-12\src\rtc.c
               InitDevice   0x0043a0    program     extern C:\Documents and Settings\varun\Desktop\l_l_l controller code 2-5-12\src\inti.c
                 InitECAN   0x004182    program     extern C:\Documents and Settings\varun\Desktop\l_l_l controller code 2-5-12\src\ECAN.c
      InterruptHandlerLow   0x000104    program     extern C:\Documents and Settings\varun\Desktop\l_l_l controller code 2-5-12\src\main.c
       InterruptVectorLow   0x000008    program     extern C:\Documents and Settings\varun\Desktop\l_l_l controller code 2-5-12\src\main.c
                  OpenADC   0x004736    program     extern C:\MCC18\src\pmc_common\ADC\adcopen.c
               Read_b_eep   0x004796    program     extern C:\MCC18\src\pmc_common\EEP\read_B.c
               TSIGN1616A   0x004532    program     static C:\MCC18\src\traditional\math\fxm1616s.asm
              Write_b_eep   0x0046d6    program     extern C:\MCC18\src\pmc_common\EEP\write_B.c
                   _2jEnd   0x0046c0    program     static C:\MCC18\src\traditional\stdclib\slenpgm.asm
       ___return_lbl00000   0x0047e6    program     static                          
       ___return_lbl00000   0x000004    program     static                          
       ___return_lbl00000   0x00466e    program     static                          
       ___return_lbl00000   0x0048bc    program     static                          
       ___return_lbl00000   0x004890    program     static                          
       ___return_lbl00001   0x00491c    program     static                          
       ___return_lbl00002   0x0044e4    program     static                          
       ___return_lbl00008   0x00000c    program     static                          
               __config_0   0x300000    program     static C:\Documents and Settings\varun\Desktop\l_l_l controller code 2-5-12\src\main.c
               __config_1   0x300008    program     static C:\Documents and Settings\varun\Desktop\l_l_l controller code 2-5-12\src\main.c
               __config_2   0x300009    program     static C:\Documents and Settings\varun\Desktop\l_l_l controller code 2-5-12\src\main.c
               __config_3   0x30000b    program     static C:\Documents and Settings\varun\Desktop\l_l_l controller code 2-5-12\src\main.c
                   __init   0x004952    program     extern C:\MCC18\src\traditional\stdclib\__init.c
                   __pa_0   0x001d4c    program     static C:\MCC18\src\traditional\stdclib\vfprintf.c
                   __pa_1   0x001d54    program     static C:\MCC18\src\traditional\stdclib\vfprintf.c
                  __pa_10   0x001e08    program     static C:\MCC18\src\traditional\stdclib\vfprintf.c
                  __pa_11   0x001e16    program     static C:\MCC18\src\traditional\stdclib\vfprintf.c
                  __pa_12   0x001e2c    program     static C:\MCC18\src\traditional\stdclib\vfprintf.c
                  __pa_13   0x001e46    program     static C:\MCC18\src\traditional\stdclib\vfprintf.c
                  __pa_14   0x001e5e    program     static C:\MCC18\src\traditional\stdclib\vfprintf.c
                  __pa_15   0x001e6e    program     static C:\MCC18\src\traditional\stdclib\vfprintf.c
                  __pa_16   0x001e84    program     static C:\MCC18\src\traditional\stdclib\vfprintf.c
                  __pa_17   0x001e96    program     static C:\MCC18\src\traditional\stdclib\vfprintf.c
                  __pa_18   0x001ea8    program     static C:\MCC18\src\traditional\stdclib\vfprintf.c
                  __pa_19   0x001eb2    program     static C:\MCC18\src\traditional\stdclib\vfprintf.c
                   __pa_2   0x001d5e    program     static C:\MCC18\src\traditional\stdclib\vfprintf.c
                  __pa_20   0x001ec2    program     static C:\MCC18\src\traditional\stdclib\vfprintf.c
                  __pa_21   0x001ed2    program     static C:\MCC18\src\traditional\stdclib\vfprintf.c
                  __pa_22   0x001ee2    program     static C:\MCC18\src\traditional\stdclib\vfprintf.c
                  __pa_23   0x001eee    program     static C:\MCC18\src\traditional\stdclib\vfprintf.c
                  __pa_24   0x001efc    program     static C:\MCC18\src\traditional\stdclib\vfprintf.c
                  __pa_25   0x001f04    program     static C:\MCC18\src\traditional\stdclib\vfprintf.c
                  __pa_26   0x001f0e    program     static C:\MCC18\src\traditional\stdclib\vfprintf.c
                  __pa_27   0x001f18    program     static C:\MCC18\src\traditional\stdclib\vfprintf.c
                  __pa_28   0x001f20    program     static C:\MCC18\src\traditional\stdclib\vfprintf.c
                  __pa_29   0x001f2e    program     static C:\MCC18\src\traditional\stdclib\vfprintf.c
                   __pa_3   0x001d68    program     static C:\MCC18\src\traditional\stdclib\vfprintf.c
                  __pa_30   0x001f4a    program     static C:\MCC18\src\traditional\stdclib\vfprintf.c
                  __pa_31   0x001f64    program     static C:\MCC18\src\traditional\stdclib\vfprintf.c
                  __pa_32   0x001f7e    program     static C:\MCC18\src\traditional\stdclib\vfprintf.c
                  __pa_33   0x001f96    program     static C:\MCC18\src\traditional\stdclib\vfprintf.c
                  __pa_34   0x001fa0    program     static C:\MCC18\src\traditional\stdclib\vfprintf.c
                  __pa_35   0x001fae    program     static C:\MCC18\src\traditional\stdclib\vfprintf.c
                  __pa_36   0x001fb6    program     static C:\MCC18\src\traditional\stdclib\vfprintf.c
                  __pa_37   0x001fc0    program     static C:\MCC18\src\traditional\stdclib\vfprintf.c
                  __pa_38   0x001fd0    program     static C:\MCC18\src\traditional\stdclib\vfprintf.c
                  __pa_39   0x001fde    program     static C:\MCC18\src\traditional\stdclib\vfprintf.c
                   __pa_4   0x001d80    program     static C:\MCC18\src\traditional\stdclib\vfprintf.c
                  __pa_40   0x001fea    program     static C:\MCC18\src\traditional\stdclib\vfprintf.c
                  __pa_41   0x001ff6    program     static C:\MCC18\src\traditional\stdclib\vfprintf.c
                  __pa_42   0x001ffe    program     static C:\MCC18\src\traditional\stdclib\vfprintf.c
                  __pa_43   0x002008    program     static C:\MCC18\src\traditional\stdclib\vfprintf.c
                  __pa_44   0x00200e    program     static C:\MCC18\src\traditional\stdclib\vfprintf.c
                  __pa_45   0x002018    program     static C:\MCC18\src\traditional\stdclib\vfprintf.c
                  __pa_46   0x002024    program     static C:\MCC18\src\traditional\stdclib\vfprintf.c
                   __pa_5   0x001d94    program     static C:\MCC18\src\traditional\stdclib\vfprintf.c
                   __pa_6   0x001db0    program     static C:\MCC18\src\traditional\stdclib\vfprintf.c
                   __pa_7   0x001dba    program     static C:\MCC18\src\traditional\stdclib\vfprintf.c
                   __pa_8   0x001dc6    program     static C:\MCC18\src\traditional\stdclib\vfprintf.c
                   __pa_9   0x001de8    program     static C:\MCC18\src\traditional\stdclib\vfprintf.c
               __string_0   0x004802    program     static C:\Documents and Settings\varun\Desktop\l_l_l controller code 2-5-12\src\main.c
               __string_0   0x004844    program     static C:\Documents and Settings\varun\Desktop\l_l_l controller code 2-5-12\src\setting.c
               __string_1   0x0047fc    program     static C:\Documents and Settings\varun\Desktop\l_l_l controller code 2-5-12\src\main.c
               __string_1   0x00483e    program     static C:\Documents and Settings\varun\Desktop\l_l_l controller code 2-5-12\src\setting.c
              __string_10   0x004808    program     static C:\Documents and Settings\varun\Desktop\l_l_l controller code 2-5-12\src\setting.c
               __string_2   0x0047f2    program     static C:\Documents and Settings\varun\Desktop\l_l_l controller code 2-5-12\src\main.c
               __string_2   0x004838    program     static C:\Documents and Settings\varun\Desktop\l_l_l controller code 2-5-12\src\setting.c
               __string_3   0x004832    program     static C:\Documents and Settings\varun\Desktop\l_l_l controller code 2-5-12\src\setting.c
               __string_4   0x00482c    program     static C:\Documents and Settings\varun\Desktop\l_l_l controller code 2-5-12\src\setting.c
               __string_5   0x004826    program     static C:\Documents and Settings\varun\Desktop\l_l_l controller code 2-5-12\src\setting.c
               __string_6   0x004820    program     static C:\Documents and Settings\varun\Desktop\l_l_l controller code 2-5-12\src\setting.c
               __string_7   0x00481a    program     static C:\Documents and Settings\varun\Desktop\l_l_l controller code 2-5-12\src\setting.c
               __string_8   0x004814    program     static C:\Documents and Settings\varun\Desktop\l_l_l controller code 2-5-12\src\setting.c
               __string_9   0x00480d    program     static C:\Documents and Settings\varun\Desktop\l_l_l controller code 2-5-12\src\setting.c
              __tmplbl_29   0x00211c    program     static                          
              __tmplbl_42   0x001ee2    program     static                          
              __tmplbl_43   0x001d2a    program     static                          
              __tmplbl_44   0x000492    program     static                          
              __tmplbl_44   0x001d10    program     static                          
              __tmplbl_46   0x000492    program     static                          
              __tmplbl_50   0x000492    program     static                          
              __tmplbl_85   0x001462    program     static                          
            __zero_memory   0x0048e2    program     extern C:\MCC18\src\traditional\proc\p18F46K80.asm
                _do_cinit   0x004448    program     extern C:\MCC18\src\traditional\startup\c018i.c
                   _entry   0x000000    program     extern C:\MCC18\src\traditional\startup\c018i.c
                   _false   0x00488c    program     static                          
                 _startup   0x004902    program     extern C:\MCC18\src\traditional\startup\c018i.c
              _usart_putc   0x00491e    program     extern C:\MCC18\src\pmc_common\USART\_usartpc.asm
               _user_putc   0x000006    program     extern C:\MCC18\src\traditional\stdclib\_user_putc.c
                      all   0x004078    program     extern C:\Documents and Settings\varun\Desktop\l_l_l controller code 2-5-12\src\led.c
                   center   0x003e4c    program     extern C:\Documents and Settings\varun\Desktop\l_l_l controller code 2-5-12\src\led.c
              center_down   0x003f24    program     extern C:\Documents and Settings\varun\Desktop\l_l_l controller code 2-5-12\src\led.c
                compare_l   0x0048f8    program     static C:\MCC18\src\traditional\proc\p18F46K80.asm
                copy_loop   0x0044ba    program     static                          
            copy_one_byte   0x0044c0    program     static                          
                       d4   0x003746    program     extern C:\Documents and Settings\varun\Desktop\l_l_l controller code 2-5-12\src\rtc.c
                    delay   0x002a3c    program     extern C:\Documents and Settings\varun\Desktop\l_l_l controller code 2-5-12\src\sseg.c
                     done   0x0044e4    program     static                          
             done_copying   0x0044ce    program     static                          
                     down   0x003fd8    program     extern C:\Documents and Settings\varun\Desktop\l_l_l controller code 2-5-12\src\led.c
                  endloop   0x0048b8    program     static                          
                  i2cinit   0x0038ba    program     extern C:\Documents and Settings\varun\Desktop\l_l_l controller code 2-5-12\src\rtc.c
                  i2ctime   0x0039cc    program     extern C:\Documents and Settings\varun\Desktop\l_l_l controller code 2-5-12\src\rtc.c
                  isdigit   0x0048be    program     extern C:\MCC18\src\traditional\stdclib\isdigit.asm
                     jEnd   0x00468a    program     static C:\MCC18\src\traditional\stdclib\strlen.asm
                     jEnd   0x0046c2    program     static C:\MCC18\src\traditional\stdclib\slenpgm.asm
                    jLoop   0x0046aa    program     static C:\MCC18\src\traditional\stdclib\slenpgm.asm
                    jLoop   0x004680    program     static C:\MCC18\src\traditional\stdclib\strlen.asm
                   jMatch   0x0048de    program     static C:\MCC18\src\traditional\stdclib\isdigit.asm
                 jNoMatch   0x0048e0    program     static C:\MCC18\src\traditional\stdclib\isdigit.asm
                     loop   0x00492e    program     static C:\MCC18\src\pmc_common\USART\_usartpc.asm
                     loop   0x00489c    program     static                          
                     loop   0x004912    program     static                          
                     loop   0x004858    program     static                          
                   loop_h   0x0048f0    program     static C:\MCC18\src\traditional\proc\p18F46K80.asm
                   loop_l   0x0048fa    program     static C:\MCC18\src\traditional\proc\p18F46K80.asm
                     main   0x000448    program     extern C:\Documents and Settings\varun\Desktop\l_l_l controller code 2-5-12\src\main.c
                   manual   0x000066    program     extern C:\Documents and Settings\varun\Desktop\l_l_l controller code 2-5-12\src\main.c
                  max7219   0x002dc8    program     extern C:\Documents and Settings\varun\Desktop\l_l_l controller code 2-5-12\src\sseg.c
                     powi   0x003054    program     extern C:\Documents and Settings\varun\Desktop\l_l_l controller code 2-5-12\src\sseg.c
                     putc   0x00457c    program     extern C:\MCC18\src\traditional\stdclib\putc.c
                 read_mem   0x00394e    program     extern C:\Documents and Settings\varun\Desktop\l_l_l controller code 2-5-12\src\rtc.c
                 rec_data   0x003126    program     extern C:\Documents and Settings\varun\Desktop\l_l_l controller code 2-5-12\src\recdata.c
                 s_digits   0x00493a    program     static C:\MCC18\src\traditional\stdclib\vfprintf.c
            s_put_n_chars   0x00140c    program     static C:\MCC18\src\traditional\stdclib\vfprintf.c
                     sett   0x00202e    program     extern C:\Documents and Settings\varun\Desktop\l_l_l controller code 2-5-12\src\setting.c
                  sprintf   0x0042f4    program     extern C:\MCC18\src\traditional\stdclib\sprintf.c
                       ss   0x002c6a    program     extern C:\Documents and Settings\varun\Desktop\l_l_l controller code 2-5-12\src\sseg.c
                    sslib   0x002aca    program     extern C:\Documents and Settings\varun\Desktop\l_l_l controller code 2-5-12\src\sseg.c
                  stopval   0x00001c    program     extern C:\Documents and Settings\varun\Desktop\l_l_l controller code 2-5-12\src\main.c
                   strlen   0x004670    program     extern C:\MCC18\src\traditional\stdclib\strlen.asm
                strlenpgm   0x00468c    program     extern C:\MCC18\src\traditional\stdclib\slenpgm.asm
                     test   0x004462    program     static                          
                  tle_off   0x0030dc    program     extern C:\Documents and Settings\varun\Desktop\l_l_l controller code 2-5-12\src\recdata.c
                       up   0x003cf0    program     extern C:\Documents and Settings\varun\Desktop\l_l_l controller code 2-5-12\src\led.c
                up_center   0x003d8e    program     extern C:\Documents and Settings\varun\Desktop\l_l_l controller code 2-5-12\src\led.c
                 vfprintf   0x001438    program     extern C:\MCC18\src\traditional\stdclib\vfprintf.c
                write_mem   0x003992    program     extern C:\Documents and Settings\varun\Desktop\l_l_l controller code 2-5-12\src\rtc.c
               zero_block   0x0048f0    program     static C:\MCC18\src\traditional\proc\p18F46K80.asm
                   ADCON0   0x000fc2       data     extern C:\MCC18\src\traditional\proc\p18F46K80.asm
               ADCON0bits   0x000fc2       data     extern C:\MCC18\src\traditional\proc\p18F46K80.asm
                   ADCON1   0x000fc1       data     extern C:\MCC18\src\traditional\proc\p18F46K80.asm
               ADCON1bits   0x000fc1       data     extern C:\MCC18\src\traditional\proc\p18F46K80.asm
                   ADCON2   0x000fc0       data     extern C:\MCC18\src\traditional\proc\p18F46K80.asm
               ADCON2bits   0x000fc0       data     extern C:\MCC18\src\traditional\proc\p18F46K80.asm
                ADCResult   0x000e11       data     extern C:\Documents and Settings\varun\Desktop\l_l_l controller code 2-5-12\src\main.c
                    ADRES   0x000fc3       data     extern C:\MCC18\src\traditional\proc\p18F46K80.asm
                   ADRESH   0x000fc4       data     extern C:\MCC18\src\traditional\proc\p18F46K80.asm
                   ADRESL   0x000fc3       data     extern C:\MCC18\src\traditional\proc\p18F46K80.asm
                   ANCON0   0x000f5d       data     extern C:\MCC18\src\traditional\proc\p18F46K80.asm
               ANCON0bits   0x000f5d       data     extern C:\MCC18\src\traditional\proc\p18F46K80.asm
                   ANCON1   0x000f5c       data     extern C:\MCC18\src\traditional\proc\p18F46K80.asm
               ANCON1bits   0x000f5c       data     extern C:\MCC18\src\traditional\proc\p18F46K80.asm
                    B0CON   0x000e80       data     extern C:\MCC18\src\traditional\proc\p18F46K80.asm
                B0CONbits   0x000e80       data     extern C:\MCC18\src\traditional\proc\p18F46K80.asm
                     B0D0   0x000e86       data     extern C:\MCC18\src\traditional\proc\p18F46K80.asm
                 B0D0bits   0x000e86       data     extern C:\MCC18\src\traditional\proc\p18F46K80.asm
                     B0D1   0x000e87       data     extern C:\MCC18\src\traditional\proc\p18F46K80.asm
                 B0D1bits   0x000e87       data     extern C:\MCC18\src\traditional\proc\p18F46K80.asm
                     B0D2   0x000e88       data     extern C:\MCC18\src\traditional\proc\p18F46K80.asm
                 B0D2bits   0x000e88       data     extern C:\MCC18\src\traditional\proc\p18F46K80.asm
                     B0D3   0x000e89       data     extern C:\MCC18\src\traditional\proc\p18F46K80.asm
                 B0D3bits   0x000e89       data     extern C:\MCC18\src\traditional\proc\p18F46K80.asm
                     B0D4   0x000e8a       data     extern C:\MCC18\src\traditional\proc\p18F46K80.asm
                 B0D4bits   0x000e8a       data     extern C:\MCC18\src\traditional\proc\p18F46K80.asm
                     B0D5   0x000e8b       data     extern C:\MCC18\src\traditional\proc\p18F46K80.asm
                 B0D5bits   0x000e8b       data     extern C:\MCC18\src\traditional\proc\p18F46K80.asm
                     B0D6   0x000e8c       data     extern C:\MCC18\src\traditional\proc\p18F46K80.asm
                 B0D6bits   0x000e8c       data     extern C:\MCC18\src\traditional\proc\p18F46K80.asm
                     B0D7   0x000e8d       data     extern C:\MCC18\src\traditional\proc\p18F46K80.asm
                 B0D7bits   0x000e8d       data     extern C:\MCC18\src\traditional\proc\p18F46K80.asm
                    B0DLC   0x000e85       data     extern C:\MCC18\src\traditional\proc\p18F46K80.asm
                B0DLCbits   0x000e85       data     extern C:\MCC18\src\traditional\proc\p18F46K80.asm
                   B0EIDH   0x000e83       data     extern C:\MCC18\src\traditional\proc\p18F46K80.asm
               B0EIDHbits   0x000e83       data     extern C:\MCC18\src\traditional\proc\p18F46K80.asm
                   B0EIDL   0x000e84       data     extern C:\MCC18\src\traditional\proc\p18F46K80.asm
               B0EIDLbits   0x000e84       data     extern C:\MCC18\src\traditional\proc\p18F46K80.asm
                   B0SIDH   0x000e81       data     extern C:\MCC18\src\traditional\proc\p18F46K80.asm
               B0SIDHbits   0x000e81       data     extern C:\MCC18\src\traditional\proc\p18F46K80.asm
                   B0SIDL   0x000e82       data     extern C:\MCC18\src\traditional\proc\p18F46K80.asm
               B0SIDLbits   0x000e82       data     extern C:\MCC18\src\traditional\proc\p18F46K80.asm
                    B1CON   0x000e90       data     extern C:\MCC18\src\traditional\proc\p18F46K80.asm
                B1CONbits   0x000e90       data     extern C:\MCC18\src\traditional\proc\p18F46K80.asm
                     B1D0   0x000e96       data     extern C:\MCC18\src\traditional\proc\p18F46K80.asm
                 B1D0bits   0x000e96       data     extern C:\MCC18\src\traditional\proc\p18F46K80.asm
                     B1D1   0x000e97       data     extern C:\MCC18\src\traditional\proc\p18F46K80.asm
                 B1D1bits   0x000e97       data     extern C:\MCC18\src\traditional\proc\p18F46K80.asm
                     B1D2   0x000e98       data     extern C:\MCC18\src\traditional\proc\p18F46K80.asm
                 B1D2bits   0x000e98       data     extern C:\MCC18\src\traditional\proc\p18F46K80.asm
                     B1D3   0x000e99       data     extern C:\MCC18\src\traditional\proc\p18F46K80.asm
                 B1D3bits   0x000e99       data     extern C:\MCC18\src\traditional\proc\p18F46K80.asm
                     B1D4   0x000e9a       data     extern C:\MCC18\src\traditional\proc\p18F46K80.asm
                 B1D4bits   0x000e9a       data     extern C:\MCC18\src\traditional\proc\p18F46K80.asm
                     B1D5   0x000e9b       data     extern C:\MCC18\src\traditional\proc\p18F46K80.asm
                 B1D5bits   0x000e9b       data     extern C:\MCC18\src\traditional\proc\p18F46K80.asm
                     B1D6   0x000e9c       data     extern C:\MCC18\src\traditional\proc\p18F46K80.asm
                 B1D6bits   0x000e9c       data     extern C:\MCC18\src\traditional\proc\p18F46K80.asm
                     B1D7   0x000e9d       data     extern C:\MCC18\src\traditional\proc\p18F46K80.asm
                 B1D7bits   0x000e9d       data     extern C:\MCC18\src\traditional\proc\p18F46K80.asm
                    B1DLC   0x000e95       data     extern C:\MCC18\src\traditional\proc\p18F46K80.asm
                B1DLCbits   0x000e95       data     extern C:\MCC18\src\traditional\proc\p18F46K80.asm
                   B1EIDH   0x000e93       data     extern C:\MCC18\src\traditional\proc\p18F46K80.asm
               B1EIDHbits   0x000e93       data     extern C:\MCC18\src\traditional\proc\p18F46K80.asm
                   B1EIDL   0x000e94       data     extern C:\MCC18\src\traditional\proc\p18F46K80.asm
               B1EIDLbits   0x000e94       data     extern C:\MCC18\src\traditional\proc\p18F46K80.asm
                   B1SIDH   0x000e91       data     extern C:\MCC18\src\traditional\proc\p18F46K80.asm
               B1SIDHbits   0x000e91       data     extern C:\MCC18\src\traditional\proc\p18F46K80.asm
                   B1SIDL   0x000e92       data     extern C:\MCC18\src\traditional\proc\p18F46K80.asm
               B1SIDLbits   0x000e92       data     extern C:\MCC18\src\traditional\proc\p18F46K80.asm
                    B2CON   0x000ea0       data     extern C:\MCC18\src\traditional\proc\p18F46K80.asm
                B2CONbits   0x000ea0       data     extern C:\MCC18\src\traditional\proc\p18F46K80.asm
                     B2D0   0x000ea6       data     extern C:\MCC18\src\traditional\proc\p18F46K80.asm
                 B2D0bits   0x000ea6       data     extern C:\MCC18\src\traditional\proc\p18F46K80.asm
                     B2D1   0x000ea7       data     extern C:\MCC18\src\traditional\proc\p18F46K80.asm
                 B2D1bits   0x000ea7       data     extern C:\MCC18\src\traditional\proc\p18F46K80.asm
                     B2D2   0x000ea8       data     extern C:\MCC18\src\traditional\proc\p18F46K80.asm
                 B2D2bits   0x000ea8       data     extern C:\MCC18\src\traditional\proc\p18F46K80.asm
                     B2D3   0x000ea9       data     extern C:\MCC18\src\traditional\proc\p18F46K80.asm
                 B2D3bits   0x000ea9       data     extern C:\MCC18\src\traditional\proc\p18F46K80.asm
                     B2D4   0x000eaa       data     extern C:\MCC18\src\traditional\proc\p18F46K80.asm
                 B2D4bits   0x000eaa       data     extern C:\MCC18\src\traditional\proc\p18F46K80.asm
                     B2D5   0x000eab       data     extern C:\MCC18\src\traditional\proc\p18F46K80.asm
                 B2D5bits   0x000eab       data     extern C:\MCC18\src\traditional\proc\p18F46K80.asm
                     B2D6   0x000eac       data     extern C:\MCC18\src\traditional\proc\p18F46K80.asm
                 B2D6bits   0x000eac       data     extern C:\MCC18\src\traditional\proc\p18F46K80.asm
                     B2D7   0x000ead       data     extern C:\MCC18\src\traditional\proc\p18F46K80.asm
                 B2D7bits   0x000ead       data     extern C:\MCC18\src\traditional\proc\p18F46K80.asm
                    B2DLC   0x000ea5       data     extern C:\MCC18\src\traditional\proc\p18F46K80.asm
                B2DLCbits   0x000ea5       data     extern C:\MCC18\src\traditional\proc\p18F46K80.asm
                   B2EIDH   0x000ea3       data     extern C:\MCC18\src\traditional\proc\p18F46K80.asm
               B2EIDHbits   0x000ea3       data     extern C:\MCC18\src\traditional\proc\p18F46K80.asm
                   B2EIDL   0x000ea4       data     extern C:\MCC18\src\traditional\proc\p18F46K80.asm
               B2EIDLbits   0x000ea4       data     extern C:\MCC18\src\traditional\proc\p18F46K80.asm
                   B2SIDH   0x000ea1       data     extern C:\MCC18\src\traditional\proc\p18F46K80.asm
               B2SIDHbits   0x000ea1       data     extern C:\MCC18\src\traditional\proc\p18F46K80.asm
                   B2SIDL   0x000ea2       data     extern C:\MCC18\src\traditional\proc\p18F46K80.asm
               B2SIDLbits   0x000ea2       data     extern C:\MCC18\src\traditional\proc\p18F46K80.asm
                    B3CON   0x000eb0       data     extern C:\MCC18\src\traditional\proc\p18F46K80.asm
                B3CONbits   0x000eb0       data     extern C:\MCC18\src\traditional\proc\p18F46K80.asm
                     B3D0   0x000eb6       data     extern C:\MCC18\src\traditional\proc\p18F46K80.asm
                 B3D0bits   0x000eb6       data     extern C:\MCC18\src\traditional\proc\p18F46K80.asm
                     B3D1   0x000eb7       data     extern C:\MCC18\src\traditional\proc\p18F46K80.asm
                 B3D1bits   0x000eb7       data     extern C:\MCC18\src\traditional\proc\p18F46K80.asm
                     B3D2   0x000eb8       data     extern C:\MCC18\src\traditional\proc\p18F46K80.asm
                 B3D2bits   0x000eb8       data     extern C:\MCC18\src\traditional\proc\p18F46K80.asm
                     B3D3   0x000eb9       data     extern C:\MCC18\src\traditional\proc\p18F46K80.asm
                 B3D3bits   0x000eb9       data     extern C:\MCC18\src\traditional\proc\p18F46K80.asm
                     B3D4   0x000eba       data     extern C:\MCC18\src\traditional\proc\p18F46K80.asm
                 B3D4bits   0x000eba       data     extern C:\MCC18\src\traditional\proc\p18F46K80.asm
                     B3D5   0x000ebb       data     extern C:\MCC18\src\traditional\proc\p18F46K80.asm
                 B3D5bits   0x000ebb       data     extern C:\MCC18\src\traditional\proc\p18F46K80.asm
                     B3D6   0x000ebc       data     extern C:\MCC18\src\traditional\proc\p18F46K80.asm
                 B3D6bits   0x000ebc       data     extern C:\MCC18\src\traditional\proc\p18F46K80.asm
                     B3D7   0x000ebd       data     extern C:\MCC18\src\traditional\proc\p18F46K80.asm
                 B3D7bits   0x000ebd       data     extern C:\MCC18\src\traditional\proc\p18F46K80.asm
                    B3DLC   0x000eb5       data     extern C:\MCC18\src\traditional\proc\p18F46K80.asm
                B3DLCbits   0x000eb5       data     extern C:\MCC18\src\traditional\proc\p18F46K80.asm
                   B3EIDH   0x000eb3       data     extern C:\MCC18\src\traditional\proc\p18F46K80.asm
               B3EIDHbits   0x000eb3       data     extern C:\MCC18\src\traditional\proc\p18F46K80.asm
                   B3EIDL   0x000eb4       data     extern C:\MCC18\src\traditional\proc\p18F46K80.asm
               B3EIDLbits   0x000eb4       data     extern C:\MCC18\src\traditional\proc\p18F46K80.asm
                   B3SIDH   0x000eb1       data     extern C:\MCC18\src\traditional\proc\p18F46K80.asm
               B3SIDHbits   0x000eb1       data     extern C:\MCC18\src\traditional\proc\p18F46K80.asm
                   B3SIDL   0x000eb2       data     extern C:\MCC18\src\traditional\proc\p18F46K80.asm
               B3SIDLbits   0x000eb2       data     extern C:\MCC18\src\traditional\proc\p18F46K80.asm
                    B4CON   0x000ec0       data     extern C:\MCC18\src\traditional\proc\p18F46K80.asm
                B4CONbits   0x000ec0       data     extern C:\MCC18\src\traditional\proc\p18F46K80.asm
                     B4D0   0x000ec6       data     extern C:\MCC18\src\traditional\proc\p18F46K80.asm
                 B4D0bits   0x000ec6       data     extern C:\MCC18\src\traditional\proc\p18F46K80.asm
                     B4D1   0x000ec7       data     extern C:\MCC18\src\traditional\proc\p18F46K80.asm
                 B4D1bits   0x000ec7       data     extern C:\MCC18\src\traditional\proc\p18F46K80.asm
                     B4D2   0x000ec8       data     extern C:\MCC18\src\traditional\proc\p18F46K80.asm
                 B4D2bits   0x000ec8       data     extern C:\MCC18\src\traditional\proc\p18F46K80.asm
                     B4D3   0x000ec9       data     extern C:\MCC18\src\traditional\proc\p18F46K80.asm
                 B4D3bits   0x000ec9       data     extern C:\MCC18\src\traditional\proc\p18F46K80.asm
                     B4D4   0x000eca       data     extern C:\MCC18\src\traditional\proc\p18F46K80.asm
                 B4D4bits   0x000eca       data     extern C:\MCC18\src\traditional\proc\p18F46K80.asm
                     B4D5   0x000ecb       data     extern C:\MCC18\src\traditional\proc\p18F46K80.asm
                 B4D5bits   0x000ecb       data     extern C:\MCC18\src\traditional\proc\p18F46K80.asm
                     B4D6   0x000ecc       data     extern C:\MCC18\src\traditional\proc\p18F46K80.asm
                 B4D6bits   0x000ecc       data     extern C:\MCC18\src\traditional\proc\p18F46K80.asm
                     B4D7   0x000ecd       data     extern C:\MCC18\src\traditional\proc\p18F46K80.asm
                 B4D7bits   0x000ecd       data     extern C:\MCC18\src\traditional\proc\p18F46K80.asm
                    B4DLC   0x000ec5       data     extern C:\MCC18\src\traditional\proc\p18F46K80.asm
                B4DLCbits   0x000ec5       data     extern C:\MCC18\src\traditional\proc\p18F46K80.asm
                   B4EIDH   0x000ec3       data     extern C:\MCC18\src\traditional\proc\p18F46K80.asm
               B4EIDHbits   0x000ec3       data     extern C:\MCC18\src\traditional\proc\p18F46K80.asm
                   B4EIDL   0x000ec4       data     extern C:\MCC18\src\traditional\proc\p18F46K80.asm
               B4EIDLbits   0x000ec4       data     extern C:\MCC18\src\traditional\proc\p18F46K80.asm
                   B4SIDH   0x000ec1       data     extern C:\MCC18\src\traditional\proc\p18F46K80.asm
               B4SIDHbits   0x000ec1       data     extern C:\MCC18\src\traditional\proc\p18F46K80.asm
                   B4SIDL   0x000ec2       data     extern C:\MCC18\src\traditional\proc\p18F46K80.asm
               B4SIDLbits   0x000ec2       data     extern C:\MCC18\src\traditional\proc\p18F46K80.asm
                    B5CON   0x000ed0       data     extern C:\MCC18\src\traditional\proc\p18F46K80.asm
                B5CONbits   0x000ed0       data     extern C:\MCC18\src\traditional\proc\p18F46K80.asm
                     B5D0   0x000ed6       data     extern C:\MCC18\src\traditional\proc\p18F46K80.asm
                 B5D0bits   0x000ed6       data     extern C:\MCC18\src\traditional\proc\p18F46K80.asm
                     B5D1   0x000ed7       data     extern C:\MCC18\src\traditional\proc\p18F46K80.asm
                 B5D1bits   0x000ed7       data     extern C:\MCC18\src\traditional\proc\p18F46K80.asm
                     B5D2   0x000ed8       data     extern C:\MCC18\src\traditional\proc\p18F46K80.asm
                 B5D2bits   0x000ed8       data     extern C:\MCC18\src\traditional\proc\p18F46K80.asm
                     B5D3   0x000ed9       data     extern C:\MCC18\src\traditional\proc\p18F46K80.asm
                 B5D3bits   0x000ed9       data     extern C:\MCC18\src\traditional\proc\p18F46K80.asm
                     B5D4   0x000eda       data     extern C:\MCC18\src\traditional\proc\p18F46K80.asm
                 B5D4bits   0x000eda       data     extern C:\MCC18\src\traditional\proc\p18F46K80.asm
                     B5D5   0x000edb       data     extern C:\MCC18\src\traditional\proc\p18F46K80.asm
                 B5D5bits   0x000edb       data     extern C:\MCC18\src\traditional\proc\p18F46K80.asm
                     B5D6   0x000edc       data     extern C:\MCC18\src\traditional\proc\p18F46K80.asm
                 B5D6bits   0x000edc       data     extern C:\MCC18\src\traditional\proc\p18F46K80.asm
                     B5D7   0x000edd       data     extern C:\MCC18\src\traditional\proc\p18F46K80.asm
                 B5D7bits   0x000edd       data     extern C:\MCC18\src\traditional\proc\p18F46K80.asm
                    B5DLC   0x000ed5       data     extern C:\MCC18\src\traditional\proc\p18F46K80.asm
                B5DLCbits   0x000ed5       data     extern C:\MCC18\src\traditional\proc\p18F46K80.asm
                   B5EIDH   0x000ed3       data     extern C:\MCC18\src\traditional\proc\p18F46K80.asm
               B5EIDHbits   0x000ed3       data     extern C:\MCC18\src\traditional\proc\p18F46K80.asm
                   B5EIDL   0x000ed4       data     extern C:\MCC18\src\traditional\proc\p18F46K80.asm
               B5EIDLbits   0x000ed4       data     extern C:\MCC18\src\traditional\proc\p18F46K80.asm
                   B5SIDH   0x000ed1       data     extern C:\MCC18\src\traditional\proc\p18F46K80.asm
               B5SIDHbits   0x000ed1       data     extern C:\MCC18\src\traditional\proc\p18F46K80.asm
                   B5SIDL   0x000ed2       data     extern C:\MCC18\src\traditional\proc\p18F46K80.asm
               B5SIDLbits   0x000ed2       data     extern C:\MCC18\src\traditional\proc\p18F46K80.asm
                 BAUDCON1   0x000fa7       data     extern C:\MCC18\src\traditional\proc\p18F46K80.asm
             BAUDCON1bits   0x000fa7       data     extern C:\MCC18\src\traditional\proc\p18F46K80.asm
                 BAUDCON2   0x000fb9       data     extern C:\MCC18\src\traditional\proc\p18F46K80.asm
             BAUDCON2bits   0x000fb9       data     extern C:\MCC18\src\traditional\proc\p18F46K80.asm
                     BIE0   0x000e7e       data     extern C:\MCC18\src\traditional\proc\p18F46K80.asm
                 BIE0bits   0x000e7e       data     extern C:\MCC18\src\traditional\proc\p18F46K80.asm
                  BRGCON1   0x000e43       data     extern C:\MCC18\src\traditional\proc\p18F46K80.asm
              BRGCON1bits   0x000e43       data     extern C:\MCC18\src\traditional\proc\p18F46K80.asm
                  BRGCON2   0x000e44       data     extern C:\MCC18\src\traditional\proc\p18F46K80.asm
              BRGCON2bits   0x000e44       data     extern C:\MCC18\src\traditional\proc\p18F46K80.asm
                  BRGCON3   0x000e45       data     extern C:\MCC18\src\traditional\proc\p18F46K80.asm
              BRGCON3bits   0x000e45       data     extern C:\MCC18\src\traditional\proc\p18F46K80.asm
                    BSEL0   0x000e7d       data     extern C:\MCC18\src\traditional\proc\p18F46K80.asm
                BSEL0bits   0x000e7d       data     extern C:\MCC18\src\traditional\proc\p18F46K80.asm
                      BSR   0x000fe0       data     extern C:\MCC18\src\traditional\proc\p18F46K80.asm
                  BSRbits   0x000fe0       data     extern C:\MCC18\src\traditional\proc\p18F46K80.asm
                   CANCON   0x000f6f       data     extern C:\MCC18\src\traditional\proc\p18F46K80.asm
               CANCON_RO0   0x000f3f       data     extern C:\MCC18\src\traditional\proc\p18F46K80.asm
           CANCON_RO0bits   0x000f3f       data     extern C:\MCC18\src\traditional\proc\p18F46K80.asm
               CANCON_RO1   0x000f2f       data     extern C:\MCC18\src\traditional\proc\p18F46K80.asm
           CANCON_RO1bits   0x000f2f       data     extern C:\MCC18\src\traditional\proc\p18F46K80.asm
               CANCON_RO2   0x000f1f       data     extern C:\MCC18\src\traditional\proc\p18F46K80.asm
           CANCON_RO2bits   0x000f1f       data     extern C:\MCC18\src\traditional\proc\p18F46K80.asm
               CANCON_RO3   0x000f0f       data     extern C:\MCC18\src\traditional\proc\p18F46K80.asm
           CANCON_RO3bits   0x000f0f       data     extern C:\MCC18\src\traditional\proc\p18F46K80.asm
               CANCON_RO4   0x000edf       data     extern C:\MCC18\src\traditional\proc\p18F46K80.asm
           CANCON_RO4bits   0x000edf       data     extern C:\MCC18\src\traditional\proc\p18F46K80.asm
               CANCON_RO5   0x000ecf       data     extern C:\MCC18\src\traditional\proc\p18F46K80.asm
           CANCON_RO5bits   0x000ecf       data     extern C:\MCC18\src\traditional\proc\p18F46K80.asm
               CANCON_RO6   0x000ebf       data     extern C:\MCC18\src\traditional\proc\p18F46K80.asm
           CANCON_RO6bits   0x000ebf       data     extern C:\MCC18\src\traditional\proc\p18F46K80.asm
               CANCON_RO7   0x000eaf       data     extern C:\MCC18\src\traditional\proc\p18F46K80.asm
           CANCON_RO7bits   0x000eaf       data     extern C:\MCC18\src\traditional\proc\p18F46K80.asm
               CANCON_RO8   0x000e9f       data     extern C:\MCC18\src\traditional\proc\p18F46K80.asm
           CANCON_RO8bits   0x000e9f       data     extern C:\MCC18\src\traditional\proc\p18F46K80.asm
               CANCON_RO9   0x000e8f       data     extern C:\MCC18\src\traditional\proc\p18F46K80.asm
           CANCON_RO9bits   0x000e8f       data     extern C:\MCC18\src\traditional\proc\p18F46K80.asm
               CANCONbits   0x000f6f       data     extern C:\MCC18\src\traditional\proc\p18F46K80.asm
                  CANSTAT   0x000f6e       data     extern C:\MCC18\src\traditional\proc\p18F46K80.asm
              CANSTAT_RO0   0x000f3e       data     extern C:\MCC18\src\traditional\proc\p18F46K80.asm
          CANSTAT_RO0bits   0x000f3e       data     extern C:\MCC18\src\traditional\proc\p18F46K80.asm
              CANSTAT_RO1   0x000f2e       data     extern C:\MCC18\src\traditional\proc\p18F46K80.asm
          CANSTAT_RO1bits   0x000f2e       data     extern C:\MCC18\src\traditional\proc\p18F46K80.asm
              CANSTAT_RO2   0x000f1e       data     extern C:\MCC18\src\traditional\proc\p18F46K80.asm
          CANSTAT_RO2bits   0x000f1e       data     extern C:\MCC18\src\traditional\proc\p18F46K80.asm
              CANSTAT_RO3   0x000f0e       data     extern C:\MCC18\src\traditional\proc\p18F46K80.asm
          CANSTAT_RO3bits   0x000f0e       data     extern C:\MCC18\src\traditional\proc\p18F46K80.asm
              CANSTAT_RO4   0x000ede       data     extern C:\MCC18\src\traditional\proc\p18F46K80.asm
          CANSTAT_RO4bits   0x000ede       data     extern C:\MCC18\src\traditional\proc\p18F46K80.asm
              CANSTAT_RO5   0x000ece       data     extern C:\MCC18\src\traditional\proc\p18F46K80.asm
          CANSTAT_RO5bits   0x000ece       data     extern C:\MCC18\src\traditional\proc\p18F46K80.asm
              CANSTAT_RO6   0x000ebe       data     extern C:\MCC18\src\traditional\proc\p18F46K80.asm
          CANSTAT_RO6bits   0x000ebe       data     extern C:\MCC18\src\traditional\proc\p18F46K80.asm
              CANSTAT_RO7   0x000eae       data     extern C:\MCC18\src\traditional\proc\p18F46K80.asm
          CANSTAT_RO7bits   0x000eae       data     extern C:\MCC18\src\traditional\proc\p18F46K80.asm
              CANSTAT_RO8   0x000e9e       data     extern C:\MCC18\src\traditional\proc\p18F46K80.asm
          CANSTAT_RO8bits   0x000e9e       data     extern C:\MCC18\src\traditional\proc\p18F46K80.asm
              CANSTAT_RO9   0x000e8e       data     extern C:\MCC18\src\traditional\proc\p18F46K80.asm
          CANSTAT_RO9bits   0x000e8e       data     extern C:\MCC18\src\traditional\proc\p18F46K80.asm
              CANSTATbits   0x000f6e       data     extern C:\MCC18\src\traditional\proc\p18F46K80.asm
                  CCP1CON   0x000fbb       data     extern C:\MCC18\src\traditional\proc\p18F46K80.asm
              CCP1CONbits   0x000fbb       data     extern C:\MCC18\src\traditional\proc\p18F46K80.asm
                  CCP2CON   0x000f50       data     extern C:\MCC18\src\traditional\proc\p18F46K80.asm
              CCP2CONbits   0x000f50       data     extern C:\MCC18\src\traditional\proc\p18F46K80.asm
                  CCP3CON   0x000f4d       data     extern C:\MCC18\src\traditional\proc\p18F46K80.asm
              CCP3CONbits   0x000f4d       data     extern C:\MCC18\src\traditional\proc\p18F46K80.asm
                  CCP4CON   0x000f4a       data     extern C:\MCC18\src\traditional\proc\p18F46K80.asm
              CCP4CONbits   0x000f4a       data     extern C:\MCC18\src\traditional\proc\p18F46K80.asm
                  CCP5CON   0x000f47       data     extern C:\MCC18\src\traditional\proc\p18F46K80.asm
              CCP5CONbits   0x000f47       data     extern C:\MCC18\src\traditional\proc\p18F46K80.asm
                    CCPR1   0x000fbc       data     extern C:\MCC18\src\traditional\proc\p18F46K80.asm
                   CCPR1H   0x000fbd       data     extern C:\MCC18\src\traditional\proc\p18F46K80.asm
                   CCPR1L   0x000fbc       data     extern C:\MCC18\src\traditional\proc\p18F46K80.asm
                    CCPR2   0x000f51       data     extern C:\MCC18\src\traditional\proc\p18F46K80.asm
                   CCPR2H   0x000f52       data     extern C:\MCC18\src\traditional\proc\p18F46K80.asm
                   CCPR2L   0x000f51       data     extern C:\MCC18\src\traditional\proc\p18F46K80.asm
                    CCPR3   0x000f4e       data     extern C:\MCC18\src\traditional\proc\p18F46K80.asm
                   CCPR3H   0x000f4f       data     extern C:\MCC18\src\traditional\proc\p18F46K80.asm
                   CCPR3L   0x000f4e       data     extern C:\MCC18\src\traditional\proc\p18F46K80.asm
                    CCPR4   0x000f4b       data     extern C:\MCC18\src\traditional\proc\p18F46K80.asm
                   CCPR4H   0x000f4c       data     extern C:\MCC18\src\traditional\proc\p18F46K80.asm
                   CCPR4L   0x000f4b       data     extern C:\MCC18\src\traditional\proc\p18F46K80.asm
                    CCPR5   0x000f48       data     extern C:\MCC18\src\traditional\proc\p18F46K80.asm
                   CCPR5H   0x000f49       data     extern C:\MCC18\src\traditional\proc\p18F46K80.asm
                   CCPR5L   0x000f48       data     extern C:\MCC18\src\traditional\proc\p18F46K80.asm
                  CCPTMRS   0x000f99       data     extern C:\MCC18\src\traditional\proc\p18F46K80.asm
              CCPTMRSbits   0x000f99       data     extern C:\MCC18\src\traditional\proc\p18F46K80.asm
                   CIOCON   0x000f70       data     extern C:\MCC18\src\traditional\proc\p18F46K80.asm
               CIOCONbits   0x000f70       data     extern C:\MCC18\src\traditional\proc\p18F46K80.asm
                   CM1CON   0x000f5f       data     extern C:\MCC18\src\traditional\proc\p18F46K80.asm
                  CM1CON1   0x000f5f       data     extern C:\MCC18\src\traditional\proc\p18F46K80.asm
              CM1CON1bits   0x000f5f       data     extern C:\MCC18\src\traditional\proc\p18F46K80.asm
               CM1CONbits   0x000f5f       data     extern C:\MCC18\src\traditional\proc\p18F46K80.asm
                   CM2CON   0x000f5e       data     extern C:\MCC18\src\traditional\proc\p18F46K80.asm
                  CM2CON1   0x000f5e       data     extern C:\MCC18\src\traditional\proc\p18F46K80.asm
              CM2CON1bits   0x000f5e       data     extern C:\MCC18\src\traditional\proc\p18F46K80.asm
               CM2CONbits   0x000f5e       data     extern C:\MCC18\src\traditional\proc\p18F46K80.asm
                   CMSTAT   0x000fb4       data     extern C:\MCC18\src\traditional\proc\p18F46K80.asm
                 CMSTATUS   0x000fb4       data     extern C:\MCC18\src\traditional\proc\p18F46K80.asm
             CMSTATUSbits   0x000fb4       data     extern C:\MCC18\src\traditional\proc\p18F46K80.asm
               CMSTATbits   0x000fb4       data     extern C:\MCC18\src\traditional\proc\p18F46K80.asm
                  COMSTAT   0x000f71       data     extern C:\MCC18\src\traditional\proc\p18F46K80.asm
              COMSTATbits   0x000f71       data     extern C:\MCC18\src\traditional\proc\p18F46K80.asm
                 CTMUCONH   0x000f55       data     extern C:\MCC18\src\traditional\proc\p18F46K80.asm
             CTMUCONHbits   0x000f55       data     extern C:\MCC18\src\traditional\proc\p18F46K80.asm
                 CTMUCONL   0x000f54       data     extern C:\MCC18\src\traditional\proc\p18F46K80.asm
             CTMUCONLbits   0x000f54       data     extern C:\MCC18\src\traditional\proc\p18F46K80.asm
                 CTMUICON   0x000f53       data     extern C:\MCC18\src\traditional\proc\p18F46K80.asm
             CTMUICONbits   0x000f53       data     extern C:\MCC18\src\traditional\proc\p18F46K80.asm
                   CVRCON   0x000fb5       data     extern C:\MCC18\src\traditional\proc\p18F46K80.asm
               CVRCONbits   0x000fb5       data     extern C:\MCC18\src\traditional\proc\p18F46K80.asm
                       Da   0x000e35       data     extern C:\Documents and Settings\varun\Desktop\l_l_l controller code 2-5-12\src\rtc.c
                  ECANCON   0x000f72       data     extern C:\MCC18\src\traditional\proc\p18F46K80.asm
              ECANCONbits   0x000f72       data     extern C:\MCC18\src\traditional\proc\p18F46K80.asm
                  ECCP1AS   0x000fbf       data     extern C:\MCC18\src\traditional\proc\p18F46K80.asm
              ECCP1ASbits   0x000fbf       data     extern C:\MCC18\src\traditional\proc\p18F46K80.asm
                 ECCP1CON   0x000fbb       data     extern C:\MCC18\src\traditional\proc\p18F46K80.asm
             ECCP1CONbits   0x000fbb       data     extern C:\MCC18\src\traditional\proc\p18F46K80.asm
                 ECCP1DEL   0x000fbe       data     extern C:\MCC18\src\traditional\proc\p18F46K80.asm
             ECCP1DELbits   0x000fbe       data     extern C:\MCC18\src\traditional\proc\p18F46K80.asm
                 ECCP2CON   0x000f50       data     extern C:\MCC18\src\traditional\proc\p18F46K80.asm
             ECCP2CONbits   0x000f50       data     extern C:\MCC18\src\traditional\proc\p18F46K80.asm
                    EEADR   0x000f74       data     extern C:\MCC18\src\traditional\proc\p18F46K80.asm
                   EEADRH   0x000f75       data     extern C:\MCC18\src\traditional\proc\p18F46K80.asm
                   EECON1   0x000f7f       data     extern C:\MCC18\src\traditional\proc\p18F46K80.asm
               EECON1bits   0x000f7f       data     extern C:\MCC18\src\traditional\proc\p18F46K80.asm
                   EECON2   0x000f7e       data     extern C:\MCC18\src\traditional\proc\p18F46K80.asm
                   EEDATA   0x000f73       data     extern C:\MCC18\src\traditional\proc\p18F46K80.asm
                     FSR0   0x000fe9       data     extern C:\MCC18\src\traditional\proc\p18F46K80.asm
                    FSR0H   0x000fea       data     extern C:\MCC18\src\traditional\proc\p18F46K80.asm
                FSR0Hbits   0x000fea       data     extern C:\MCC18\src\traditional\proc\p18F46K80.asm
                    FSR0L   0x000fe9       data     extern C:\MCC18\src\traditional\proc\p18F46K80.asm
                     FSR1   0x000fe1       data     extern C:\MCC18\src\traditional\proc\p18F46K80.asm
                    FSR1H   0x000fe2       data     extern C:\MCC18\src\traditional\proc\p18F46K80.asm
                FSR1Hbits   0x000fe2       data     extern C:\MCC18\src\traditional\proc\p18F46K80.asm
                    FSR1L   0x000fe1       data     extern C:\MCC18\src\traditional\proc\p18F46K80.asm
                     FSR2   0x000fd9       data     extern C:\MCC18\src\traditional\proc\p18F46K80.asm
                    FSR2H   0x000fda       data     extern C:\MCC18\src\traditional\proc\p18F46K80.asm
                FSR2Hbits   0x000fda       data     extern C:\MCC18\src\traditional\proc\p18F46K80.asm
                    FSR2L   0x000fd9       data     extern C:\MCC18\src\traditional\proc\p18F46K80.asm
                  HLVDCON   0x000fa8       data     extern C:\MCC18\src\traditional\proc\p18F46K80.asm
              HLVDCONbits   0x000fa8       data     extern C:\MCC18\src\traditional\proc\p18F46K80.asm
                    INDF0   0x000fef       data     extern C:\MCC18\src\traditional\proc\p18F46K80.asm
                    INDF1   0x000fe7       data     extern C:\MCC18\src\traditional\proc\p18F46K80.asm
                    INDF2   0x000fdf       data     extern C:\MCC18\src\traditional\proc\p18F46K80.asm
                   INTCON   0x000ff2       data     extern C:\MCC18\src\traditional\proc\p18F46K80.asm
                  INTCON1   0x000ff2       data     extern C:\MCC18\src\traditional\proc\p18F46K80.asm
              INTCON1bits   0x000ff2       data     extern C:\MCC18\src\traditional\proc\p18F46K80.asm
                  INTCON2   0x000ff1       data     extern C:\MCC18\src\traditional\proc\p18F46K80.asm
              INTCON2bits   0x000ff1       data     extern C:\MCC18\src\traditional\proc\p18F46K80.asm
                  INTCON3   0x000ff0       data     extern C:\MCC18\src\traditional\proc\p18F46K80.asm
              INTCON3bits   0x000ff0       data     extern C:\MCC18\src\traditional\proc\p18F46K80.asm
               INTCONbits   0x000ff2       data     extern C:\MCC18\src\traditional\proc\p18F46K80.asm
                     IOCB   0x000f5a       data     extern C:\MCC18\src\traditional\proc\p18F46K80.asm
                 IOCBbits   0x000f5a       data     extern C:\MCC18\src\traditional\proc\p18F46K80.asm
                     IPR1   0x000f9f       data     extern C:\MCC18\src\traditional\proc\p18F46K80.asm
                 IPR1bits   0x000f9f       data     extern C:\MCC18\src\traditional\proc\p18F46K80.asm
                     IPR2   0x000fa2       data     extern C:\MCC18\src\traditional\proc\p18F46K80.asm
                 IPR2bits   0x000fa2       data     extern C:\MCC18\src\traditional\proc\p18F46K80.asm
                     IPR3   0x000fa5       data     extern C:\MCC18\src\traditional\proc\p18F46K80.asm
                 IPR3bits   0x000fa5       data     extern C:\MCC18\src\traditional\proc\p18F46K80.asm
                     IPR4   0x000fb8       data     extern C:\MCC18\src\traditional\proc\p18F46K80.asm
                 IPR4bits   0x000fb8       data     extern C:\MCC18\src\traditional\proc\p18F46K80.asm
                     IPR5   0x000f78       data     extern C:\MCC18\src\traditional\proc\p18F46K80.asm
                 IPR5bits   0x000f78       data     extern C:\MCC18\src\traditional\proc\p18F46K80.asm
                     LATA   0x000f89       data     extern C:\MCC18\src\traditional\proc\p18F46K80.asm
                 LATAbits   0x000f89       data     extern C:\MCC18\src\traditional\proc\p18F46K80.asm
                     LATB   0x000f8a       data     extern C:\MCC18\src\traditional\proc\p18F46K80.asm
                 LATBbits   0x000f8a       data     extern C:\MCC18\src\traditional\proc\p18F46K80.asm
                     LATC   0x000f8b       data     extern C:\MCC18\src\traditional\proc\p18F46K80.asm
                 LATCbits   0x000f8b       data     extern C:\MCC18\src\traditional\proc\p18F46K80.asm
                     LATD   0x000f8c       data     extern C:\MCC18\src\traditional\proc\p18F46K80.asm
                 LATDbits   0x000f8c       data     extern C:\MCC18\src\traditional\proc\p18F46K80.asm
                     LATE   0x000f8d       data     extern C:\MCC18\src\traditional\proc\p18F46K80.asm
                 LATEbits   0x000f8d       data     extern C:\MCC18\src\traditional\proc\p18F46K80.asm
                    MSEL0   0x000e79       data     extern C:\MCC18\src\traditional\proc\p18F46K80.asm
                MSEL0bits   0x000e79       data     extern C:\MCC18\src\traditional\proc\p18F46K80.asm
                    MSEL1   0x000e7a       data     extern C:\MCC18\src\traditional\proc\p18F46K80.asm
                MSEL1bits   0x000e7a       data     extern C:\MCC18\src\traditional\proc\p18F46K80.asm
                    MSEL2   0x000e7b       data     extern C:\MCC18\src\traditional\proc\p18F46K80.asm
                MSEL2bits   0x000e7b       data     extern C:\MCC18\src\traditional\proc\p18F46K80.asm
                    MSEL3   0x000e7c       data     extern C:\MCC18\src\traditional\proc\p18F46K80.asm
                MSEL3bits   0x000e7c       data     extern C:\MCC18\src\traditional\proc\p18F46K80.asm
                    ODCON   0x000f91       data     extern C:\MCC18\src\traditional\proc\p18F46K80.asm
                ODCONbits   0x000f91       data     extern C:\MCC18\src\traditional\proc\p18F46K80.asm
                   OSCCON   0x000fd3       data     extern C:\MCC18\src\traditional\proc\p18F46K80.asm
                  OSCCON2   0x000fd2       data     extern C:\MCC18\src\traditional\proc\p18F46K80.asm
              OSCCON2bits   0x000fd2       data     extern C:\MCC18\src\traditional\proc\p18F46K80.asm
               OSCCONbits   0x000fd3       data     extern C:\MCC18\src\traditional\proc\p18F46K80.asm
                  OSCTUNE   0x000f9b       data     extern C:\MCC18\src\traditional\proc\p18F46K80.asm
              OSCTUNEbits   0x000f9b       data     extern C:\MCC18\src\traditional\proc\p18F46K80.asm
                  PADCFG1   0x000f56       data     extern C:\MCC18\src\traditional\proc\p18F46K80.asm
              PADCFG1bits   0x000f56       data     extern C:\MCC18\src\traditional\proc\p18F46K80.asm
                       PC   0x000ff9       data     extern C:\MCC18\src\traditional\proc\p18F46K80.asm
                      PCL   0x000ff9       data     extern C:\MCC18\src\traditional\proc\p18F46K80.asm
                   PCLATH   0x000ffa       data     extern C:\MCC18\src\traditional\proc\p18F46K80.asm
                   PCLATU   0x000ffb       data     extern C:\MCC18\src\traditional\proc\p18F46K80.asm
               PCLATUbits   0x000ffb       data     extern C:\MCC18\src\traditional\proc\p18F46K80.asm
                     PIE1   0x000f9d       data     extern C:\MCC18\src\traditional\proc\p18F46K80.asm
                 PIE1bits   0x000f9d       data     extern C:\MCC18\src\traditional\proc\p18F46K80.asm
                     PIE2   0x000fa0       data     extern C:\MCC18\src\traditional\proc\p18F46K80.asm
                 PIE2bits   0x000fa0       data     extern C:\MCC18\src\traditional\proc\p18F46K80.asm
                     PIE3   0x000fa3       data     extern C:\MCC18\src\traditional\proc\p18F46K80.asm
                 PIE3bits   0x000fa3       data     extern C:\MCC18\src\traditional\proc\p18F46K80.asm
                     PIE4   0x000fb6       data     extern C:\MCC18\src\traditional\proc\p18F46K80.asm
                 PIE4bits   0x000fb6       data     extern C:\MCC18\src\traditional\proc\p18F46K80.asm
                     PIE5   0x000f76       data     extern C:\MCC18\src\traditional\proc\p18F46K80.asm
                 PIE5bits   0x000f76       data     extern C:\MCC18\src\traditional\proc\p18F46K80.asm
                     PIR1   0x000f9e       data     extern C:\MCC18\src\traditional\proc\p18F46K80.asm
                 PIR1bits   0x000f9e       data     extern C:\MCC18\src\traditional\proc\p18F46K80.asm
                     PIR2   0x000fa1       data     extern C:\MCC18\src\traditional\proc\p18F46K80.asm
                 PIR2bits   0x000fa1       data     extern C:\MCC18\src\traditional\proc\p18F46K80.asm
                     PIR3   0x000fa4       data     extern C:\MCC18\src\traditional\proc\p18F46K80.asm
                 PIR3bits   0x000fa4       data     extern C:\MCC18\src\traditional\proc\p18F46K80.asm
                     PIR4   0x000fb7       data     extern C:\MCC18\src\traditional\proc\p18F46K80.asm
                 PIR4bits   0x000fb7       data     extern C:\MCC18\src\traditional\proc\p18F46K80.asm
                     PIR5   0x000f77       data     extern C:\MCC18\src\traditional\proc\p18F46K80.asm
                 PIR5bits   0x000f77       data     extern C:\MCC18\src\traditional\proc\p18F46K80.asm
                   PLUSW0   0x000feb       data     extern C:\MCC18\src\traditional\proc\p18F46K80.asm
                   PLUSW1   0x000fe3       data     extern C:\MCC18\src\traditional\proc\p18F46K80.asm
                   PLUSW2   0x000fdb       data     extern C:\MCC18\src\traditional\proc\p18F46K80.asm
                     PMD0   0x000f59       data     extern C:\MCC18\src\traditional\proc\p18F46K80.asm
                 PMD0bits   0x000f59       data     extern C:\MCC18\src\traditional\proc\p18F46K80.asm
                     PMD1   0x000f58       data     extern C:\MCC18\src\traditional\proc\p18F46K80.asm
                 PMD1bits   0x000f58       data     extern C:\MCC18\src\traditional\proc\p18F46K80.asm
                     PMD2   0x000f57       data     extern C:\MCC18\src\traditional\proc\p18F46K80.asm
                 PMD2bits   0x000f57       data     extern C:\MCC18\src\traditional\proc\p18F46K80.asm
                    PORTA   0x000f80       data     extern C:\MCC18\src\traditional\proc\p18F46K80.asm
                PORTAbits   0x000f80       data     extern C:\MCC18\src\traditional\proc\p18F46K80.asm
                    PORTB   0x000f81       data     extern C:\MCC18\src\traditional\proc\p18F46K80.asm
                PORTBbits   0x000f81       data     extern C:\MCC18\src\traditional\proc\p18F46K80.asm
                    PORTC   0x000f82       data     extern C:\MCC18\src\traditional\proc\p18F46K80.asm
                PORTCbits   0x000f82       data     extern C:\MCC18\src\traditional\proc\p18F46K80.asm
                    PORTD   0x000f83       data     extern C:\MCC18\src\traditional\proc\p18F46K80.asm
                PORTDbits   0x000f83       data     extern C:\MCC18\src\traditional\proc\p18F46K80.asm
                    PORTE   0x000f84       data     extern C:\MCC18\src\traditional\proc\p18F46K80.asm
                PORTEbits   0x000f84       data     extern C:\MCC18\src\traditional\proc\p18F46K80.asm
                 POSTDEC0   0x000fed       data     extern C:\MCC18\src\traditional\proc\p18F46K80.asm
                 POSTDEC1   0x000fe5       data     extern C:\MCC18\src\traditional\proc\p18F46K80.asm
                 POSTDEC2   0x000fdd       data     extern C:\MCC18\src\traditional\proc\p18F46K80.asm
                 POSTINC0   0x000fee       data     extern C:\MCC18\src\traditional\proc\p18F46K80.asm
                 POSTINC1   0x000fe6       data     extern C:\MCC18\src\traditional\proc\p18F46K80.asm
                 POSTINC2   0x000fde       data     extern C:\MCC18\src\traditional\proc\p18F46K80.asm
                      PR2   0x000fcb       data     extern C:\MCC18\src\traditional\proc\p18F46K80.asm
                      PR4   0x000fa9       data     extern C:\MCC18\src\traditional\proc\p18F46K80.asm
                  PREINC0   0x000fec       data     extern C:\MCC18\src\traditional\proc\p18F46K80.asm
                  PREINC1   0x000fe4       data     extern C:\MCC18\src\traditional\proc\p18F46K80.asm
                  PREINC2   0x000fdc       data     extern C:\MCC18\src\traditional\proc\p18F46K80.asm
                     PROD   0x000ff3       data     extern C:\MCC18\src\traditional\proc\p18F46K80.asm
                    PRODH   0x000ff4       data     extern C:\MCC18\src\traditional\proc\p18F46K80.asm
                    PRODL   0x000ff3       data     extern C:\MCC18\src\traditional\proc\p18F46K80.asm
                   PSPCON   0x000f46       data     extern C:\MCC18\src\traditional\proc\p18F46K80.asm
               PSPCONbits   0x000f46       data     extern C:\MCC18\src\traditional\proc\p18F46K80.asm
                 PSTR1CON   0x000f9c       data     extern C:\MCC18\src\traditional\proc\p18F46K80.asm
             PSTR1CONbits   0x000f9c       data     extern C:\MCC18\src\traditional\proc\p18F46K80.asm
                  PWM1CON   0x000fbe       data     extern C:\MCC18\src\traditional\proc\p18F46K80.asm
              PWM1CONbits   0x000fbe       data     extern C:\MCC18\src\traditional\proc\p18F46K80.asm
                     RCON   0x000fd0       data     extern C:\MCC18\src\traditional\proc\p18F46K80.asm
                 RCONbits   0x000fd0       data     extern C:\MCC18\src\traditional\proc\p18F46K80.asm
                    RCREG   0x000fae       data     extern C:\MCC18\src\traditional\proc\p18F46K80.asm
                   RCREG1   0x000fae       data     extern C:\MCC18\src\traditional\proc\p18F46K80.asm
                   RCREG2   0x000f7a       data     extern C:\MCC18\src\traditional\proc\p18F46K80.asm
                    RCSTA   0x000fab       data     extern C:\MCC18\src\traditional\proc\p18F46K80.asm
                   RCSTA1   0x000fab       data     extern C:\MCC18\src\traditional\proc\p18F46K80.asm
               RCSTA1bits   0x000fab       data     extern C:\MCC18\src\traditional\proc\p18F46K80.asm
                   RCSTA2   0x000fa6       data     extern C:\MCC18\src\traditional\proc\p18F46K80.asm
               RCSTA2bits   0x000fa6       data     extern C:\MCC18\src\traditional\proc\p18F46K80.asm
                RCSTAbits   0x000fab       data     extern C:\MCC18\src\traditional\proc\p18F46K80.asm
                  REFOCON   0x000f9a       data     extern C:\MCC18\src\traditional\proc\p18F46K80.asm
              REFOCONbits   0x000f9a       data     extern C:\MCC18\src\traditional\proc\p18F46K80.asm
                  RXB0CON   0x000f60       data     extern C:\MCC18\src\traditional\proc\p18F46K80.asm
              RXB0CONbits   0x000f60       data     extern C:\MCC18\src\traditional\proc\p18F46K80.asm
                   RXB0D0   0x000f66       data     extern C:\MCC18\src\traditional\proc\p18F46K80.asm
               RXB0D0bits   0x000f66       data     extern C:\MCC18\src\traditional\proc\p18F46K80.asm
                   RXB0D1   0x000f67       data     extern C:\MCC18\src\traditional\proc\p18F46K80.asm
               RXB0D1bits   0x000f67       data     extern C:\MCC18\src\traditional\proc\p18F46K80.asm
                   RXB0D2   0x000f68       data     extern C:\MCC18\src\traditional\proc\p18F46K80.asm
               RXB0D2bits   0x000f68       data     extern C:\MCC18\src\traditional\proc\p18F46K80.asm
                   RXB0D3   0x000f69       data     extern C:\MCC18\src\traditional\proc\p18F46K80.asm
               RXB0D3bits   0x000f69       data     extern C:\MCC18\src\traditional\proc\p18F46K80.asm
                   RXB0D4   0x000f6a       data     extern C:\MCC18\src\traditional\proc\p18F46K80.asm
               RXB0D4bits   0x000f6a       data     extern C:\MCC18\src\traditional\proc\p18F46K80.asm
                   RXB0D5   0x000f6b       data     extern C:\MCC18\src\traditional\proc\p18F46K80.asm
               RXB0D5bits   0x000f6b       data     extern C:\MCC18\src\traditional\proc\p18F46K80.asm
                   RXB0D6   0x000f6c       data     extern C:\MCC18\src\traditional\proc\p18F46K80.asm
               RXB0D6bits   0x000f6c       data     extern C:\MCC18\src\traditional\proc\p18F46K80.asm
                   RXB0D7   0x000f6d       data     extern C:\MCC18\src\traditional\proc\p18F46K80.asm
               RXB0D7bits   0x000f6d       data     extern C:\MCC18\src\traditional\proc\p18F46K80.asm
                  RXB0DLC   0x000f65       data     extern C:\MCC18\src\traditional\proc\p18F46K80.asm
              RXB0DLCbits   0x000f65       data     extern C:\MCC18\src\traditional\proc\p18F46K80.asm
                 RXB0EIDH   0x000f63       data     extern C:\MCC18\src\traditional\proc\p18F46K80.asm
             RXB0EIDHbits   0x000f63       data     extern C:\MCC18\src\traditional\proc\p18F46K80.asm
                 RXB0EIDL   0x000f64       data     extern C:\MCC18\src\traditional\proc\p18F46K80.asm
             RXB0EIDLbits   0x000f64       data     extern C:\MCC18\src\traditional\proc\p18F46K80.asm
                 RXB0SIDH   0x000f61       data     extern C:\MCC18\src\traditional\proc\p18F46K80.asm
             RXB0SIDHbits   0x000f61       data     extern C:\MCC18\src\traditional\proc\p18F46K80.asm
                 RXB0SIDL   0x000f62       data     extern C:\MCC18\src\traditional\proc\p18F46K80.asm
             RXB0SIDLbits   0x000f62       data     extern C:\MCC18\src\traditional\proc\p18F46K80.asm
                  RXB1CON   0x000f30       data     extern C:\MCC18\src\traditional\proc\p18F46K80.asm
              RXB1CONbits   0x000f30       data     extern C:\MCC18\src\traditional\proc\p18F46K80.asm
                   RXB1D0   0x000f36       data     extern C:\MCC18\src\traditional\proc\p18F46K80.asm
               RXB1D0bits   0x000f36       data     extern C:\MCC18\src\traditional\proc\p18F46K80.asm
                   RXB1D1   0x000f37       data     extern C:\MCC18\src\traditional\proc\p18F46K80.asm
               RXB1D1bits   0x000f37       data     extern C:\MCC18\src\traditional\proc\p18F46K80.asm
                   RXB1D2   0x000f38       data     extern C:\MCC18\src\traditional\proc\p18F46K80.asm
               RXB1D2bits   0x000f38       data     extern C:\MCC18\src\traditional\proc\p18F46K80.asm
                   RXB1D3   0x000f39       data     extern C:\MCC18\src\traditional\proc\p18F46K80.asm
               RXB1D3bits   0x000f39       data     extern C:\MCC18\src\traditional\proc\p18F46K80.asm
                   RXB1D4   0x000f3a       data     extern C:\MCC18\src\traditional\proc\p18F46K80.asm
               RXB1D4bits   0x000f3a       data     extern C:\MCC18\src\traditional\proc\p18F46K80.asm
                   RXB1D5   0x000f3b       data     extern C:\MCC18\src\traditional\proc\p18F46K80.asm
               RXB1D5bits   0x000f3b       data     extern C:\MCC18\src\traditional\proc\p18F46K80.asm
                   RXB1D6   0x000f3c       data     extern C:\MCC18\src\traditional\proc\p18F46K80.asm
               RXB1D6bits   0x000f3c       data     extern C:\MCC18\src\traditional\proc\p18F46K80.asm
                   RXB1D7   0x000f3d       data     extern C:\MCC18\src\traditional\proc\p18F46K80.asm
               RXB1D7bits   0x000f3d       data     extern C:\MCC18\src\traditional\proc\p18F46K80.asm
[...]
                    ODCON   0x000f91       data     extern C:\MCC18\src\traditional\proc\p18F46K80.asm
                TRISAbits   0x000f92       data     extern C:\MCC18\src\traditional\proc\p18F46K80.asm
                    TRISA   0x000f92       data     extern C:\MCC18\src\traditional\proc\p18F46K80.asm
                    TRISB   0x000f93       data     extern C:\MCC18\src\traditional\proc\p18F46K80.asm
                TRISBbits   0x000f93       data     extern C:\MCC18\src\traditional\proc\p18F46K80.asm
                TRISCbits   0x000f94       data     extern C:\MCC18\src\traditional\proc\p18F46K80.asm
                    TRISC   0x000f94       data     extern C:\MCC18\src\traditional\proc\p18F46K80.asm
                TRISDbits   0x000f95       data     extern C:\MCC18\src\traditional\proc\p18F46K80.asm
                    TRISD   0x000f95       data     extern C:\MCC18\src\traditional\proc\p18F46K80.asm
                TRISEbits   0x000f96       data     extern C:\MCC18\src\traditional\proc\p18F46K80.asm
                    TRISE   0x000f96       data     extern C:\MCC18\src\traditional\proc\p18F46K80.asm
              CCPTMRSbits   0x000f99       data     extern C:\MCC18\src\traditional\proc\p18F46K80.asm
                  CCPTMRS   0x000f99       data     extern C:\MCC18\src\traditional\proc\p18F46K80.asm
                  REFOCON   0x000f9a       data     extern C:\MCC18\src\traditional\proc\p18F46K80.asm
              REFOCONbits   0x000f9a       data     extern C:\MCC18\src\traditional\proc\p18F46K80.asm
                  OSCTUNE   0x000f9b       data     extern C:\MCC18\src\traditional\proc\p18F46K80.asm
              OSCTUNEbits   0x000f9b       data     extern C:\MCC18\src\traditional\proc\p18F46K80.asm
                 PSTR1CON   0x000f9c       data     extern C:\MCC18\src\traditional\proc\p18F46K80.asm
             PSTR1CONbits   0x000f9c       data     extern C:\MCC18\src\traditional\proc\p18F46K80.asm
                     PIE1   0x000f9d       data     extern C:\MCC18\src\traditional\proc\p18F46K80.asm
                 PIE1bits   0x000f9d       data     extern C:\MCC18\src\traditional\proc\p18F46K80.asm
                 PIR1bits   0x000f9e       data     extern C:\MCC18\src\traditional\proc\p18F46K80.asm
                     PIR1   0x000f9e       data     extern C:\MCC18\src\traditional\proc\p18F46K80.asm
                 IPR1bits   0x000f9f       data     extern C:\MCC18\src\traditional\proc\p18F46K80.asm
                     IPR1   0x000f9f       data     extern C:\MCC18\src\traditional\proc\p18F46K80.asm
                     PIE2   0x000fa0       data     extern C:\MCC18\src\traditional\proc\p18F46K80.asm
                 PIE2bits   0x000fa0       data     extern C:\MCC18\src\traditional\proc\p18F46K80.asm
                     PIR2   0x000fa1       data     extern C:\MCC18\src\traditional\proc\p18F46K80.asm
                 PIR2bits   0x000fa1       data     extern C:\MCC18\src\traditional\proc\p18F46K80.asm
                 IPR2bits   0x000fa2       data     extern C:\MCC18\src\traditional\proc\p18F46K80.asm
                     IPR2   0x000fa2       data     extern C:\MCC18\src\traditional\proc\p18F46K80.asm
                 PIE3bits   0x000fa3       data     extern C:\MCC18\src\traditional\proc\p18F46K80.asm
                     PIE3   0x000fa3       data     extern C:\MCC18\src\traditional\proc\p18F46K80.asm
                 PIR3bits   0x000fa4       data     extern C:\MCC18\src\traditional\proc\p18F46K80.asm
                     PIR3   0x000fa4       data     extern C:\MCC18\src\traditional\proc\p18F46K80.asm
                 IPR3bits   0x000fa5       data     extern C:\MCC18\src\traditional\proc\p18F46K80.asm
                     IPR3   0x000fa5       data     extern C:\MCC18\src\traditional\proc\p18F46K80.asm
                   RCSTA2   0x000fa6       data     extern C:\MCC18\src\traditional\proc\p18F46K80.asm
               RCSTA2bits   0x000fa6       data     extern C:\MCC18\src\traditional\proc\p18F46K80.asm
                 BAUDCON1   0x000fa7       data     extern C:\MCC18\src\traditional\proc\p18F46K80.asm
             BAUDCON1bits   0x000fa7       data     extern C:\MCC18\src\traditional\proc\p18F46K80.asm
                  HLVDCON   0x000fa8       data     extern C:\MCC18\src\traditional\proc\p18F46K80.asm
              HLVDCONbits   0x000fa8       data     extern C:\MCC18\src\traditional\proc\p18F46K80.asm
                      PR4   0x000fa9       data     extern C:\MCC18\src\traditional\proc\p18F46K80.asm
               T1GCONbits   0x000faa       data     extern C:\MCC18\src\traditional\proc\p18F46K80.asm
                   T1GCON   0x000faa       data     extern C:\MCC18\src\traditional\proc\p18F46K80.asm
               RCSTA1bits   0x000fab       data     extern C:\MCC18\src\traditional\proc\p18F46K80.asm
                   RCSTA1   0x000fab       data     extern C:\MCC18\src\traditional\proc\p18F46K80.asm
                    RCSTA   0x000fab       data     extern C:\MCC18\src\traditional\proc\p18F46K80.asm
                RCSTAbits   0x000fab       data     extern C:\MCC18\src\traditional\proc\p18F46K80.asm
                    TXSTA   0x000fac       data     extern C:\MCC18\src\traditional\proc\p18F46K80.asm
                   TXSTA1   0x000fac       data     extern C:\MCC18\src\traditional\proc\p18F46K80.asm
               TXSTA1bits   0x000fac       data     extern C:\MCC18\src\traditional\proc\p18F46K80.asm
                TXSTAbits   0x000fac       data     extern C:\MCC18\src\traditional\proc\p18F46K80.asm
                    TXREG   0x000fad       data     extern C:\MCC18\src\traditional\proc\p18F46K80.asm
                   TXREG1   0x000fad       data     extern C:\MCC18\src\traditional\proc\p18F46K80.asm
                    RCREG   0x000fae       data     extern C:\MCC18\src\traditional\proc\p18F46K80.asm
                   RCREG1   0x000fae       data     extern C:\MCC18\src\traditional\proc\p18F46K80.asm
                   SPBRG1   0x000faf       data     extern C:\MCC18\src\traditional\proc\p18F46K80.asm
                    SPBRG   0x000faf       data     extern C:\MCC18\src\traditional\proc\p18F46K80.asm
               T3GCONbits   0x000fb0       data     extern C:\MCC18\src\traditional\proc\p18F46K80.asm
                   T3GCON   0x000fb0       data     extern C:\MCC18\src\traditional\proc\p18F46K80.asm
                T3CONbits   0x000fb1       data     extern C:\MCC18\src\traditional\proc\p18F46K80.asm
                    T3CON   0x000fb1       data     extern C:\MCC18\src\traditional\proc\p18F46K80.asm
                    TMR3L   0x000fb2       data     extern C:\MCC18\src\traditional\proc\p18F46K80.asm
                    TMR3H   0x000fb3       data     extern C:\MCC18\src\traditional\proc\p18F46K80.asm
               CMSTATbits   0x000fb4       data     extern C:\MCC18\src\traditional\proc\p18F46K80.asm
             CMSTATUSbits   0x000fb4       data     extern C:\MCC18\src\traditional\proc\p18F46K80.asm
                 CMSTATUS   0x000fb4       data     extern C:\MCC18\src\traditional\proc\p18F46K80.asm
                   CMSTAT   0x000fb4       data     extern C:\MCC18\src\traditional\proc\p18F46K80.asm
               CVRCONbits   0x000fb5       data     extern C:\MCC18\src\traditional\proc\p18F46K80.asm
                   CVRCON   0x000fb5       data     extern C:\MCC18\src\traditional\proc\p18F46K80.asm
                 PIE4bits   0x000fb6       data     extern C:\MCC18\src\traditional\proc\p18F46K80.asm
                     PIE4   0x000fb6       data     extern C:\MCC18\src\traditional\proc\p18F46K80.asm
                     PIR4   0x000fb7       data     extern C:\MCC18\src\traditional\proc\p18F46K80.asm
                 PIR4bits   0x000fb7       data     extern C:\MCC18\src\traditional\proc\p18F46K80.asm
                 IPR4bits   0x000fb8       data     extern C:\MCC18\src\traditional\proc\p18F46K80.asm
                     IPR4   0x000fb8       data     extern C:\MCC18\src\traditional\proc\p18F46K80.asm
             BAUDCON2bits   0x000fb9       data     extern C:\MCC18\src\traditional\proc\p18F46K80.asm
                 BAUDCON2   0x000fb9       data     extern C:\MCC18\src\traditional\proc\p18F46K80.asm
                   TXSTA2   0x000fba       data     extern C:\MCC18\src\traditional\proc\p18F46K80.asm
               TXSTA2bits   0x000fba       data     extern C:\MCC18\src\traditional\proc\p18F46K80.asm
              CCP1CONbits   0x000fbb       data     extern C:\MCC18\src\traditional\proc\p18F46K80.asm
                  CCP1CON   0x000fbb       data     extern C:\MCC18\src\traditional\proc\p18F46K80.asm
             ECCP1CONbits   0x000fbb       data     extern C:\MCC18\src\traditional\proc\p18F46K80.asm
                 ECCP1CON   0x000fbb       data     extern C:\MCC18\src\traditional\proc\p18F46K80.asm
                   CCPR1L   0x000fbc       data     extern C:\MCC18\src\traditional\proc\p18F46K80.asm
                    CCPR1   0x000fbc       data     extern C:\MCC18\src\traditional\proc\p18F46K80.asm
                   CCPR1H   0x000fbd       data     extern C:\MCC18\src\traditional\proc\p18F46K80.asm
                 ECCP1DEL   0x000fbe       data     extern C:\MCC18\src\traditional\proc\p18F46K80.asm
             ECCP1DELbits   0x000fbe       data     extern C:\MCC18\src\traditional\proc\p18F46K80.asm
              PWM1CONbits   0x000fbe       data     extern C:\MCC18\src\traditional\proc\p18F46K80.asm
                  PWM1CON   0x000fbe       data     extern C:\MCC18\src\traditional\proc\p18F46K80.asm
              ECCP1ASbits   0x000fbf       data     extern C:\MCC18\src\traditional\proc\p18F46K80.asm
                  ECCP1AS   0x000fbf       data     extern C:\MCC18\src\traditional\proc\p18F46K80.asm
               ADCON2bits   0x000fc0       data     extern C:\MCC18\src\traditional\proc\p18F46K80.asm
                   ADCON2   0x000fc0       data     extern C:\MCC18\src\traditional\proc\p18F46K80.asm
               ADCON1bits   0x000fc1       data     extern C:\MCC18\src\traditional\proc\p18F46K80.asm
                   ADCON1   0x000fc1       data     extern C:\MCC18\src\traditional\proc\p18F46K80.asm
               ADCON0bits   0x000fc2       data     extern C:\MCC18\src\traditional\proc\p18F46K80.asm
                   ADCON0   0x000fc2       data     extern C:\MCC18\src\traditional\proc\p18F46K80.asm
                   ADRESL   0x000fc3       data     extern C:\MCC18\src\traditional\proc\p18F46K80.asm
                    ADRES   0x000fc3       data     extern C:\MCC18\src\traditional\proc\p18F46K80.asm
                   ADRESH   0x000fc4       data     extern C:\MCC18\src\traditional\proc\p18F46K80.asm
                  SSPCON2   0x000fc5       data     extern C:\MCC18\src\traditional\proc\p18F46K80.asm
              SSPCON2bits   0x000fc5       data     extern C:\MCC18\src\traditional\proc\p18F46K80.asm
                  SSPCON1   0x000fc6       data     extern C:\MCC18\src\traditional\proc\p18F46K80.asm
              SSPCON1bits   0x000fc6       data     extern C:\MCC18\src\traditional\proc\p18F46K80.asm
                  SSPSTAT   0x000fc7       data     extern C:\MCC18\src\traditional\proc\p18F46K80.asm
              SSPSTATbits   0x000fc7       data     extern C:\MCC18\src\traditional\proc\p18F46K80.asm
                   SSPADD   0x000fc8       data     extern C:\MCC18\src\traditional\proc\p18F46K80.asm
               SSPADDbits   0x000fc8       data     extern C:\MCC18\src\traditional\proc\p18F46K80.asm
                   SSPBUF   0x000fc9       data     extern C:\MCC18\src\traditional\proc\p18F46K80.asm
                T2CONbits   0x000fca       data     extern C:\MCC18\src\traditional\proc\p18F46K80.asm
                    T2CON   0x000fca       data     extern C:\MCC18\src\traditional\proc\p18F46K80.asm
                      PR2   0x000fcb       data     extern C:\MCC18\src\traditional\proc\p18F46K80.asm
                     TMR2   0x000fcc       data     extern C:\MCC18\src\traditional\proc\p18F46K80.asm
                T1CONbits   0x000fcd       data     extern C:\MCC18\src\traditional\proc\p18F46K80.asm
                    T1CON   0x000fcd       data     extern C:\MCC18\src\traditional\proc\p18F46K80.asm
                    TMR1L   0x000fce       data     extern C:\MCC18\src\traditional\proc\p18F46K80.asm
                    TMR1H   0x000fcf       data     extern C:\MCC18\src\traditional\proc\p18F46K80.asm
                 RCONbits   0x000fd0       data     extern C:\MCC18\src\traditional\proc\p18F46K80.asm
                     RCON   0x000fd0       data     extern C:\MCC18\src\traditional\proc\p18F46K80.asm
                   WDTCON   0x000fd1       data     extern C:\MCC18\src\traditional\proc\p18F46K80.asm
               WDTCONbits   0x000fd1       data     extern C:\MCC18\src\traditional\proc\p18F46K80.asm
                  OSCCON2   0x000fd2       data     extern C:\MCC18\src\traditional\proc\p18F46K80.asm
              OSCCON2bits   0x000fd2       data     extern C:\MCC18\src\traditional\proc\p18F46K80.asm
                   OSCCON   0x000fd3       data     extern C:\MCC18\src\traditional\proc\p18F46K80.asm
               OSCCONbits   0x000fd3       data     extern C:\MCC18\src\traditional\proc\p18F46K80.asm
                T0CONbits   0x000fd5       data     extern C:\MCC18\src\traditional\proc\p18F46K80.asm
                    T0CON   0x000fd5       data     extern C:\MCC18\src\traditional\proc\p18F46K80.asm
                    TMR0L   0x000fd6       data     extern C:\MCC18\src\traditional\proc\p18F46K80.asm
                    TMR0H   0x000fd7       data     extern C:\MCC18\src\traditional\proc\p18F46K80.asm
               STATUSbits   0x000fd8       data     extern C:\MCC18\src\traditional\proc\p18F46K80.asm
                   STATUS   0x000fd8       data     extern C:\MCC18\src\traditional\proc\p18F46K80.asm
                    FSR2L   0x000fd9       data     extern C:\MCC18\src\traditional\proc\p18F46K80.asm
                     FSR2   0x000fd9       data     extern C:\MCC18\src\traditional\proc\p18F46K80.asm
                FSR2Hbits   0x000fda       data     extern C:\MCC18\src\traditional\proc\p18F46K80.asm
                    FSR2H   0x000fda       data     extern C:\MCC18\src\traditional\proc\p18F46K80.asm
                   PLUSW2   0x000fdb       data     extern C:\MCC18\src\traditional\proc\p18F46K80.asm
                  PREINC2   0x000fdc       data     extern C:\MCC18\src\traditional\proc\p18F46K80.asm
                 POSTDEC2   0x000fdd       data     extern C:\MCC18\src\traditional\proc\p18F46K80.asm
                 POSTINC2   0x000fde       data     extern C:\MCC18\src\traditional\proc\p18F46K80.asm
                    INDF2   0x000fdf       data     extern C:\MCC18\src\traditional\proc\p18F46K80.asm
                  BSRbits   0x000fe0       data     extern C:\MCC18\src\traditional\proc\p18F46K80.asm
                      BSR   0x000fe0       data     extern C:\MCC18\src\traditional\proc\p18F46K80.asm
                     FSR1   0x000fe1       data     extern C:\MCC18\src\traditional\proc\p18F46K80.asm
                    FSR1L   0x000fe1       data     extern C:\MCC18\src\traditional\proc\p18F46K80.asm
                FSR1Hbits   0x000fe2       data     extern C:\MCC18\src\traditional\proc\p18F46K80.asm
                    FSR1H   0x000fe2       data     extern C:\MCC18\src\traditional\proc\p18F46K80.asm
                   PLUSW1   0x000fe3       data     extern C:\MCC18\src\traditional\proc\p18F46K80.asm
                  PREINC1   0x000fe4       data     extern C:\MCC18\src\traditional\proc\p18F46K80.asm
                 POSTDEC1   0x000fe5       data     extern C:\MCC18\src\traditional\proc\p18F46K80.asm
                 POSTINC1   0x000fe6       data     extern C:\MCC18\src\traditional\proc\p18F46K80.asm
                    INDF1   0x000fe7       data     extern C:\MCC18\src\traditional\proc\p18F46K80.asm
                     WREG   0x000fe8       data     extern C:\MCC18\src\traditional\proc\p18F46K80.asm
                     FSR0   0x000fe9       data     extern C:\MCC18\src\traditional\proc\p18F46K80.asm
                    FSR0L   0x000fe9       data     extern C:\MCC18\src\traditional\proc\p18F46K80.asm
                    FSR0H   0x000fea       data     extern C:\MCC18\src\traditional\proc\p18F46K80.asm
                FSR0Hbits   0x000fea       data     extern C:\MCC18\src\traditional\proc\p18F46K80.asm
                   PLUSW0   0x000feb       data     extern C:\MCC18\src\traditional\proc\p18F46K80.asm
                  PREINC0   0x000fec       data     extern C:\MCC18\src\traditional\proc\p18F46K80.asm
                 POSTDEC0   0x000fed       data     extern C:\MCC18\src\traditional\proc\p18F46K80.asm
                 POSTINC0   0x000fee       data     extern C:\MCC18\src\traditional\proc\p18F46K80.asm
                    INDF0   0x000fef       data     extern C:\MCC18\src\traditional\proc\p18F46K80.asm
              INTCON3bits   0x000ff0       data     extern C:\MCC18\src\traditional\proc\p18F46K80.asm
                  INTCON3   0x000ff0       data     extern C:\MCC18\src\traditional\proc\p18F46K80.asm
                  INTCON2   0x000ff1       data     extern C:\MCC18\src\traditional\proc\p18F46K80.asm
              INTCON2bits   0x000ff1       data     extern C:\MCC18\src\traditional\proc\p18F46K80.asm
                   INTCON   0x000ff2       data     extern C:\MCC18\src\traditional\proc\p18F46K80.asm
                  INTCON1   0x000ff2       data     extern C:\MCC18\src\traditional\proc\p18F46K80.asm
              INTCON1bits   0x000ff2       data     extern C:\MCC18\src\traditional\proc\p18F46K80.asm
               INTCONbits   0x000ff2       data     extern C:\MCC18\src\traditional\proc\p18F46K80.asm
                     PROD   0x000ff3       data     extern C:\MCC18\src\traditional\proc\p18F46K80.asm
                    PRODL   0x000ff3       data     extern C:\MCC18\src\traditional\proc\p18F46K80.asm
                    PRODH   0x000ff4       data     extern C:\MCC18\src\traditional\proc\p18F46K80.asm
                   TABLAT   0x000ff5       data     extern C:\MCC18\src\traditional\proc\p18F46K80.asm
                   TBLPTR   0x000ff6       data     extern C:\MCC18\src\traditional\proc\p18F46K80.asm
                  TBLPTRL   0x000ff6       data     extern C:\MCC18\src\traditional\proc\p18F46K80.asm
                  TBLPTRH   0x000ff7       data     extern C:\MCC18\src\traditional\proc\p18F46K80.asm
                  TBLPTRU   0x000ff8       data     extern C:\MCC18\src\traditional\proc\p18F46K80.asm
              TBLPTRUbits   0x000ff8       data     extern C:\MCC18\src\traditional\proc\p18F46K80.asm
                       PC   0x000ff9       data     extern C:\MCC18\src\traditional\proc\p18F46K80.asm
                      PCL   0x000ff9       data     extern C:\MCC18\src\traditional\proc\p18F46K80.asm
                   PCLATH   0x000ffa       data     extern C:\MCC18\src\traditional\proc\p18F46K80.asm
                   PCLATU   0x000ffb       data     extern C:\MCC18\src\traditional\proc\p18F46K80.asm
               PCLATUbits   0x000ffb       data     extern C:\MCC18\src\traditional\proc\p18F46K80.asm
               STKPTRbits   0x000ffc       data     extern C:\MCC18\src\traditional\proc\p18F46K80.asm
                   STKPTR   0x000ffc       data     extern C:\MCC18\src\traditional\proc\p18F46K80.asm
                      TOS   0x000ffd       data     extern C:\MCC18\src\traditional\proc\p18F46K80.asm
                     TOSL   0x000ffd       data     extern C:\MCC18\src\traditional\proc\p18F46K80.asm
                     TOSH   0x000ffe       data     extern C:\MCC18\src\traditional\proc\p18F46K80.asm
                     TOSU   0x000fff       data     extern C:\MCC18\src\traditional\proc\p18F46K80.asm
                 TOSUbits   0x000fff       data     extern C:\MCC18\src\traditional\proc\p18F46K80.asm


