MPLINK 4.46, Linker
Linker Map File - Created Tue Apr 09 16:02:15 2013

                                 Section Info
                  Section       Type    Address   Location Size(Bytes)
                ---------  ---------  ---------  ---------  ---------
               _entry_scn       code   0x000000    program   0x000006
       .code__user_putc.o       code   0x000006    program   0x000002
       InterruptVectorLow       code   0x000008    program   0x000006
                   .cinit    romdata   0x00000e    program   0x00000e
             .code_main.o       code   0x00001c    program   0x0017ee
          .code_setting.o       code   0x00180a    program   0x000cea
         .code_vfprintf.o       code   0x0024f4    program   0x000c22
             .code_sseg.o       code   0x003116    program   0x000692
          .code_recdata.o       code   0x0037a8    program   0x000644
              .code_rtc.o       code   0x003dec    program   0x0005aa
              .code_led.o       code   0x004396    program   0x0004ca
             .code_ECAN.o       code   0x004860    program   0x000172
                     PROG       code   0x0049d2    program   0x0000ca
          .code_sprintf.o       code   0x004a9c    program   0x0000ac
               _cinit_scn       code   0x004b48    program   0x00009e
             .code_putc.o       code   0x004be6    program   0x000084
             .code_inti.o       code   0x004c6a    program   0x000082
          .code_write_B.o       code   0x004cec    program   0x000078
          .code_fxm3232.o       code   0x004d64    program   0x000070
             .stringtable    romdata   0x004dd4    program   0x00006b
      .idata_adcclose.o_i    romdata   0x004e3f    program   0x000000
      .romdata_fxd0808u.o    romdata   0x004e3f    program   0x000000
      .idata_fxd1616u.o_i    romdata   0x004e3f    program   0x000000
           .romdata_rtc.o    romdata   0x004e3f    program   0x000000
        .idata_read_B.o_i    romdata   0x004e3f    program   0x000000
        .romdata_read_B.o    romdata   0x004e3f    program   0x000000
       .romdata_write_B.o    romdata   0x004e3f    program   0x000000
        .idata___init.o_i    romdata   0x004e3f    program   0x000000
       .idata_sprintf.o_i    romdata   0x004e3f    program   0x000000
       .romdata_sprintf.o    romdata   0x004e3f    program   0x000000
      .idata_vfprintf.o_i    romdata   0x004e3f    program   0x000000
      .romdata_fxd3232u.o    romdata   0x004e3f    program   0x000000
       .idata_fxm3232.o_i    romdata   0x004e3f    program   0x000000
    .romdata__user_putc.o    romdata   0x004e3f    program   0x000000
          .romdata_main.o    romdata   0x004e3f    program   0x000000
           .idata_led.o_i    romdata   0x004e3f    program   0x000000
         .idata_delay.o_i    romdata   0x004e3f    program   0x000000
          .romdata_ECAN.o    romdata   0x004e3f    program   0x000000
           .idata_rtc.o_i    romdata   0x004e3f    program   0x000000
          .romdata_inti.o    romdata   0x004e3f    program   0x000000
         .romdata_c018i.o    romdata   0x004e3f    program   0x000000
                   STRING       code   0x004e40    program   0x000066
            .code_delay.o       code   0x004e40    program   0x000000
           .code_read_B.o       code   0x004ea6    program   0x00005c
         .code_fxd3232u.o       code   0x004f02    program   0x000048
         .code_fxd1616u.o       code   0x004f4a    program   0x00002c
                    CTYPE       code   0x004f76    program   0x000024
                    .code       code   0x004f9a    program   0x000020
             _startup_scn       code   0x004fba    program   0x00001c
                    STDIO       code   0x004fd6    program   0x00001c
         .code_fxd0808u.o       code   0x004ff2    program   0x00001c
      .romdata_vfprintf.o    romdata   0x00500e    program   0x000011
           .romdata_led.o    romdata   0x00501f    program   0x000000
      .idata_fxd3232u.o_i    romdata   0x00501f    program   0x000000
         .romdata_delay.o    romdata   0x00501f    program   0x000000
       .romdata_fxm3232.o    romdata   0x00501f    program   0x000000
         .idata_c018i.o_i    romdata   0x00501f    program   0x000000
          .idata_putc.o_i    romdata   0x00501f    program   0x000000
          .romdata_putc.o    romdata   0x00501f    program   0x000000
    .idata__user_putc.o_i    romdata   0x00501f    program   0x000000
       .idata_setting.o_i    romdata   0x00501f    program   0x000000
       .romdata_setting.o    romdata   0x00501f    program   0x000000
          .idata_inti.o_i    romdata   0x00501f    program   0x000000
       .romdata_recdata.o    romdata   0x00501f    program   0x000000
      .romdata_adcclose.o    romdata   0x00501f    program   0x000000
       .idata_recdata.o_i    romdata   0x00501f    program   0x000000
      .idata_fxd0808u.o_i    romdata   0x00501f    program   0x000000
          .idata_ECAN.o_i    romdata   0x00501f    program   0x000000
      .romdata_fxd1616u.o    romdata   0x00501f    program   0x000000
          .romdata_sseg.o    romdata   0x00501f    program   0x000000
          .idata_sseg.o_i    romdata   0x00501f    program   0x000000
       .idata_write_B.o_i    romdata   0x00501f    program   0x000000
        .romdata___init.o    romdata   0x00501f    program   0x000000
         .code_adcclose.o       code   0x005020    program   0x000006
            .code_c018i.o       code   0x005020    program   0x000000
           .code___init.o       code   0x005026    program   0x000002
          .idata_main.o_i    romdata   0x005028    program   0x00001c
    .config_300000_main.o    romdata   0x300000    program   0x000001
    .config_300008_main.o    romdata   0x300008    program   0x000001
    .config_300009_main.o    romdata   0x300009    program   0x000001
    .config_30000b_main.o    romdata   0x30000b    program   0x000001
                MATH_DATA      udata   0x000000       data   0x000014
                 .tmpdata      udata   0x000014       data   0x000007
                   .stack      udata   0x000d00       data   0x000100
            .idata_main.o      idata   0x000e00       data   0x00001c
            .udata_main.o      udata   0x000e1c       data   0x00000e
           .udata_c018i.o      udata   0x000e2a       data   0x00000a
            .udata_ECAN.o      udata   0x000e34       data   0x000005
             .udata_rtc.o      udata   0x000e39       data   0x000002
           .udata_delay.o      udata   0x000e3b       data   0x000002
        .udata_fxd1616u.o      udata   0x000e3d       data   0x000000
        .idata_fxd1616u.o      idata   0x000e3d       data   0x000000
          .udata_read_B.o      udata   0x000e3d       data   0x000000
          .idata_read_B.o      idata   0x000e3d       data   0x000000
         .udata_write_B.o      udata   0x000e3d       data   0x000000
         .idata_write_B.o      idata   0x000e3d       data   0x000000
          .udata___init.o      udata   0x000e3d       data   0x000000
          .idata___init.o      idata   0x000e3d       data   0x000000
         .udata_sprintf.o      udata   0x000e3d       data   0x000000
         .idata_sprintf.o      idata   0x000e3d       data   0x000000
        .udata_vfprintf.o      udata   0x000e3d       data   0x000000
        .idata_vfprintf.o      idata   0x000e3d       data   0x000000
        .udata_fxd3232u.o      udata   0x000e3d       data   0x000000
        .idata_fxd3232u.o      idata   0x000e3d       data   0x000000
         .udata_fxm3232.o      udata   0x000e3d       data   0x000000
         .idata_fxm3232.o      idata   0x000e3d       data   0x000000
            .udata_putc.o      udata   0x000e3d       data   0x000000
            .idata_putc.o      idata   0x000e3d       data   0x000000
      .udata__user_putc.o      udata   0x000e3d       data   0x000000
      .idata__user_putc.o      idata   0x000e3d       data   0x000000
           .idata_c018i.o      idata   0x000e3d       data   0x000000
           .idata_delay.o      idata   0x000e3d       data   0x000000
             .udata_led.o      udata   0x000e3d       data   0x000000
             .idata_led.o      idata   0x000e3d       data   0x000000
            .udata_sseg.o      udata   0x000e3d       data   0x000000
            .idata_sseg.o      idata   0x000e3d       data   0x000000
            .idata_ECAN.o      idata   0x000e3d       data   0x000000
         .udata_recdata.o      udata   0x000e3d       data   0x000000
         .idata_recdata.o      idata   0x000e3d       data   0x000000
            .udata_inti.o      udata   0x000e3d       data   0x000000
            .idata_inti.o      idata   0x000e3d       data   0x000000
             .idata_rtc.o      idata   0x000e3d       data   0x000000
         .udata_setting.o      udata   0x000e3d       data   0x000000
         .idata_setting.o      idata   0x000e3d       data   0x000000
        .udata_adcclose.o      udata   0x000e3d       data   0x000000
        .idata_adcclose.o      idata   0x000e3d       data   0x000000
        .udata_fxd0808u.o      udata   0x000e3d       data   0x000000
        .idata_fxd0808u.o      idata   0x000e3d       data   0x000000
              SFR_BANKED0      udata   0x000e41       data   0x0000bf
              SFR_BANKED1      udata   0x000f00       data   0x000040
              SFR_BANKED2      udata   0x000f46       data   0x00001a
            SFR_UNBANKED0      udata   0x000f60       data   0x0000a0



                              Program Memory Usage 
                               Start         End      
                           ---------   ---------      
                            0x000000    0x004e3e      
                            0x004e40    0x00501e      
                            0x005020    0x005043      
                            0x300000    0x300000      
                            0x300008    0x300009      
                            0x30000b    0x30000b      
            20550 out of 66584 program addresses used, program memory utilization is 30%



                              Symbols - Sorted by Name
                     Name    Address   Location    Storage File                     
                ---------  ---------  ---------  --------- ---------                
                 CloseADC   0x005020    program     extern E:\3.45\pic18-lt\cxx-framework\src\pmc_common\ADC\adcclose.c
                   D0808S   0x0049e8    program     static E:\3.45\pic18-lt\cxx-framework\src\traditional\math\fxd0808s.asm
                D0808SNEG   0x0049f6    program     static E:\3.45\pic18-lt\cxx-framework\src\traditional\math\fxd0808s.asm
                 D0808SOK   0x0049f2    program     static E:\3.45\pic18-lt\cxx-framework\src\traditional\math\fxd0808s.asm
                  D0808SX   0x0049fc    program     static E:\3.45\pic18-lt\cxx-framework\src\traditional\math\fxd0808s.asm
                  DA0808S   0x0049de    program     static E:\3.45\pic18-lt\cxx-framework\src\traditional\math\fxd0808s.asm
             ECAN_Receive   0x0048c4    program     extern E:\zine programs\l_l_l controller all\June 2012\l_l_l controller code 23-6-12\src\ECAN.c
            ECAN_Transmit   0x0049aa    program     extern E:\zine programs\l_l_l controller all\June 2012\l_l_l controller code 23-6-12\src\ECAN.c
                 FXD0808S   0x0049d2    program     extern E:\3.45\pic18-lt\cxx-framework\src\traditional\math\fxd0808s.asm
                 FXD0808U   0x004ff2    program     extern E:\3.45\pic18-lt\cxx-framework\src\traditional\math\fxd0808u.c
                 FXD1616U   0x004f4a    program     extern E:\3.45\pic18-lt\cxx-framework\src\traditional\math\fxd1616u.c
                 FXD3232U   0x004f02    program     extern E:\3.45\pic18-lt\cxx-framework\src\traditional\math\fxd3232u.c
                 FXM1616S   0x004a06    program     extern E:\3.45\pic18-lt\cxx-framework\src\traditional\math\fxm1616s.asm
                 FXM1616U   0x004a60    program     extern E:\3.45\pic18-lt\cxx-framework\src\traditional\math\fxm1616u.asm
                  FXM3232   0x004d64    program     extern E:\3.45\pic18-lt\cxx-framework\src\traditional\math\fxm3232.c
                   I2CAck   0x003e5c    program     extern E:\zine programs\l_l_l controller all\June 2012\l_l_l controller code 23-6-12\src\rtc.c
                  I2CInit   0x003e20    program     extern E:\zine programs\l_l_l controller all\June 2012\l_l_l controller code 23-6-12\src\rtc.c
                   I2CNak   0x003e76    program     extern E:\zine programs\l_l_l controller all\June 2012\l_l_l controller code 23-6-12\src\rtc.c
                  I2CRead   0x003ed0    program     extern E:\zine programs\l_l_l controller all\June 2012\l_l_l controller code 23-6-12\src\rtc.c
               I2CRestart   0x003e38    program     extern E:\zine programs\l_l_l controller all\June 2012\l_l_l controller code 23-6-12\src\rtc.c
                  I2CSend   0x003e84    program     extern E:\zine programs\l_l_l controller all\June 2012\l_l_l controller code 23-6-12\src\rtc.c
                 I2CStart   0x003e2a    program     extern E:\zine programs\l_l_l controller all\June 2012\l_l_l controller code 23-6-12\src\rtc.c
                  I2CStop   0x003e4a    program     extern E:\zine programs\l_l_l controller all\June 2012\l_l_l controller code 23-6-12\src\rtc.c
               InitDevice   0x004c6a    program     extern E:\zine programs\l_l_l controller all\June 2012\l_l_l controller code 23-6-12\src\inti.c
                 InitECAN   0x004860    program     extern E:\zine programs\l_l_l controller all\June 2012\l_l_l controller code 23-6-12\src\ECAN.c
      InterruptHandlerLow   0x0000f8    program     extern E:\zine programs\l_l_l controller all\June 2012\l_l_l controller code 23-6-12\src\main.c
       InterruptVectorLow   0x000008    program     extern E:\zine programs\l_l_l controller all\June 2012\l_l_l controller code 23-6-12\src\main.c
               Read_b_eep   0x004ea6    program     extern E:\3.45\pic18-lt\cxx-framework\src\pmc_common\EEP\read_B.c
               TSIGN1616A   0x004a52    program     static E:\3.45\pic18-lt\cxx-framework\src\traditional\math\fxm1616s.asm
              Write_b_eep   0x004cec    program     extern E:\3.45\pic18-lt\cxx-framework\src\pmc_common\EEP\write_B.c
                   _2jEnd   0x004e90    program     static E:\3.45\pic18-lt\cxx-framework\src\traditional\stdclib\slenpgm.asm
         ___else_lbl00056   0x00053e    program     static                          
         ___else_lbl00094   0x000f06    program     static                          
         ___else_lbl00097   0x0012a6    program     static                          
         ___else_lbl00099   0x001260    program     static                          
         ___else_lbl00123   0x00173c    program     static                          
         ___else_lbl00125   0x001704    program     static                          
         ___else_lbl00127   0x001796    program     static                          
         ___else_lbl00130   0x0017f0    program     static                          
         ___else_lbl00132   0x0017d6    program     static                          
           ___if_lbl00055   0x000540    program     static                          
           ___if_lbl00058   0x0006da    program     static                          
           ___if_lbl00060   0x00074a    program     static                          
           ___if_lbl00062   0x0007a2    program     static                          
           ___if_lbl00064   0x000872    program     static                          
           ___if_lbl00066   0x0008ca    program     static                          
           ___if_lbl00068   0x00099a    program     static                          
           ___if_lbl00070   0x0009f2    program     static                          
           ___if_lbl00072   0x000ac2    program     static                          
           ___if_lbl00074   0x000b1a    program     static                          
           ___if_lbl00076   0x000bea    program     static                          
           ___if_lbl00078   0x000c5a    program     static                          
           ___if_lbl00080   0x000cc8    program     static                          
           ___if_lbl00082   0x000d36    program     static                          
           ___if_lbl00084   0x000da2    program     static                          
           ___if_lbl00085   0x000e78    program     static                          
           ___if_lbl00086   0x000e90    program     static                          
           ___if_lbl00092   0x001214    program     static                          
           ___if_lbl00093   0x001214    program     static                          
           ___if_lbl00095   0x0012f2    program     static                          
           ___if_lbl00096   0x0012f2    program     static                          
           ___if_lbl00098   0x0012f2    program     static                          
           ___if_lbl00100   0x001412    program     static                          
           ___if_lbl00106   0x0014e6    program     static                          
           ___if_lbl00109   0x001546    program     static                          
           ___if_lbl00114   0x001696    program     static                          
           ___if_lbl00122   0x001748    program     static                          
           ___if_lbl00124   0x001748    program     static                          
           ___if_lbl00126   0x0017a0    program     static                          
           ___if_lbl00128   0x0017aa    program     static                          
           ___if_lbl00129   0x0017f2    program     static                          
           ___if_lbl00131   0x0017f2    program     static                          
       ___return_lbl00000   0x000004    program     static                          
       ___return_lbl00000   0x004f48    program     static                          
       ___return_lbl00000   0x004dd2    program     static                          
       ___return_lbl00000   0x00500c    program     static                          
       ___return_lbl00000   0x004f74    program     static                          
       ___return_lbl00000   0x004ef6    program     static                          
       ___return_lbl00001   0x004fd4    program     static                          
       ___return_lbl00002   0x004be4    program     static                          
       ___return_lbl00012   0x00000c    program     static                          
       ___return_lbl00050   0x0017f6    program     static                          
        ___while_lbl00051   0x0004ae    program     static                          
        ___while_lbl00052   0x0004b2    program     static                          
        ___while_lbl00053   0x000538    program     static                          
        ___while_lbl00054   0x00053c    program     static                          
        ___while_lbl00088   0x000ede    program     static                          
        ___while_lbl00089   0x000f04    program     static                          
        ___while_lbl00101   0x00146a    program     static                          
        ___while_lbl00102   0x0017f6    program     static                          
        ___while_lbl00103   0x00146c    program     static                          
        ___while_lbl00104   0x0014ec    program     static                          
        ___while_lbl00107   0x0014ec    program     static                          
        ___while_lbl00108   0x0015da    program     static                          
        ___while_lbl00110   0x0015f6    program     static                          
        ___while_lbl00111   0x0017f4    program     static                          
        ___while_lbl00112   0x001622    program     static                          
        ___while_lbl00113   0x001626    program     static                          
               __config_0   0x300000    program     static E:\zine programs\l_l_l controller all\June 2012\l_l_l controller code 23-6-12\src\main.c
               __config_1   0x300008    program     static E:\zine programs\l_l_l controller all\June 2012\l_l_l controller code 23-6-12\src\main.c
               __config_2   0x300009    program     static E:\zine programs\l_l_l controller all\June 2012\l_l_l controller code 23-6-12\src\main.c
               __config_3   0x30000b    program     static E:\zine programs\l_l_l controller all\June 2012\l_l_l controller code 23-6-12\src\main.c
                   __init   0x005026    program     extern E:\3.45\pic18-lt\cxx-framework\src\traditional\stdclib\__init.c
                   __pa_0   0x002e34    program     static E:\3.45\pic18-lt\cxx-framework\src\traditional\stdclib\vfprintf.c
                   __pa_1   0x002e3c    program     static E:\3.45\pic18-lt\cxx-framework\src\traditional\stdclib\vfprintf.c
                  __pa_10   0x002ef0    program     static E:\3.45\pic18-lt\cxx-framework\src\traditional\stdclib\vfprintf.c
                  __pa_11   0x002efe    program     static E:\3.45\pic18-lt\cxx-framework\src\traditional\stdclib\vfprintf.c
                  __pa_12   0x002f14    program     static E:\3.45\pic18-lt\cxx-framework\src\traditional\stdclib\vfprintf.c
                  __pa_13   0x002f2e    program     static E:\3.45\pic18-lt\cxx-framework\src\traditional\stdclib\vfprintf.c
                  __pa_14   0x002f46    program     static E:\3.45\pic18-lt\cxx-framework\src\traditional\stdclib\vfprintf.c
                  __pa_15   0x002f56    program     static E:\3.45\pic18-lt\cxx-framework\src\traditional\stdclib\vfprintf.c
                  __pa_16   0x002f6c    program     static E:\3.45\pic18-lt\cxx-framework\src\traditional\stdclib\vfprintf.c
                  __pa_17   0x002f7e    program     static E:\3.45\pic18-lt\cxx-framework\src\traditional\stdclib\vfprintf.c
                  __pa_18   0x002f90    program     static E:\3.45\pic18-lt\cxx-framework\src\traditional\stdclib\vfprintf.c
                  __pa_19   0x002f9a    program     static E:\3.45\pic18-lt\cxx-framework\src\traditional\stdclib\vfprintf.c
                   __pa_2   0x002e46    program     static E:\3.45\pic18-lt\cxx-framework\src\traditional\stdclib\vfprintf.c
                  __pa_20   0x002faa    program     static E:\3.45\pic18-lt\cxx-framework\src\traditional\stdclib\vfprintf.c
                  __pa_21   0x002fba    program     static E:\3.45\pic18-lt\cxx-framework\src\traditional\stdclib\vfprintf.c
                  __pa_22   0x002fca    program     static E:\3.45\pic18-lt\cxx-framework\src\traditional\stdclib\vfprintf.c
                  __pa_23   0x002fd6    program     static E:\3.45\pic18-lt\cxx-framework\src\traditional\stdclib\vfprintf.c
                  __pa_24   0x002fe4    program     static E:\3.45\pic18-lt\cxx-framework\src\traditional\stdclib\vfprintf.c
                  __pa_25   0x002fec    program     static E:\3.45\pic18-lt\cxx-framework\src\traditional\stdclib\vfprintf.c
                  __pa_26   0x002ff6    program     static E:\3.45\pic18-lt\cxx-framework\src\traditional\stdclib\vfprintf.c
                  __pa_27   0x003000    program     static E:\3.45\pic18-lt\cxx-framework\src\traditional\stdclib\vfprintf.c
                  __pa_28   0x003008    program     static E:\3.45\pic18-lt\cxx-framework\src\traditional\stdclib\vfprintf.c
                  __pa_29   0x003016    program     static E:\3.45\pic18-lt\cxx-framework\src\traditional\stdclib\vfprintf.c
                   __pa_3   0x002e50    program     static E:\3.45\pic18-lt\cxx-framework\src\traditional\stdclib\vfprintf.c
                  __pa_30   0x003032    program     static E:\3.45\pic18-lt\cxx-framework\src\traditional\stdclib\vfprintf.c
                  __pa_31   0x00304c    program     static E:\3.45\pic18-lt\cxx-framework\src\traditional\stdclib\vfprintf.c
                  __pa_32   0x003066    program     static E:\3.45\pic18-lt\cxx-framework\src\traditional\stdclib\vfprintf.c
                  __pa_33   0x00307e    program     static E:\3.45\pic18-lt\cxx-framework\src\traditional\stdclib\vfprintf.c
                  __pa_34   0x003088    program     static E:\3.45\pic18-lt\cxx-framework\src\traditional\stdclib\vfprintf.c
                  __pa_35   0x003096    program     static E:\3.45\pic18-lt\cxx-framework\src\traditional\stdclib\vfprintf.c
                  __pa_36   0x00309e    program     static E:\3.45\pic18-lt\cxx-framework\src\traditional\stdclib\vfprintf.c
                  __pa_37   0x0030a8    program     static E:\3.45\pic18-lt\cxx-framework\src\traditional\stdclib\vfprintf.c
                  __pa_38   0x0030b8    program     static E:\3.45\pic18-lt\cxx-framework\src\traditional\stdclib\vfprintf.c
                  __pa_39   0x0030c6    program     static E:\3.45\pic18-lt\cxx-framework\src\traditional\stdclib\vfprintf.c
                   __pa_4   0x002e68    program     static E:\3.45\pic18-lt\cxx-framework\src\traditional\stdclib\vfprintf.c
                  __pa_40   0x0030d2    program     static E:\3.45\pic18-lt\cxx-framework\src\traditional\stdclib\vfprintf.c
                  __pa_41   0x0030de    program     static E:\3.45\pic18-lt\cxx-framework\src\traditional\stdclib\vfprintf.c
                  __pa_42   0x0030e6    program     static E:\3.45\pic18-lt\cxx-framework\src\traditional\stdclib\vfprintf.c
                  __pa_43   0x0030f0    program     static E:\3.45\pic18-lt\cxx-framework\src\traditional\stdclib\vfprintf.c
                  __pa_44   0x0030f6    program     static E:\3.45\pic18-lt\cxx-framework\src\traditional\stdclib\vfprintf.c
                  __pa_45   0x003100    program     static E:\3.45\pic18-lt\cxx-framework\src\traditional\stdclib\vfprintf.c
                  __pa_46   0x00310c    program     static E:\3.45\pic18-lt\cxx-framework\src\traditional\stdclib\vfprintf.c
                   __pa_5   0x002e7c    program     static E:\3.45\pic18-lt\cxx-framework\src\traditional\stdclib\vfprintf.c
                   __pa_6   0x002e98    program     static E:\3.45\pic18-lt\cxx-framework\src\traditional\stdclib\vfprintf.c
                   __pa_7   0x002ea2    program     static E:\3.45\pic18-lt\cxx-framework\src\traditional\stdclib\vfprintf.c
                   __pa_8   0x002eae    program     static E:\3.45\pic18-lt\cxx-framework\src\traditional\stdclib\vfprintf.c
                   __pa_9   0x002ed0    program     static E:\3.45\pic18-lt\cxx-framework\src\traditional\stdclib\vfprintf.c
               __string_0   0x004de9    program     static E:\zine programs\l_l_l controller all\June 2012\l_l_l controller code 23-6-12\src\main.c
               __string_0   0x004e39    program     static E:\zine programs\l_l_l controller all\June 2012\l_l_l controller code 23-6-12\src\setting.c
               __string_1   0x004e33    program     static E:\zine programs\l_l_l controller all\June 2012\l_l_l controller code 23-6-12\src\setting.c
               __string_1   0x004de4    program     static E:\zine programs\l_l_l controller all\June 2012\l_l_l controller code 23-6-12\src\main.c
              __string_10   0x004dfb    program     static E:\zine programs\l_l_l controller all\June 2012\l_l_l controller code 23-6-12\src\setting.c
              __string_11   0x004df4    program     static E:\zine programs\l_l_l controller all\June 2012\l_l_l controller code 23-6-12\src\setting.c
              __string_12   0x004def    program     static E:\zine programs\l_l_l controller all\June 2012\l_l_l controller code 23-6-12\src\setting.c
               __string_2   0x004e2d    program     static E:\zine programs\l_l_l controller all\June 2012\l_l_l controller code 23-6-12\src\setting.c
               __string_2   0x004dde    program     static E:\zine programs\l_l_l controller all\June 2012\l_l_l controller code 23-6-12\src\main.c
               __string_3   0x004dd4    program     static E:\zine programs\l_l_l controller all\June 2012\l_l_l controller code 23-6-12\src\main.c
               __string_3   0x004e27    program     static E:\zine programs\l_l_l controller all\June 2012\l_l_l controller code 23-6-12\src\setting.c
               __string_4   0x004e21    program     static E:\zine programs\l_l_l controller all\June 2012\l_l_l controller code 23-6-12\src\setting.c
               __string_5   0x004e1b    program     static E:\zine programs\l_l_l controller all\June 2012\l_l_l controller code 23-6-12\src\setting.c
               __string_6   0x004e15    program     static E:\zine programs\l_l_l controller all\June 2012\l_l_l controller code 23-6-12\src\setting.c
               __string_7   0x004e0f    program     static E:\zine programs\l_l_l controller all\June 2012\l_l_l controller code 23-6-12\src\setting.c
               __string_8   0x004e09    program     static E:\zine programs\l_l_l controller all\June 2012\l_l_l controller code 23-6-12\src\setting.c
               __string_9   0x004e01    program     static E:\zine programs\l_l_l controller all\June 2012\l_l_l controller code 23-6-12\src\setting.c
              __tmplbl_10   0x0008b8    program     static                          
              __tmplbl_11   0x0008a8    program     static                          
              __tmplbl_12   0x000986    program     static                          
              __tmplbl_13   0x000976    program     static                          
              __tmplbl_14   0x0009e0    program     static                          
              __tmplbl_15   0x0009d0    program     static                          
              __tmplbl_16   0x000aae    program     static                          
              __tmplbl_17   0x000a9e    program     static                          
              __tmplbl_18   0x000b08    program     static                          
              __tmplbl_19   0x000af8    program     static                          
               __tmplbl_2   0x0006c6    program     static                          
              __tmplbl_20   0x000bd6    program     static                          
              __tmplbl_21   0x000bc6    program     static                          
              __tmplbl_22   0x000c46    program     static                          
              __tmplbl_23   0x000c36    program     static                          
              __tmplbl_24   0x000cb6    program     static                          
              __tmplbl_25   0x000ca6    program     static                          
              __tmplbl_26   0x000d24    program     static                          
              __tmplbl_27   0x000d14    program     static                          
              __tmplbl_28   0x000d8e    program     static                          
              __tmplbl_29   0x000d7e    program     static                          
               __tmplbl_3   0x0006b6    program     static                          
              __tmplbl_30   0x000ea4    program     static                          
              __tmplbl_30   0x001940    program     static                          
              __tmplbl_31   0x000e9e    program     static                          
              __tmplbl_32   0x000eea    program     static                          
              __tmplbl_33   0x000ee4    program     static                          
              __tmplbl_34   0x000f16    program     static                          
              __tmplbl_35   0x000f0e    program     static                          
              __tmplbl_36   0x001478    program     static                          
              __tmplbl_37   0x001472    program     static                          
              __tmplbl_38   0x0016fa    program     static                          
              __tmplbl_39   0x0016ee    program     static                          
               __tmplbl_4   0x000736    program     static                          
              __tmplbl_40   0x0016e2    program     static                          
              __tmplbl_41   0x0016d6    program     static                          
              __tmplbl_42   0x002fca    program     static                          
              __tmplbl_42   0x0016ca    program     static                          
              __tmplbl_43   0x0016be    program     static                          
              __tmplbl_43   0x002e12    program     static                          
              __tmplbl_44   0x0016b2    program     static                          
              __tmplbl_44   0x002df8    program     static                          
              __tmplbl_45   0x0016a6    program     static                          
              __tmplbl_46   0x0017c6    program     static                          
               __tmplbl_5   0x000726    program     static                          
               __tmplbl_6   0x000790    program     static                          
               __tmplbl_7   0x000780    program     static                          
               __tmplbl_8   0x00085e    program     static                          
              __tmplbl_85   0x00254a    program     static                          
               __tmplbl_9   0x00084e    program     static                          
            __zero_memory   0x004f9a    program     extern E:\3.45\pic18-lt\cxx-framework\src\traditional\proc\p18f46k80.asm
                _do_cinit   0x004b48    program     extern E:\3.45\pic18-lt\cxx-framework\src\traditional\startup\c018i.c
                   _entry   0x000000    program     extern E:\3.45\pic18-lt\cxx-framework\src\traditional\startup\c018i.c
                   _false   0x004f44    program     static                          
                 _startup   0x004fba    program     extern E:\3.45\pic18-lt\cxx-framework\src\traditional\startup\c018i.c
              _usart_putc   0x004fd6    program     extern E:\3.45\pic18-lt\cxx-framework\src\pmc_common\USART\_usartpc.asm
               _user_putc   0x000006    program     extern E:\3.45\pic18-lt\cxx-framework\src\traditional\stdclib\_user_putc.c
                      all   0x00474e    program     extern E:\zine programs\l_l_l controller all\June 2012\l_l_l controller code 23-6-12\src\led.c
                   center   0x004506    program     extern E:\zine programs\l_l_l controller all\June 2012\l_l_l controller code 23-6-12\src\led.c
              center_down   0x0045dc    program     extern E:\zine programs\l_l_l controller all\June 2012\l_l_l controller code 23-6-12\src\led.c
                compare_l   0x004fb0    program     static E:\3.45\pic18-lt\cxx-framework\src\traditional\proc\p18f46k80.asm
                copy_loop   0x004bba    program     static                          
            copy_one_byte   0x004bc0    program     static                          
                       d4   0x003dec    program     extern E:\zine programs\l_l_l controller all\June 2012\l_l_l controller code 23-6-12\src\rtc.c
                    delay   0x003116    program     extern E:\zine programs\l_l_l controller all\June 2012\l_l_l controller code 23-6-12\src\sseg.c
                     done   0x004be4    program     static                          
             done_copying   0x004bce    program     static                          
                     down   0x004698    program     extern E:\zine programs\l_l_l controller all\June 2012\l_l_l controller code 23-6-12\src\led.c
                  endloop   0x005008    program     static                          
                  endloop   0x004f70    program     static                          
                  i2cinit   0x003f60    program     extern E:\zine programs\l_l_l controller all\June 2012\l_l_l controller code 23-6-12\src\rtc.c
                  i2ctime   0x004072    program     extern E:\zine programs\l_l_l controller all\June 2012\l_l_l controller code 23-6-12\src\rtc.c
                  isdigit   0x004f76    program     extern E:\3.45\pic18-lt\cxx-framework\src\traditional\stdclib\isdigit.asm
                     jEnd   0x004e5a    program     static E:\3.45\pic18-lt\cxx-framework\src\traditional\stdclib\strlen.asm
                     jEnd   0x004e92    program     static E:\3.45\pic18-lt\cxx-framework\src\traditional\stdclib\slenpgm.asm
                    jLoop   0x004e50    program     static E:\3.45\pic18-lt\cxx-framework\src\traditional\stdclib\strlen.asm
                    jLoop   0x004e7a    program     static E:\3.45\pic18-lt\cxx-framework\src\traditional\stdclib\slenpgm.asm
                   jMatch   0x004f96    program     static E:\3.45\pic18-lt\cxx-framework\src\traditional\stdclib\isdigit.asm
                 jNoMatch   0x004f98    program     static E:\3.45\pic18-lt\cxx-framework\src\traditional\stdclib\isdigit.asm
                    label   0x000444    program     static                          
                     loop   0x004f10    program     static                          
                     loop   0x004fe6    program     static E:\3.45\pic18-lt\cxx-framework\src\pmc_common\USART\_usartpc.asm
                     loop   0x004ffa    program     static                          
                     loop   0x004f54    program     static                          
                     loop   0x004fca    program     static                          
                   loop_h   0x004fa8    program     static E:\3.45\pic18-lt\cxx-framework\src\traditional\proc\p18f46k80.asm
                   loop_l   0x004fb2    program     static E:\3.45\pic18-lt\cxx-framework\src\traditional\proc\p18f46k80.asm
                     main   0x0003de    program     extern E:\zine programs\l_l_l controller all\June 2012\l_l_l controller code 23-6-12\src\main.c
                   manual   0x000066    program     extern E:\zine programs\l_l_l controller all\June 2012\l_l_l controller code 23-6-12\src\main.c
                  max7219   0x003494    program     extern E:\zine programs\l_l_l controller all\June 2012\l_l_l controller code 23-6-12\src\sseg.c
                     powi   0x003720    program     extern E:\zine programs\l_l_l controller all\June 2012\l_l_l controller code 23-6-12\src\sseg.c
                     putc   0x004be6    program     extern E:\3.45\pic18-lt\cxx-framework\src\traditional\stdclib\putc.c
                 read_mem   0x003ff4    program     extern E:\zine programs\l_l_l controller all\June 2012\l_l_l controller code 23-6-12\src\rtc.c
                 rec_data   0x0037f2    program     extern E:\zine programs\l_l_l controller all\June 2012\l_l_l controller code 23-6-12\src\recdata.c
                 s_digits   0x00500e    program     static E:\3.45\pic18-lt\cxx-framework\src\traditional\stdclib\vfprintf.c
            s_put_n_chars   0x0024f4    program     static E:\3.45\pic18-lt\cxx-framework\src\traditional\stdclib\vfprintf.c
                     sett   0x00180a    program     extern E:\zine programs\l_l_l controller all\June 2012\l_l_l controller code 23-6-12\src\setting.c
                  sprintf   0x004a9c    program     extern E:\3.45\pic18-lt\cxx-framework\src\traditional\stdclib\sprintf.c
                       ss   0x003344    program     extern E:\zine programs\l_l_l controller all\June 2012\l_l_l controller code 23-6-12\src\sseg.c
                    sslib   0x0031a4    program     extern E:\zine programs\l_l_l controller all\June 2012\l_l_l controller code 23-6-12\src\sseg.c
                  stopval   0x00001c    program     extern E:\zine programs\l_l_l controller all\June 2012\l_l_l controller code 23-6-12\src\main.c
                   strlen   0x004e40    program     extern E:\3.45\pic18-lt\cxx-framework\src\traditional\stdclib\strlen.asm
                strlenpgm   0x004e5c    program     extern E:\3.45\pic18-lt\cxx-framework\src\traditional\stdclib\slenpgm.asm
                     test   0x004b62    program     static                          
                  tle_off   0x0037a8    program     extern E:\zine programs\l_l_l controller all\June 2012\l_l_l controller code 23-6-12\src\recdata.c
                       up   0x004396    program     extern E:\zine programs\l_l_l controller all\June 2012\l_l_l controller code 23-6-12\src\led.c
                up_center   0x00444a    program     extern E:\zine programs\l_l_l controller all\June 2012\l_l_l controller code 23-6-12\src\led.c
                 vfprintf   0x002520    program     extern E:\3.45\pic18-lt\cxx-framework\src\traditional\stdclib\vfprintf.c
                write_mem   0x004038    program     extern E:\zine programs\l_l_l controller all\June 2012\l_l_l controller code 23-6-12\src\rtc.c
               zero_block   0x004fa8    program     static E:\3.45\pic18-lt\cxx-framework\src\traditional\proc\p18f46k80.asm
                   ADCON0   0x000fc2       data     extern E:\3.45\pic18-lt\cxx-framework\src\traditional\proc\p18f46k80.asm
               ADCON0bits   0x000fc2       data     extern E:\3.45\pic18-lt\cxx-framework\src\traditional\proc\p18f46k80.asm
                   ADCON1   0x000fc1       data     extern E:\3.45\pic18-lt\cxx-framework\src\traditional\proc\p18f46k80.asm
               ADCON1bits   0x000fc1       data     extern E:\3.45\pic18-lt\cxx-framework\src\traditional\proc\p18f46k80.asm
                   ADCON2   0x000fc0       data     extern E:\3.45\pic18-lt\cxx-framework\src\traditional\proc\p18f46k80.asm
               ADCON2bits   0x000fc0       data     extern E:\3.45\pic18-lt\cxx-framework\src\traditional\proc\p18f46k80.asm
                ADCResult   0x000e13       data     extern E:\zine programs\l_l_l controller all\June 2012\l_l_l controller code 23-6-12\src\main.c
                    ADRES   0x000fc3       data     extern E:\3.45\pic18-lt\cxx-framework\src\traditional\proc\p18f46k80.asm
                   ADRESH   0x000fc4       data     extern E:\3.45\pic18-lt\cxx-framework\src\traditional\proc\p18f46k80.asm
                   ADRESL   0x000fc3       data     extern E:\3.45\pic18-lt\cxx-framework\src\traditional\proc\p18f46k80.asm
                   ANCON0   0x000f5d       data     extern E:\3.45\pic18-lt\cxx-framework\src\traditional\proc\p18f46k80.asm
               ANCON0bits   0x000f5d       data     extern E:\3.45\pic18-lt\cxx-framework\src\traditional\proc\p18f46k80.asm
                   ANCON1   0x000f5c       data     extern E:\3.45\pic18-lt\cxx-framework\src\traditional\proc\p18f46k80.asm
               ANCON1bits   0x000f5c       data     extern E:\3.45\pic18-lt\cxx-framework\src\traditional\proc\p18f46k80.asm
                    B0CON   0x000e80       data     extern E:\3.45\pic18-lt\cxx-framework\src\traditional\proc\p18f46k80.asm
                B0CONbits   0x000e80       data     extern E:\3.45\pic18-lt\cxx-framework\src\traditional\proc\p18f46k80.asm
                     B0D0   0x000e86       data     extern E:\3.45\pic18-lt\cxx-framework\src\traditional\proc\p18f46k80.asm
                 B0D0bits   0x000e86       data     extern E:\3.45\pic18-lt\cxx-framework\src\traditional\proc\p18f46k80.asm
                     B0D1   0x000e87       data     extern E:\3.45\pic18-lt\cxx-framework\src\traditional\proc\p18f46k80.asm
                 B0D1bits   0x000e87       data     extern E:\3.45\pic18-lt\cxx-framework\src\traditional\proc\p18f46k80.asm
                     B0D2   0x000e88       data     extern E:\3.45\pic18-lt\cxx-framework\src\traditional\proc\p18f46k80.asm
                 B0D2bits   0x000e88       data     extern E:\3.45\pic18-lt\cxx-framework\src\traditional\proc\p18f46k80.asm
                     B0D3   0x000e89       data     extern E:\3.45\pic18-lt\cxx-framework\src\traditional\proc\p18f46k80.asm
                 B0D3bits   0x000e89       data     extern E:\3.45\pic18-lt\cxx-framework\src\traditional\proc\p18f46k80.asm
                     B0D4   0x000e8a       data     extern E:\3.45\pic18-lt\cxx-framework\src\traditional\proc\p18f46k80.asm
                 B0D4bits   0x000e8a       data     extern E:\3.45\pic18-lt\cxx-framework\src\traditional\proc\p18f46k80.asm
                     B0D5   0x000e8b       data     extern E:\3.45\pic18-lt\cxx-framework\src\traditional\proc\p18f46k80.asm
                 B0D5bits   0x000e8b       data     extern E:\3.45\pic18-lt\cxx-framework\src\traditional\proc\p18f46k80.asm
                     B0D6   0x000e8c       data     extern E:\3.45\pic18-lt\cxx-framework\src\traditional\proc\p18f46k80.asm
                 B0D6bits   0x000e8c       data     extern E:\3.45\pic18-lt\cxx-framework\src\traditional\proc\p18f46k80.asm
                     B0D7   0x000e8d       data     extern E:\3.45\pic18-lt\cxx-framework\src\traditional\proc\p18f46k80.asm
                 B0D7bits   0x000e8d       data     extern E:\3.45\pic18-lt\cxx-framework\src\traditional\proc\p18f46k80.asm
                    B0DLC   0x000e85       data     extern E:\3.45\pic18-lt\cxx-framework\src\traditional\proc\p18f46k80.asm
                B0DLCbits   0x000e85       data     extern E:\3.45\pic18-lt\cxx-framework\src\traditional\proc\p18f46k80.asm
                   B0EIDH   0x000e83       data     extern E:\3.45\pic18-lt\cxx-framework\src\traditional\proc\p18f46k80.asm
               B0EIDHbits   0x000e83       data     extern E:\3.45\pic18-lt\cxx-framework\src\traditional\proc\p18f46k80.asm
                   B0EIDL   0x000e84       data     extern E:\3.45\pic18-lt\cxx-framework\src\traditional\proc\p18f46k80.asm
               B0EIDLbits   0x000e84       data     extern E:\3.45\pic18-lt\cxx-framework\src\traditional\proc\p18f46k80.asm
                   B0SIDH   0x000e81       data     extern E:\3.45\pic18-lt\cxx-framework\src\traditional\proc\p18f46k80.asm
               B0SIDHbits   0x000e81       data     extern E:\3.45\pic18-lt\cxx-framework\src\traditional\proc\p18f46k80.asm
                   B0SIDL   0x000e82       data     extern E:\3.45\pic18-lt\cxx-framework\src\traditional\proc\p18f46k80.asm
               B0SIDLbits   0x000e82       data     extern E:\3.45\pic18-lt\cxx-framework\src\traditional\proc\p18f46k80.asm
                    B1CON   0x000e90       data     extern E:\3.45\pic18-lt\cxx-framework\src\traditional\proc\p18f46k80.asm
                B1CONbits   0x000e90       data     extern E:\3.45\pic18-lt\cxx-framework\src\traditional\proc\p18f46k80.asm
                     B1D0   0x000e96       data     extern E:\3.45\pic18-lt\cxx-framework\src\traditional\proc\p18f46k80.asm
                 B1D0bits   0x000e96       data     extern E:\3.45\pic18-lt\cxx-framework\src\traditional\proc\p18f46k80.asm
                     B1D1   0x000e97       data     extern E:\3.45\pic18-lt\cxx-framework\src\traditional\proc\p18f46k80.asm
                 B1D1bits   0x000e97       data     extern E:\3.45\pic18-lt\cxx-framework\src\traditional\proc\p18f46k80.asm
                     B1D2   0x000e98       data     extern E:\3.45\pic18-lt\cxx-framework\src\traditional\proc\p18f46k80.asm
                 B1D2bits   0x000e98       data     extern E:\3.45\pic18-lt\cxx-framework\src\traditional\proc\p18f46k80.asm
                     B1D3   0x000e99       data     extern E:\3.45\pic18-lt\cxx-framework\src\traditional\proc\p18f46k80.asm
                 B1D3bits   0x000e99       data     extern E:\3.45\pic18-lt\cxx-framework\src\traditional\proc\p18f46k80.asm
                     B1D4   0x000e9a       data     extern E:\3.45\pic18-lt\cxx-framework\src\traditional\proc\p18f46k80.asm
                 B1D4bits   0x000e9a       data     extern E:\3.45\pic18-lt\cxx-framework\src\traditional\proc\p18f46k80.asm
                     B1D5   0x000e9b       data     extern E:\3.45\pic18-lt\cxx-framework\src\traditional\proc\p18f46k80.asm
                 B1D5bits   0x000e9b       data     extern E:\3.45\pic18-lt\cxx-framework\src\traditional\proc\p18f46k80.asm
                     B1D6   0x000e9c       data     extern E:\3.45\pic18-lt\cxx-framework\src\traditional\proc\p18f46k80.asm
                 B1D6bits   0x000e9c       data     extern E:\3.45\pic18-lt\cxx-framework\src\traditional\proc\p18f46k80.asm
                     B1D7   0x000e9d       data     extern E:\3.45\pic18-lt\cxx-framework\src\traditional\proc\p18f46k80.asm
                 B1D7bits   0x000e9d       data     extern E:\3.45\pic18-lt\cxx-framework\src\traditional\proc\p18f46k80.asm
                    B1DLC   0x000e95       data     extern E:\3.45\pic18-lt\cxx-framework\src\traditional\proc\p18f46k80.asm
                B1DLCbits   0x000e95       data     extern E:\3.45\pic18-lt\cxx-framework\src\traditional\proc\p18f46k80.asm
                   B1EIDH   0x000e93       data     extern E:\3.45\pic18-lt\cxx-framework\src\traditional\proc\p18f46k80.asm
               B1EIDHbits   0x000e93       data     extern E:\3.45\pic18-lt\cxx-framework\src\traditional\proc\p18f46k80.asm
                   B1EIDL   0x000e94       data     extern E:\3.45\pic18-lt\cxx-framework\src\traditional\proc\p18f46k80.asm
               B1EIDLbits   0x000e94       data     extern E:\3.45\pic18-lt\cxx-framework\src\traditional\proc\p18f46k80.asm
                   B1SIDH   0x000e91       data     extern E:\3.45\pic18-lt\cxx-framework\src\traditional\proc\p18f46k80.asm
               B1SIDHbits   0x000e91       data     extern E:\3.45\pic18-lt\cxx-framework\src\traditional\proc\p18f46k80.asm
                   B1SIDL   0x000e92       data     extern E:\3.45\pic18-lt\cxx-framework\src\traditional\proc\p18f46k80.asm
               B1SIDLbits   0x000e92       data     extern E:\3.45\pic18-lt\cxx-framework\src\traditional\proc\p18f46k80.asm
                    B2CON   0x000ea0       data     extern E:\3.45\pic18-lt\cxx-framework\src\traditional\proc\p18f46k80.asm
                B2CONbits   0x000ea0       data     extern E:\3.45\pic18-lt\cxx-framework\src\traditional\proc\p18f46k80.asm
                     B2D0   0x000ea6       data     extern E:\3.45\pic18-lt\cxx-framework\src\traditional\proc\p18f46k80.asm
                 B2D0bits   0x000ea6       data     extern E:\3.45\pic18-lt\cxx-framework\src\traditional\proc\p18f46k80.asm
                     B2D1   0x000ea7       data     extern E:\3.45\pic18-lt\cxx-framework\src\traditional\proc\p18f46k80.asm
                 B2D1bits   0x000ea7       data     extern E:\3.45\pic18-lt\cxx-framework\src\traditional\proc\p18f46k80.asm
                     B2D2   0x000ea8       data     extern E:\3.45\pic18-lt\cxx-framework\src\traditional\proc\p18f46k80.asm
                 B2D2bits   0x000ea8       data     extern E:\3.45\pic18-lt\cxx-framework\src\traditional\proc\p18f46k80.asm
                     B2D3   0x000ea9       data     extern E:\3.45\pic18-lt\cxx-framework\src\traditional\proc\p18f46k80.asm
                 B2D3bits   0x000ea9       data     extern E:\3.45\pic18-lt\cxx-framework\src\traditional\proc\p18f46k80.asm
                     B2D4   0x000eaa       data     extern E:\3.45\pic18-lt\cxx-framework\src\traditional\proc\p18f46k80.asm
                 B2D4bits   0x000eaa       data     extern E:\3.45\pic18-lt\cxx-framework\src\traditional\proc\p18f46k80.asm
                     B2D5   0x000eab       data     extern E:\3.45\pic18-lt\cxx-framework\src\traditional\proc\p18f46k80.asm
                 B2D5bits   0x000eab       data     extern E:\3.45\pic18-lt\cxx-framework\src\traditional\proc\p18f46k80.asm
                     B2D6   0x000eac       data     extern E:\3.45\pic18-lt\cxx-framework\src\traditional\proc\p18f46k80.asm
                 B2D6bits   0x000eac       data     extern E:\3.45\pic18-lt\cxx-framework\src\traditional\proc\p18f46k80.asm
                     B2D7   0x000ead       data     extern E:\3.45\pic18-lt\cxx-framework\src\traditional\proc\p18f46k80.asm
                 B2D7bits   0x000ead       data     extern E:\3.45\pic18-lt\cxx-framework\src\traditional\proc\p18f46k80.asm
                    B2DLC   0x000ea5       data     extern E:\3.45\pic18-lt\cxx-framework\src\traditional\proc\p18f46k80.asm
                B2DLCbits   0x000ea5       data     extern E:\3.45\pic18-lt\cxx-framework\src\traditional\proc\p18f46k80.asm
                   B2EIDH   0x000ea3       data     extern E:\3.45\pic18-lt\cxx-framework\src\traditional\proc\p18f46k80.asm
               B2EIDHbits   0x000ea3       data     extern E:\3.45\pic18-lt\cxx-framework\src\traditional\proc\p18f46k80.asm
                   B2EIDL   0x000ea4       data     extern E:\3.45\pic18-lt\cxx-framework\src\traditional\proc\p18f46k80.asm
               B2EIDLbits   0x000ea4       data     extern E:\3.45\pic18-lt\cxx-framework\src\traditional\proc\p18f46k80.asm
                   B2SIDH   0x000ea1       data     extern E:\3.45\pic18-lt\cxx-framework\src\traditional\proc\p18f46k80.asm
               B2SIDHbits   0x000ea1       data     extern E:\3.45\pic18-lt\cxx-framework\src\traditional\proc\p18f46k80.asm
                   B2SIDL   0x000ea2       data     extern E:\3.45\pic18-lt\cxx-framework\src\traditional\proc\p18f46k80.asm
               B2SIDLbits   0x000ea2       data     extern E:\3.45\pic18-lt\cxx-framework\src\traditional\proc\p18f46k80.asm
                    B3CON   0x000eb0       data     extern E:\3.45\pic18-lt\cxx-framework\src\traditional\proc\p18f46k80.asm
                B3CONbits   0x000eb0       data     extern E:\3.45\pic18-lt\cxx-framework\src\traditional\proc\p18f46k80.asm
                     B3D0   0x000eb6       data     extern E:\3.45\pic18-lt\cxx-framework\src\traditional\proc\p18f46k80.asm
                 B3D0bits   0x000eb6       data     extern E:\3.45\pic18-lt\cxx-framework\src\traditional\proc\p18f46k80.asm
                     B3D1   0x000eb7       data     extern E:\3.45\pic18-lt\cxx-framework\src\traditional\proc\p18f46k80.asm
                 B3D1bits   0x000eb7       data     extern E:\3.45\pic18-lt\cxx-framework\src\traditional\proc\p18f46k80.asm
                     B3D2   0x000eb8       data     extern E:\3.45\pic18-lt\cxx-framework\src\traditional\proc\p18f46k80.asm
                 B3D2bits   0x000eb8       data     extern E:\3.45\pic18-lt\cxx-framework\src\traditional\proc\p18f46k80.asm
                     B3D3   0x000eb9       data     extern E:\3.45\pic18-lt\cxx-framework\src\traditional\proc\p18f46k80.asm
                 B3D3bits   0x000eb9       data     extern E:\3.45\pic18-lt\cxx-framework\src\traditional\proc\p18f46k80.asm
                     B3D4   0x000eba       data     extern E:\3.45\pic18-lt\cxx-framework\src\traditional\proc\p18f46k80.asm
                 B3D4bits   0x000eba       data     extern E:\3.45\pic18-lt\cxx-framework\src\traditional\proc\p18f46k80.asm
                     B3D5   0x000ebb       data     extern E:\3.45\pic18-lt\cxx-framework\src\traditional\proc\p18f46k80.asm
                 B3D5bits   0x000ebb       data     extern E:\3.45\pic18-lt\cxx-framework\src\traditional\proc\p18f46k80.asm
                     B3D6   0x000ebc       data     extern E:\3.45\pic18-lt\cxx-framework\src\traditional\proc\p18f46k80.asm
                 B3D6bits   0x000ebc       data     extern E:\3.45\pic18-lt\cxx-framework\src\traditional\proc\p18f46k80.asm
                     B3D7   0x000ebd       data     extern E:\3.45\pic18-lt\cxx-framework\src\traditional\proc\p18f46k80.asm
                 B3D7bits   0x000ebd       data     extern E:\3.45\pic18-lt\cxx-framework\src\traditional\proc\p18f46k80.asm
                    B3DLC   0x000eb5       data     extern E:\3.45\pic18-lt\cxx-framework\src\traditional\proc\p18f46k80.asm
                B3DLCbits   0x000eb5       data     extern E:\3.45\pic18-lt\cxx-framework\src\traditional\proc\p18f46k80.asm
                   B3EIDH   0x000eb3       data     extern E:\3.45\pic18-lt\cxx-framework\src\traditional\proc\p18f46k80.asm
               B3EIDHbits   0x000eb3       data     extern E:\3.45\pic18-lt\cxx-framework\src\traditional\proc\p18f46k80.asm
                   B3EIDL   0x000eb4       data     extern E:\3.45\pic18-lt\cxx-framework\src\traditional\proc\p18f46k80.asm
               B3EIDLbits   0x000eb4       data     extern E:\3.45\pic18-lt\cxx-framework\src\traditional\proc\p18f46k80.asm
                   B3SIDH   0x000eb1       data     extern E:\3.45\pic18-lt\cxx-framework\src\traditional\proc\p18f46k80.asm
               B3SIDHbits   0x000eb1       data     extern E:\3.45\pic18-lt\cxx-framework\src\traditional\proc\p18f46k80.asm
                   B3SIDL   0x000eb2       data     extern E:\3.45\pic18-lt\cxx-framework\src\traditional\proc\p18f46k80.asm
               B3SIDLbits   0x000eb2       data     extern E:\3.45\pic18-lt\cxx-framework\src\traditional\proc\p18f46k80.asm
                    B4CON   0x000ec0       data     extern E:\3.45\pic18-lt\cxx-framework\src\traditional\proc\p18f46k80.asm
                B4CONbits   0x000ec0       data     extern E:\3.45\pic18-lt\cxx-framework\src\traditional\proc\p18f46k80.asm
                     B4D0   0x000ec6       data     extern E:\3.45\pic18-lt\cxx-framework\src\traditional\proc\p18f46k80.asm
                 B4D0bits   0x000ec6       data     extern E:\3.45\pic18-lt\cxx-framework\src\traditional\proc\p18f46k80.asm
                     B4D1   0x000ec7       data     extern E:\3.45\pic18-lt\cxx-framework\src\traditional\proc\p18f46k80.asm
                 B4D1bits   0x000ec7       data     extern E:\3.45\pic18-lt\cxx-framework\src\traditional\proc\p18f46k80.asm
                     B4D2   0x000ec8       data     extern E:\3.45\pic18-lt\cxx-framework\src\traditional\proc\p18f46k80.asm
                 B4D2bits   0x000ec8       data     extern E:\3.45\pic18-lt\cxx-framework\src\traditional\proc\p18f46k80.asm
                     B4D3   0x000ec9       data     extern E:\3.45\pic18-lt\cxx-framework\src\traditional\proc\p18f46k80.asm
                 B4D3bits   0x000ec9       data     extern E:\3.45\pic18-lt\cxx-framework\src\traditional\proc\p18f46k80.asm
                     B4D4   0x000eca       data     extern E:\3.45\pic18-lt\cxx-framework\src\traditional\proc\p18f46k80.asm
                 B4D4bits   0x000eca       data     extern E:\3.45\pic18-lt\cxx-framework\src\traditional\proc\p18f46k80.asm
                     B4D5   0x000ecb       data     extern E:\3.45\pic18-lt\cxx-framework\src\traditional\proc\p18f46k80.asm
                 B4D5bits   0x000ecb       data     extern E:\3.45\pic18-lt\cxx-framework\src\traditional\proc\p18f46k80.asm
                     B4D6   0x000ecc       data     extern E:\3.45\pic18-lt\cxx-framework\src\traditional\proc\p18f46k80.asm
                 B4D6bits   0x000ecc       data     extern E:\3.45\pic18-lt\cxx-framework\src\traditional\proc\p18f46k80.asm
                     B4D7   0x000ecd       data     extern E:\3.45\pic18-lt\cxx-framework\src\traditional\proc\p18f46k80.asm
                 B4D7bits   0x000ecd       data     extern E:\3.45\pic18-lt\cxx-framework\src\traditional\proc\p18f46k80.asm
                    B4DLC   0x000ec5       data     extern E:\3.45\pic18-lt\cxx-framework\src\traditional\proc\p18f46k80.asm
                B4DLCbits   0x000ec5       data     extern E:\3.45\pic18-lt\cxx-framework\src\traditional\proc\p18f46k80.asm
                   B4EIDH   0x000ec3       data     extern E:\3.45\pic18-lt\cxx-framework\src\traditional\proc\p18f46k80.asm
               B4EIDHbits   0x000ec3       data     extern E:\3.45\pic18-lt\cxx-framework\src\traditional\proc\p18f46k80.asm
                   B4EIDL   0x000ec4       data     extern E:\3.45\pic18-lt\cxx-framework\src\traditional\proc\p18f46k80.asm
               B4EIDLbits   0x000ec4       data     extern E:\3.45\pic18-lt\cxx-framework\src\traditional\proc\p18f46k80.asm
                   B4SIDH   0x000ec1       data     extern E:\3.45\pic18-lt\cxx-framework\src\traditional\proc\p18f46k80.asm
               B4SIDHbits   0x000ec1       data     extern E:\3.45\pic18-lt\cxx-framework\src\traditional\proc\p18f46k80.asm
                   B4SIDL   0x000ec2       data     extern E:\3.45\pic18-lt\cxx-framework\src\traditional\proc\p18f46k80.asm
               B4SIDLbits   0x000ec2       data     extern E:\3.45\pic18-lt\cxx-framework\src\traditional\proc\p18f46k80.asm
                    B5CON   0x000ed0       data     extern E:\3.45\pic18-lt\cxx-framework\src\traditional\proc\p18f46k80.asm
                B5CONbits   0x000ed0       data     extern E:\3.45\pic18-lt\cxx-framework\src\traditional\proc\p18f46k80.asm
                     B5D0   0x000ed6       data     extern E:\3.45\pic18-lt\cxx-framework\src\traditional\proc\p18f46k80.asm
                 B5D0bits   0x000ed6       data     extern E:\3.45\pic18-lt\cxx-framework\src\traditional\proc\p18f46k80.asm
                     B5D1   0x000ed7       data     extern E:\3.45\pic18-lt\cxx-framework\src\traditional\proc\p18f46k80.asm
                 B5D1bits   0x000ed7       data     extern E:\3.45\pic18-lt\cxx-framework\src\traditional\proc\p18f46k80.asm
                     B5D2   0x000ed8       data     extern E:\3.45\pic18-lt\cxx-framework\src\traditional\proc\p18f46k80.asm
                 B5D2bits   0x000ed8       data     extern E:\3.45\pic18-lt\cxx-framework\src\traditional\proc\p18f46k80.asm
                     B5D3   0x000ed9       data     extern E:\3.45\pic18-lt\cxx-framework\src\traditional\proc\p18f46k80.asm
                 B5D3bits   0x000ed9       data     extern E:\3.45\pic18-lt\cxx-framework\src\traditional\proc\p18f46k80.asm
                     B5D4   0x000eda       data     extern E:\3.45\pic18-lt\cxx-framework\src\traditional\proc\p18f46k80.asm
                 B5D4bits   0x000eda       data     extern E:\3.45\pic18-lt\cxx-framework\src\traditional\proc\p18f46k80.asm
                     B5D5   0x000edb       data     extern E:\3.45\pic18-lt\cxx-framework\src\traditional\proc\p18f46k80.asm
                 B5D5bits   0x000edb       data     extern E:\3.45\pic18-lt\cxx-framework\src\traditional\proc\p18f46k80.asm
                     B5D6   0x000edc       data     extern E:\3.45\pic18-lt\cxx-framework\src\traditional\proc\p18f46k80.asm
                 B5D6bits   0x000edc       data     extern E:\3.45\pic18-lt\cxx-framework\src\traditional\proc\p18f46k80.asm
                     B5D7   0x000edd       data     extern E:\3.45\pic18-lt\cxx-framework\src\traditional\proc\p18f46k80.asm
                 B5D7bits   0x000edd       data     extern E:\3.45\pic18-lt\cxx-framework\src\traditional\proc\p18f46k80.asm
                    B5DLC   0x000ed5       data     extern E:\3.45\pic18-lt\cxx-framework\src\traditional\proc\p18f46k80.asm
                B5DLCbits   0x000ed5       data     extern E:\3.45\pic18-lt\cxx-framework\src\traditional\proc\p18f46k80.asm
                   B5EIDH   0x000ed3       data     extern E:\3.45\pic18-lt\cxx-framework\src\traditional\proc\p18f46k80.asm
               B5EIDHbits   0x000ed3       data     extern E:\3.45\pic18-lt\cxx-framework\src\traditional\proc\p18f46k80.asm
                   B5EIDL   0x000ed4       data     extern E:\3.45\pic18-lt\cxx-framework\src\traditional\proc\p18f46k80.asm
               B5EIDLbits   0x000ed4       data     extern E:\3.45\pic18-lt\cxx-framework\src\traditional\proc\p18f46k80.asm
                   B5SIDH   0x000ed1       data     extern E:\3.45\pic18-lt\cxx-framework\src\traditional\proc\p18f46k80.asm
               B5SIDHbits   0x000ed1       data     extern E:\3.45\pic18-lt\cxx-framework\src\traditional\proc\p18f46k80.asm
                   B5SIDL   0x000ed2       data     extern E:\3.45\pic18-lt\cxx-framework\src\traditional\proc\p18f46k80.asm
               B5SIDLbits   0x000ed2       data     extern E:\3.45\pic18-lt\cxx-framework\src\traditional\proc\p18f46k80.asm
                 BAUDCON1   0x000fa7       data     extern E:\3.45\pic18-lt\cxx-framework\src\traditional\proc\p18f46k80.asm
             BAUDCON1bits   0x000fa7       data     extern E:\3.45\pic18-lt\cxx-framework\src\traditional\proc\p18f46k80.asm
                 BAUDCON2   0x000fb9       data     extern E:\3.45\pic18-lt\cxx-framework\src\traditional\proc\p18f46k80.asm
             BAUDCON2bits   0x000fb9       data     extern E:\3.45\pic18-lt\cxx-framework\src\traditional\proc\p18f46k80.asm
                     BIE0   0x000e7e       data     extern E:\3.45\pic18-lt\cxx-framework\src\traditional\proc\p18f46k80.asm
                 BIE0bits   0x000e7e       data     extern E:\3.45\pic18-lt\cxx-framework\src\traditional\proc\p18f46k80.asm
                  BRGCON1   0x000e43       data     extern E:\3.45\pic18-lt\cxx-framework\src\traditional\proc\p18f46k80.asm
              BRGCON1bits   0x000e43       data     extern E:\3.45\pic18-lt\cxx-framework\src\traditional\proc\p18f46k80.asm
                  BRGCON2   0x000e44       data     extern E:\3.45\pic18-lt\cxx-framework\src\traditional\proc\p18f46k80.asm
              BRGCON2bits   0x000e44       data     extern E:\3.45\pic18-lt\cxx-framework\src\traditional\proc\p18f46k80.asm
                  BRGCON3   0x000e45       data     extern E:\3.45\pic18-lt\cxx-framework\src\traditional\proc\p18f46k80.asm
              BRGCON3bits   0x000e45       data     extern E:\3.45\pic18-lt\cxx-framework\src\traditional\proc\p18f46k80.asm
                    BSEL0   0x000e7d       data     extern E:\3.45\pic18-lt\cxx-framework\src\traditional\proc\p18f46k80.asm
                BSEL0bits   0x000e7d       data     extern E:\3.45\pic18-lt\cxx-framework\src\traditional\proc\p18f46k80.asm
                      BSR   0x000fe0       data     extern E:\3.45\pic18-lt\cxx-framework\src\traditional\proc\p18f46k80.asm
                  BSRbits   0x000fe0       data     extern E:\3.45\pic18-lt\cxx-framework\src\traditional\proc\p18f46k80.asm
                   CANCON   0x000f6f       data     extern E:\3.45\pic18-lt\cxx-framework\src\traditional\proc\p18f46k80.asm
               CANCON_RO0   0x000f3f       data     extern E:\3.45\pic18-lt\cxx-framework\src\traditional\proc\p18f46k80.asm
           CANCON_RO0bits   0x000f3f       data     extern E:\3.45\pic18-lt\cxx-framework\src\traditional\proc\p18f46k80.asm
               CANCON_RO1   0x000f2f       data     extern E:\3.45\pic18-lt\cxx-framework\src\traditional\proc\p18f46k80.asm
           CANCON_RO1bits   0x000f2f       data     extern E:\3.45\pic18-lt\cxx-framework\src\traditional\proc\p18f46k80.asm
               CANCON_RO2   0x000f1f       data     extern E:\3.45\pic18-lt\cxx-framework\src\traditional\proc\p18f46k80.asm
           CANCON_RO2bits   0x000f1f       data     extern E:\3.45\pic18-lt\cxx-framework\src\traditional\proc\p18f46k80.asm
               CANCON_RO3   0x000f0f       data     extern E:\3.45\pic18-lt\cxx-framework\src\traditional\proc\p18f46k80.asm
           CANCON_RO3bits   0x000f0f       data     extern E:\3.45\pic18-lt\cxx-framework\src\traditional\proc\p18f46k80.asm
               CANCON_RO4   0x000edf       data     extern E:\3.45\pic18-lt\cxx-framework\src\traditional\proc\p18f46k80.asm
           CANCON_RO4bits   0x000edf       data     extern E:\3.45\pic18-lt\cxx-framework\src\traditional\proc\p18f46k80.asm
               CANCON_RO5   0x000ecf       data     extern E:\3.45\pic18-lt\cxx-framework\src\traditional\proc\p18f46k80.asm
           CANCON_RO5bits   0x000ecf       data     extern E:\3.45\pic18-lt\cxx-framework\src\traditional\proc\p18f46k80.asm
               CANCON_RO6   0x000ebf       data     extern E:\3.45\pic18-lt\cxx-framework\src\traditional\proc\p18f46k80.asm
           CANCON_RO6bits   0x000ebf       data     extern E:\3.45\pic18-lt\cxx-framework\src\traditional\proc\p18f46k80.asm
               CANCON_RO7   0x000eaf       data     extern E:\3.45\pic18-lt\cxx-framework\src\traditional\proc\p18f46k80.asm
           CANCON_RO7bits   0x000eaf       data     extern E:\3.45\pic18-lt\cxx-framework\src\traditional\proc\p18f46k80.asm
               CANCON_RO8   0x000e9f       data     extern E:\3.45\pic18-lt\cxx-framework\src\traditional\proc\p18f46k80.asm
           CANCON_RO8bits   0x000e9f       data     extern E:\3.45\pic18-lt\cxx-framework\src\traditional\proc\p18f46k80.asm
               CANCON_RO9   0x000e8f       data     extern E:\3.45\pic18-lt\cxx-framework\src\traditional\proc\p18f46k80.asm
           CANCON_RO9bits   0x000e8f       data     extern E:\3.45\pic18-lt\cxx-framework\src\traditional\proc\p18f46k80.asm
               CANCONbits   0x000f6f       data     extern E:\3.45\pic18-lt\cxx-framework\src\traditional\proc\p18f46k80.asm
                  CANSTAT   0x000f6e       data     extern E:\3.45\pic18-lt\cxx-framework\src\traditional\proc\p18f46k80.asm
              CANSTAT_RO0   0x000f3e       data     extern E:\3.45\pic18-lt\cxx-framework\src\traditional\proc\p18f46k80.asm
          CANSTAT_RO0bits   0x000f3e       data     extern E:\3.45\pic18-lt\cxx-framework\src\traditional\proc\p18f46k80.asm
              CANSTAT_RO1   0x000f2e       data     extern E:\3.45\pic18-lt\cxx-framework\src\traditional\proc\p18f46k80.asm
          CANSTAT_RO1bits   0x000f2e       data     extern E:\3.45\pic18-lt\cxx-framework\src\traditional\proc\p18f46k80.asm
              CANSTAT_RO2   0x000f1e       data     extern E:\3.45\pic18-lt\cxx-framework\src\traditional\proc\p18f46k80.asm
          CANSTAT_RO2bits   0x000f1e       data     extern E:\3.45\pic18-lt\cxx-framework\src\traditional\proc\p18f46k80.asm
              CANSTAT_RO3   0x000f0e       data     extern E:\3.45\pic18-lt\cxx-framework\src\traditional\proc\p18f46k80.asm
          CANSTAT_RO3bits   0x000f0e       data     extern E:\3.45\pic18-lt\cxx-framework\src\traditional\proc\p18f46k80.asm
              CANSTAT_RO4   0x000ede       data     extern E:\3.45\pic18-lt\cxx-framework\src\traditional\proc\p18f46k80.asm
          CANSTAT_RO4bits   0x000ede       data     extern E:\3.45\pic18-lt\cxx-framework\src\traditional\proc\p18f46k80.asm
              CANSTAT_RO5   0x000ece       data     extern E:\3.45\pic18-lt\cxx-framework\src\traditional\proc\p18f46k80.asm
          CANSTAT_RO5bits   0x000ece       data     extern E:\3.45\pic18-lt\cxx-framework\src\traditional\proc\p18f46k80.asm
              CANSTAT_RO6   0x000ebe       data     extern E:\3.45\pic18-lt\cxx-framework\src\traditional\proc\p18f46k80.asm
          CANSTAT_RO6bits   0x000ebe       data     extern E:\3.45\pic18-lt\cxx-framework\src\traditional\proc\p18f46k80.asm
              CANSTAT_RO7   0x000eae       data     extern E:\3.45\pic18-lt\cxx-framework\src\traditional\proc\p18f46k80.asm
          CANSTAT_RO7bits   0x000eae       data     extern E:\3.45\pic18-lt\cxx-framework\src\traditional\proc\p18f46k80.asm
              CANSTAT_RO8   0x000e9e       data     extern E:\3.45\pic18-lt\cxx-framework\src\traditional\proc\p18f46k80.asm
          CANSTAT_RO8bits   0x000e9e       data     extern E:\3.45\pic18-lt\cxx-framework\src\traditional\proc\p18f46k80.asm
              CANSTAT_RO9   0x000e8e       data     extern E:\3.45\pic18-lt\cxx-framework\src\traditional\proc\p18f46k80.asm
          CANSTAT_RO9bits   0x000e8e       data     extern E:\3.45\pic18-lt\cxx-framework\src\traditional\proc\p18f46k80.asm
              CANSTATbits   0x000f6e       data     extern E:\3.45\pic18-lt\cxx-framework\src\traditional\proc\p18f46k80.asm
                  CCP1CON   0x000fbb       data     extern E:\3.45\pic18-lt\cxx-framework\src\traditional\proc\p18f46k80.asm
              CCP1CONbits   0x000fbb       data     extern E:\3.45\pic18-lt\cxx-framework\src\traditional\proc\p18f46k80.asm
                  CCP2CON   0x000f50       data     extern E:\3.45\pic18-lt\cxx-framework\src\traditional\proc\p18f46k80.asm
              CCP2CONbits   0x000f50       data     extern E:\3.45\pic18-lt\cxx-framework\src\traditional\proc\p18f46k80.asm
                  CCP3CON   0x000f4d       data     extern E:\3.45\pic18-lt\cxx-framework\src\traditional\proc\p18f46k80.asm
              CCP3CONbits   0x000f4d       data     extern E:\3.45\pic18-lt\cxx-framework\src\traditional\proc\p18f46k80.asm
                  CCP4CON   0x000f4a       data     extern E:\3.45\pic18-lt\cxx-framework\src\traditional\proc\p18f46k80.asm
              CCP4CONbits   0x000f4a       data     extern E:\3.45\pic18-lt\cxx-framework\src\traditional\proc\p18f46k80.asm
                  CCP5CON   0x000f47       data     extern E:\3.45\pic18-lt\cxx-framework\src\traditional\proc\p18f46k80.asm
              CCP5CONbits   0x000f47       data     extern E:\3.45\pic18-lt\cxx-framework\src\traditional\proc\p18f46k80.asm
                    CCPR1   0x000fbc       data     extern E:\3.45\pic18-lt\cxx-framework\src\traditional\proc\p18f46k80.asm
                   CCPR1H   0x000fbd       data     extern E:\3.45\pic18-lt\cxx-framework\src\traditional\proc\p18f46k80.asm
                   CCPR1L   0x000fbc       data     extern E:\3.45\pic18-lt\cxx-framework\src\traditional\proc\p18f46k80.asm
                    CCPR2   0x000f51       data     extern E:\3.45\pic18-lt\cxx-framework\src\traditional\proc\p18f46k80.asm
                   CCPR2H   0x000f52       data     extern E:\3.45\pic18-lt\cxx-framework\src\traditional\proc\p18f46k80.asm
                   CCPR2L   0x000f51       data     extern E:\3.45\pic18-lt\cxx-framework\src\traditional\proc\p18f46k80.asm
                    CCPR3   0x000f4e       data     extern E:\3.45\pic18-lt\cxx-framework\src\traditional\proc\p18f46k80.asm
                   CCPR3H   0x000f4f       data     extern E:\3.45\pic18-lt\cxx-framework\src\traditional\proc\p18f46k80.asm
                   CCPR3L   0x000f4e       data     extern E:\3.45\pic18-lt\cxx-framework\src\traditional\proc\p18f46k80.asm
                    CCPR4   0x000f4b       data     extern E:\3.45\pic18-lt\cxx-framework\src\traditional\proc\p18f46k80.asm
                   CCPR4H   0x000f4c       data     extern E:\3.45\pic18-lt\cxx-framework\src\traditional\proc\p18f46k80.asm
                   CCPR4L   0x000f4b       data     extern E:\3.45\pic18-lt\cxx-framework\src\traditional\proc\p18f46k80.asm
                    CCPR5   0x000f48       data     extern E:\3.45\pic18-lt\cxx-framework\src\traditional\proc\p18f46k80.asm
                   CCPR5H   0x000f49       data     extern E:\3.45\pic18-lt\cxx-framework\src\traditional\proc\p18f46k80.asm
                   CCPR5L   0x000f48       data     extern E:\3.45\pic18-lt\cxx-framework\src\traditional\proc\p18f46k80.asm
                  CCPTMRS   0x000f99       data     extern E:\3.45\pic18-lt\cxx-framework\src\traditional\proc\p18f46k80.asm
              CCPTMRSbits   0x000f99       data     extern E:\3.45\pic18-lt\cxx-framework\src\traditional\proc\p18f46k80.asm
                   CIOCON   0x000f70       data     extern E:\3.45\pic18-lt\cxx-framework\src\traditional\proc\p18f46k80.asm
               CIOCONbits   0x000f70       data     extern E:\3.45\pic18-lt\cxx-framework\src\traditional\proc\p18f46k80.asm
                   CM1CON   0x000f5f       data     extern E:\3.45\pic18-lt\cxx-framework\src\traditional\proc\p18f46k80.asm
                  CM1CON1   0x000f5f       data     extern E:\3.45\pic18-lt\cxx-framework\src\traditional\proc\p18f46k80.asm
              CM1CON1bits   0x000f5f       data     extern E:\3.45\pic18-lt\cxx-framework\src\traditional\proc\p18f46k80.asm
               CM1CONbits   0x000f5f       data     extern E:\3.45\pic18-lt\cxx-framework\src\traditional\proc\p18f46k80.asm
                   CM2CON   0x000f5e       data     extern E:\3.45\pic18-lt\cxx-framework\src\traditional\proc\p18f46k80.asm
                  CM2CON1   0x000f5e       data     extern E:\3.45\pic18-lt\cxx-framework\src\traditional\proc\p18f46k80.asm
              CM2CON1bits   0x000f5e       data     extern E:\3.45\pic18-lt\cxx-framework\src\traditional\proc\p18f46k80.asm
               CM2CONbits   0x000f5e       data     extern E:\3.45\pic18-lt\cxx-framework\src\traditional\proc\p18f46k80.asm
                   CMSTAT   0x000fb4       data     extern E:\3.45\pic18-lt\cxx-framework\src\traditional\proc\p18f46k80.asm
                 CMSTATUS   0x000fb4       data     extern E:\3.45\pic18-lt\cxx-framework\src\traditional\proc\p18f46k80.asm
             CMSTATUSbits   0x000fb4       data     extern E:\3.45\pic18-lt\cxx-framework\src\traditional\proc\p18f46k80.asm
               CMSTATbits   0x000fb4       data     extern E:\3.45\pic18-lt\cxx-framework\src\traditional\proc\p18f46k80.asm
                  COMSTAT   0x000f71       data     extern E:\3.45\pic18-lt\cxx-framework\src\traditional\proc\p18f46k80.asm
              COMSTATbits   0x000f71       data     extern E:\3.45\pic18-lt\cxx-framework\src\traditional\proc\p18f46k80.asm
                 CTMUCONH   0x000f55       data     extern E:\3.45\pic18-lt\cxx-framework\src\traditional\proc\p18f46k80.asm
             CTMUCONHbits   0x000f55       data     extern E:\3.45\pic18-lt\cxx-framework\src\traditional\proc\p18f46k80.asm
                 CTMUCONL   0x000f54       data     extern E:\3.45\pic18-lt\cxx-framework\src\traditional\proc\p18f46k80.asm
             CTMUCONLbits   0x000f54       data     extern E:\3.45\pic18-lt\cxx-framework\src\traditional\proc\p18f46k80.asm
                 CTMUICON   0x000f53       data     extern E:\3.45\pic18-lt\cxx-framework\src\traditional\proc\p18f46k80.asm
             CTMUICONbits   0x000f53       data     extern E:\3.45\pic18-lt\cxx-framework\src\traditional\proc\p18f46k80.asm
                   CVRCON   0x000fb5       data     extern E:\3.45\pic18-lt\cxx-framework\src\traditional\proc\p18f46k80.asm
               CVRCONbits   0x000fb5       data     extern E:\3.45\pic18-lt\cxx-framework\src\traditional\proc\p18f46k80.asm
                       Da   0x000e39       data     extern E:\zine programs\l_l_l controller all\June 2012\l_l_l controller code 23-6-12\src\rtc.c
                  ECANCON   0x000f72       data     extern E:\3.45\pic18-lt\cxx-framework\src\traditional\proc\p18f46k80.asm
              ECANCONbits   0x000f72       data     extern E:\3.45\pic18-lt\cxx-framework\src\traditional\proc\p18f46k80.asm
                  ECCP1AS   0x000fbf       data     extern E:\3.45\pic18-lt\cxx-framework\src\traditional\proc\p18f46k80.asm
              ECCP1ASbits   0x000fbf       data     extern E:\3.45\pic18-lt\cxx-framework\src\traditional\proc\p18f46k80.asm
                 ECCP1CON   0x000fbb       data     extern E:\3.45\pic18-lt\cxx-framework\src\traditional\proc\p18f46k80.asm
             ECCP1CONbits   0x000fbb       data     extern E:\3.45\pic18-lt\cxx-framework\src\traditional\proc\p18f46k80.asm
                 ECCP1DEL   0x000fbe       data     extern E:\3.45\pic18-lt\cxx-framework\src\traditional\proc\p18f46k80.asm
             ECCP1DELbits   0x000fbe       data     extern E:\3.45\pic18-lt\cxx-framework\src\traditional\proc\p18f46k80.asm
                 ECCP2CON   0x000f50       data     extern E:\3.45\pic18-lt\cxx-framework\src\traditional\proc\p18f46k80.asm
             ECCP2CONbits   0x000f50       data     extern E:\3.45\pic18-lt\cxx-framework\src\traditional\proc\p18f46k80.asm
                    EEADR   0x000f74       data     extern E:\3.45\pic18-lt\cxx-framework\src\traditional\proc\p18f46k80.asm
                   EEADRH   0x000f75       data     extern E:\3.45\pic18-lt\cxx-framework\src\traditional\proc\p18f46k80.asm
                   EECON1   0x000f7f       data     extern E:\3.45\pic18-lt\cxx-framework\src\traditional\proc\p18f46k80.asm
               EECON1bits   0x000f7f       data     extern E:\3.45\pic18-lt\cxx-framework\src\traditional\proc\p18f46k80.asm
                   EECON2   0x000f7e       data     extern E:\3.45\pic18-lt\cxx-framework\src\traditional\proc\p18f46k80.asm
                   EEDATA   0x000f73       data     extern E:\3.45\pic18-lt\cxx-framework\src\traditional\proc\p18f46k80.asm
                     FSR0   0x000fe9       data     extern E:\3.45\pic18-lt\cxx-framework\src\traditional\proc\p18f46k80.asm
[...]
                 IPR3bits   0x000fa5       data     extern E:\3.45\pic18-lt\cxx-framework\src\traditional\proc\p18f46k80.asm
                     IPR3   0x000fa5       data     extern E:\3.45\pic18-lt\cxx-framework\src\traditional\proc\p18f46k80.asm
                   RCSTA2   0x000fa6       data     extern E:\3.45\pic18-lt\cxx-framework\src\traditional\proc\p18f46k80.asm
               RCSTA2bits   0x000fa6       data     extern E:\3.45\pic18-lt\cxx-framework\src\traditional\proc\p18f46k80.asm
                 BAUDCON1   0x000fa7       data     extern E:\3.45\pic18-lt\cxx-framework\src\traditional\proc\p18f46k80.asm
             BAUDCON1bits   0x000fa7       data     extern E:\3.45\pic18-lt\cxx-framework\src\traditional\proc\p18f46k80.asm
                  HLVDCON   0x000fa8       data     extern E:\3.45\pic18-lt\cxx-framework\src\traditional\proc\p18f46k80.asm
              HLVDCONbits   0x000fa8       data     extern E:\3.45\pic18-lt\cxx-framework\src\traditional\proc\p18f46k80.asm
                      PR4   0x000fa9       data     extern E:\3.45\pic18-lt\cxx-framework\src\traditional\proc\p18f46k80.asm
                   T1GCON   0x000faa       data     extern E:\3.45\pic18-lt\cxx-framework\src\traditional\proc\p18f46k80.asm
               T1GCONbits   0x000faa       data     extern E:\3.45\pic18-lt\cxx-framework\src\traditional\proc\p18f46k80.asm
                RCSTAbits   0x000fab       data     extern E:\3.45\pic18-lt\cxx-framework\src\traditional\proc\p18f46k80.asm
               RCSTA1bits   0x000fab       data     extern E:\3.45\pic18-lt\cxx-framework\src\traditional\proc\p18f46k80.asm
                   RCSTA1   0x000fab       data     extern E:\3.45\pic18-lt\cxx-framework\src\traditional\proc\p18f46k80.asm
                    RCSTA   0x000fab       data     extern E:\3.45\pic18-lt\cxx-framework\src\traditional\proc\p18f46k80.asm
                    TXSTA   0x000fac       data     extern E:\3.45\pic18-lt\cxx-framework\src\traditional\proc\p18f46k80.asm
                   TXSTA1   0x000fac       data     extern E:\3.45\pic18-lt\cxx-framework\src\traditional\proc\p18f46k80.asm
               TXSTA1bits   0x000fac       data     extern E:\3.45\pic18-lt\cxx-framework\src\traditional\proc\p18f46k80.asm
                TXSTAbits   0x000fac       data     extern E:\3.45\pic18-lt\cxx-framework\src\traditional\proc\p18f46k80.asm
                   TXREG1   0x000fad       data     extern E:\3.45\pic18-lt\cxx-framework\src\traditional\proc\p18f46k80.asm
                    TXREG   0x000fad       data     extern E:\3.45\pic18-lt\cxx-framework\src\traditional\proc\p18f46k80.asm
                    RCREG   0x000fae       data     extern E:\3.45\pic18-lt\cxx-framework\src\traditional\proc\p18f46k80.asm
                   RCREG1   0x000fae       data     extern E:\3.45\pic18-lt\cxx-framework\src\traditional\proc\p18f46k80.asm
                    SPBRG   0x000faf       data     extern E:\3.45\pic18-lt\cxx-framework\src\traditional\proc\p18f46k80.asm
                   SPBRG1   0x000faf       data     extern E:\3.45\pic18-lt\cxx-framework\src\traditional\proc\p18f46k80.asm
               T3GCONbits   0x000fb0       data     extern E:\3.45\pic18-lt\cxx-framework\src\traditional\proc\p18f46k80.asm
                   T3GCON   0x000fb0       data     extern E:\3.45\pic18-lt\cxx-framework\src\traditional\proc\p18f46k80.asm
                T3CONbits   0x000fb1       data     extern E:\3.45\pic18-lt\cxx-framework\src\traditional\proc\p18f46k80.asm
                    T3CON   0x000fb1       data     extern E:\3.45\pic18-lt\cxx-framework\src\traditional\proc\p18f46k80.asm
                    TMR3L   0x000fb2       data     extern E:\3.45\pic18-lt\cxx-framework\src\traditional\proc\p18f46k80.asm
                    TMR3H   0x000fb3       data     extern E:\3.45\pic18-lt\cxx-framework\src\traditional\proc\p18f46k80.asm
                   CMSTAT   0x000fb4       data     extern E:\3.45\pic18-lt\cxx-framework\src\traditional\proc\p18f46k80.asm
                 CMSTATUS   0x000fb4       data     extern E:\3.45\pic18-lt\cxx-framework\src\traditional\proc\p18f46k80.asm
               CMSTATbits   0x000fb4       data     extern E:\3.45\pic18-lt\cxx-framework\src\traditional\proc\p18f46k80.asm
             CMSTATUSbits   0x000fb4       data     extern E:\3.45\pic18-lt\cxx-framework\src\traditional\proc\p18f46k80.asm
               CVRCONbits   0x000fb5       data     extern E:\3.45\pic18-lt\cxx-framework\src\traditional\proc\p18f46k80.asm
                   CVRCON   0x000fb5       data     extern E:\3.45\pic18-lt\cxx-framework\src\traditional\proc\p18f46k80.asm
                     PIE4   0x000fb6       data     extern E:\3.45\pic18-lt\cxx-framework\src\traditional\proc\p18f46k80.asm
                 PIE4bits   0x000fb6       data     extern E:\3.45\pic18-lt\cxx-framework\src\traditional\proc\p18f46k80.asm
                     PIR4   0x000fb7       data     extern E:\3.45\pic18-lt\cxx-framework\src\traditional\proc\p18f46k80.asm
                 PIR4bits   0x000fb7       data     extern E:\3.45\pic18-lt\cxx-framework\src\traditional\proc\p18f46k80.asm
                 IPR4bits   0x000fb8       data     extern E:\3.45\pic18-lt\cxx-framework\src\traditional\proc\p18f46k80.asm
                     IPR4   0x000fb8       data     extern E:\3.45\pic18-lt\cxx-framework\src\traditional\proc\p18f46k80.asm
             BAUDCON2bits   0x000fb9       data     extern E:\3.45\pic18-lt\cxx-framework\src\traditional\proc\p18f46k80.asm
                 BAUDCON2   0x000fb9       data     extern E:\3.45\pic18-lt\cxx-framework\src\traditional\proc\p18f46k80.asm
                   TXSTA2   0x000fba       data     extern E:\3.45\pic18-lt\cxx-framework\src\traditional\proc\p18f46k80.asm
               TXSTA2bits   0x000fba       data     extern E:\3.45\pic18-lt\cxx-framework\src\traditional\proc\p18f46k80.asm
                  CCP1CON   0x000fbb       data     extern E:\3.45\pic18-lt\cxx-framework\src\traditional\proc\p18f46k80.asm
              CCP1CONbits   0x000fbb       data     extern E:\3.45\pic18-lt\cxx-framework\src\traditional\proc\p18f46k80.asm
                 ECCP1CON   0x000fbb       data     extern E:\3.45\pic18-lt\cxx-framework\src\traditional\proc\p18f46k80.asm
             ECCP1CONbits   0x000fbb       data     extern E:\3.45\pic18-lt\cxx-framework\src\traditional\proc\p18f46k80.asm
                    CCPR1   0x000fbc       data     extern E:\3.45\pic18-lt\cxx-framework\src\traditional\proc\p18f46k80.asm
                   CCPR1L   0x000fbc       data     extern E:\3.45\pic18-lt\cxx-framework\src\traditional\proc\p18f46k80.asm
                   CCPR1H   0x000fbd       data     extern E:\3.45\pic18-lt\cxx-framework\src\traditional\proc\p18f46k80.asm
                 ECCP1DEL   0x000fbe       data     extern E:\3.45\pic18-lt\cxx-framework\src\traditional\proc\p18f46k80.asm
             ECCP1DELbits   0x000fbe       data     extern E:\3.45\pic18-lt\cxx-framework\src\traditional\proc\p18f46k80.asm
              PWM1CONbits   0x000fbe       data     extern E:\3.45\pic18-lt\cxx-framework\src\traditional\proc\p18f46k80.asm
                  PWM1CON   0x000fbe       data     extern E:\3.45\pic18-lt\cxx-framework\src\traditional\proc\p18f46k80.asm
              ECCP1ASbits   0x000fbf       data     extern E:\3.45\pic18-lt\cxx-framework\src\traditional\proc\p18f46k80.asm
                  ECCP1AS   0x000fbf       data     extern E:\3.45\pic18-lt\cxx-framework\src\traditional\proc\p18f46k80.asm
               ADCON2bits   0x000fc0       data     extern E:\3.45\pic18-lt\cxx-framework\src\traditional\proc\p18f46k80.asm
                   ADCON2   0x000fc0       data     extern E:\3.45\pic18-lt\cxx-framework\src\traditional\proc\p18f46k80.asm
               ADCON1bits   0x000fc1       data     extern E:\3.45\pic18-lt\cxx-framework\src\traditional\proc\p18f46k80.asm
                   ADCON1   0x000fc1       data     extern E:\3.45\pic18-lt\cxx-framework\src\traditional\proc\p18f46k80.asm
               ADCON0bits   0x000fc2       data     extern E:\3.45\pic18-lt\cxx-framework\src\traditional\proc\p18f46k80.asm
                   ADCON0   0x000fc2       data     extern E:\3.45\pic18-lt\cxx-framework\src\traditional\proc\p18f46k80.asm
                   ADRESL   0x000fc3       data     extern E:\3.45\pic18-lt\cxx-framework\src\traditional\proc\p18f46k80.asm
                    ADRES   0x000fc3       data     extern E:\3.45\pic18-lt\cxx-framework\src\traditional\proc\p18f46k80.asm
                   ADRESH   0x000fc4       data     extern E:\3.45\pic18-lt\cxx-framework\src\traditional\proc\p18f46k80.asm
                  SSPCON2   0x000fc5       data     extern E:\3.45\pic18-lt\cxx-framework\src\traditional\proc\p18f46k80.asm
              SSPCON2bits   0x000fc5       data     extern E:\3.45\pic18-lt\cxx-framework\src\traditional\proc\p18f46k80.asm
                  SSPCON1   0x000fc6       data     extern E:\3.45\pic18-lt\cxx-framework\src\traditional\proc\p18f46k80.asm
              SSPCON1bits   0x000fc6       data     extern E:\3.45\pic18-lt\cxx-framework\src\traditional\proc\p18f46k80.asm
                  SSPSTAT   0x000fc7       data     extern E:\3.45\pic18-lt\cxx-framework\src\traditional\proc\p18f46k80.asm
              SSPSTATbits   0x000fc7       data     extern E:\3.45\pic18-lt\cxx-framework\src\traditional\proc\p18f46k80.asm
               SSPADDbits   0x000fc8       data     extern E:\3.45\pic18-lt\cxx-framework\src\traditional\proc\p18f46k80.asm
                   SSPADD   0x000fc8       data     extern E:\3.45\pic18-lt\cxx-framework\src\traditional\proc\p18f46k80.asm
                   SSPBUF   0x000fc9       data     extern E:\3.45\pic18-lt\cxx-framework\src\traditional\proc\p18f46k80.asm
                T2CONbits   0x000fca       data     extern E:\3.45\pic18-lt\cxx-framework\src\traditional\proc\p18f46k80.asm
                    T2CON   0x000fca       data     extern E:\3.45\pic18-lt\cxx-framework\src\traditional\proc\p18f46k80.asm
                      PR2   0x000fcb       data     extern E:\3.45\pic18-lt\cxx-framework\src\traditional\proc\p18f46k80.asm
                     TMR2   0x000fcc       data     extern E:\3.45\pic18-lt\cxx-framework\src\traditional\proc\p18f46k80.asm
                T1CONbits   0x000fcd       data     extern E:\3.45\pic18-lt\cxx-framework\src\traditional\proc\p18f46k80.asm
                    T1CON   0x000fcd       data     extern E:\3.45\pic18-lt\cxx-framework\src\traditional\proc\p18f46k80.asm
                    TMR1L   0x000fce       data     extern E:\3.45\pic18-lt\cxx-framework\src\traditional\proc\p18f46k80.asm
                    TMR1H   0x000fcf       data     extern E:\3.45\pic18-lt\cxx-framework\src\traditional\proc\p18f46k80.asm
                 RCONbits   0x000fd0       data     extern E:\3.45\pic18-lt\cxx-framework\src\traditional\proc\p18f46k80.asm
                     RCON   0x000fd0       data     extern E:\3.45\pic18-lt\cxx-framework\src\traditional\proc\p18f46k80.asm
               WDTCONbits   0x000fd1       data     extern E:\3.45\pic18-lt\cxx-framework\src\traditional\proc\p18f46k80.asm
                   WDTCON   0x000fd1       data     extern E:\3.45\pic18-lt\cxx-framework\src\traditional\proc\p18f46k80.asm
                  OSCCON2   0x000fd2       data     extern E:\3.45\pic18-lt\cxx-framework\src\traditional\proc\p18f46k80.asm
              OSCCON2bits   0x000fd2       data     extern E:\3.45\pic18-lt\cxx-framework\src\traditional\proc\p18f46k80.asm
                   OSCCON   0x000fd3       data     extern E:\3.45\pic18-lt\cxx-framework\src\traditional\proc\p18f46k80.asm
               OSCCONbits   0x000fd3       data     extern E:\3.45\pic18-lt\cxx-framework\src\traditional\proc\p18f46k80.asm
                T0CONbits   0x000fd5       data     extern E:\3.45\pic18-lt\cxx-framework\src\traditional\proc\p18f46k80.asm
                    T0CON   0x000fd5       data     extern E:\3.45\pic18-lt\cxx-framework\src\traditional\proc\p18f46k80.asm
                    TMR0L   0x000fd6       data     extern E:\3.45\pic18-lt\cxx-framework\src\traditional\proc\p18f46k80.asm
                    TMR0H   0x000fd7       data     extern E:\3.45\pic18-lt\cxx-framework\src\traditional\proc\p18f46k80.asm
               STATUSbits   0x000fd8       data     extern E:\3.45\pic18-lt\cxx-framework\src\traditional\proc\p18f46k80.asm
                   STATUS   0x000fd8       data     extern E:\3.45\pic18-lt\cxx-framework\src\traditional\proc\p18f46k80.asm
                    FSR2L   0x000fd9       data     extern E:\3.45\pic18-lt\cxx-framework\src\traditional\proc\p18f46k80.asm
                     FSR2   0x000fd9       data     extern E:\3.45\pic18-lt\cxx-framework\src\traditional\proc\p18f46k80.asm
                    FSR2H   0x000fda       data     extern E:\3.45\pic18-lt\cxx-framework\src\traditional\proc\p18f46k80.asm
                FSR2Hbits   0x000fda       data     extern E:\3.45\pic18-lt\cxx-framework\src\traditional\proc\p18f46k80.asm
                   PLUSW2   0x000fdb       data     extern E:\3.45\pic18-lt\cxx-framework\src\traditional\proc\p18f46k80.asm
                  PREINC2   0x000fdc       data     extern E:\3.45\pic18-lt\cxx-framework\src\traditional\proc\p18f46k80.asm
                 POSTDEC2   0x000fdd       data     extern E:\3.45\pic18-lt\cxx-framework\src\traditional\proc\p18f46k80.asm
                 POSTINC2   0x000fde       data     extern E:\3.45\pic18-lt\cxx-framework\src\traditional\proc\p18f46k80.asm
                    INDF2   0x000fdf       data     extern E:\3.45\pic18-lt\cxx-framework\src\traditional\proc\p18f46k80.asm
                  BSRbits   0x000fe0       data     extern E:\3.45\pic18-lt\cxx-framework\src\traditional\proc\p18f46k80.asm
                      BSR   0x000fe0       data     extern E:\3.45\pic18-lt\cxx-framework\src\traditional\proc\p18f46k80.asm
                     FSR1   0x000fe1       data     extern E:\3.45\pic18-lt\cxx-framework\src\traditional\proc\p18f46k80.asm
                    FSR1L   0x000fe1       data     extern E:\3.45\pic18-lt\cxx-framework\src\traditional\proc\p18f46k80.asm
                FSR1Hbits   0x000fe2       data     extern E:\3.45\pic18-lt\cxx-framework\src\traditional\proc\p18f46k80.asm
                    FSR1H   0x000fe2       data     extern E:\3.45\pic18-lt\cxx-framework\src\traditional\proc\p18f46k80.asm
                   PLUSW1   0x000fe3       data     extern E:\3.45\pic18-lt\cxx-framework\src\traditional\proc\p18f46k80.asm
                  PREINC1   0x000fe4       data     extern E:\3.45\pic18-lt\cxx-framework\src\traditional\proc\p18f46k80.asm
                 POSTDEC1   0x000fe5       data     extern E:\3.45\pic18-lt\cxx-framework\src\traditional\proc\p18f46k80.asm
                 POSTINC1   0x000fe6       data     extern E:\3.45\pic18-lt\cxx-framework\src\traditional\proc\p18f46k80.asm
                    INDF1   0x000fe7       data     extern E:\3.45\pic18-lt\cxx-framework\src\traditional\proc\p18f46k80.asm
                     WREG   0x000fe8       data     extern E:\3.45\pic18-lt\cxx-framework\src\traditional\proc\p18f46k80.asm
                     FSR0   0x000fe9       data     extern E:\3.45\pic18-lt\cxx-framework\src\traditional\proc\p18f46k80.asm
                    FSR0L   0x000fe9       data     extern E:\3.45\pic18-lt\cxx-framework\src\traditional\proc\p18f46k80.asm
                    FSR0H   0x000fea       data     extern E:\3.45\pic18-lt\cxx-framework\src\traditional\proc\p18f46k80.asm
                FSR0Hbits   0x000fea       data     extern E:\3.45\pic18-lt\cxx-framework\src\traditional\proc\p18f46k80.asm
                   PLUSW0   0x000feb       data     extern E:\3.45\pic18-lt\cxx-framework\src\traditional\proc\p18f46k80.asm
                  PREINC0   0x000fec       data     extern E:\3.45\pic18-lt\cxx-framework\src\traditional\proc\p18f46k80.asm
                 POSTDEC0   0x000fed       data     extern E:\3.45\pic18-lt\cxx-framework\src\traditional\proc\p18f46k80.asm
                 POSTINC0   0x000fee       data     extern E:\3.45\pic18-lt\cxx-framework\src\traditional\proc\p18f46k80.asm
                    INDF0   0x000fef       data     extern E:\3.45\pic18-lt\cxx-framework\src\traditional\proc\p18f46k80.asm
              INTCON3bits   0x000ff0       data     extern E:\3.45\pic18-lt\cxx-framework\src\traditional\proc\p18f46k80.asm
                  INTCON3   0x000ff0       data     extern E:\3.45\pic18-lt\cxx-framework\src\traditional\proc\p18f46k80.asm
                  INTCON2   0x000ff1       data     extern E:\3.45\pic18-lt\cxx-framework\src\traditional\proc\p18f46k80.asm
              INTCON2bits   0x000ff1       data     extern E:\3.45\pic18-lt\cxx-framework\src\traditional\proc\p18f46k80.asm
                   INTCON   0x000ff2       data     extern E:\3.45\pic18-lt\cxx-framework\src\traditional\proc\p18f46k80.asm
                  INTCON1   0x000ff2       data     extern E:\3.45\pic18-lt\cxx-framework\src\traditional\proc\p18f46k80.asm
              INTCON1bits   0x000ff2       data     extern E:\3.45\pic18-lt\cxx-framework\src\traditional\proc\p18f46k80.asm
               INTCONbits   0x000ff2       data     extern E:\3.45\pic18-lt\cxx-framework\src\traditional\proc\p18f46k80.asm
                    PRODL   0x000ff3       data     extern E:\3.45\pic18-lt\cxx-framework\src\traditional\proc\p18f46k80.asm
                     PROD   0x000ff3       data     extern E:\3.45\pic18-lt\cxx-framework\src\traditional\proc\p18f46k80.asm
                    PRODH   0x000ff4       data     extern E:\3.45\pic18-lt\cxx-framework\src\traditional\proc\p18f46k80.asm
                   TABLAT   0x000ff5       data     extern E:\3.45\pic18-lt\cxx-framework\src\traditional\proc\p18f46k80.asm
                   TBLPTR   0x000ff6       data     extern E:\3.45\pic18-lt\cxx-framework\src\traditional\proc\p18f46k80.asm
                  TBLPTRL   0x000ff6       data     extern E:\3.45\pic18-lt\cxx-framework\src\traditional\proc\p18f46k80.asm
                  TBLPTRH   0x000ff7       data     extern E:\3.45\pic18-lt\cxx-framework\src\traditional\proc\p18f46k80.asm
              TBLPTRUbits   0x000ff8       data     extern E:\3.45\pic18-lt\cxx-framework\src\traditional\proc\p18f46k80.asm
                  TBLPTRU   0x000ff8       data     extern E:\3.45\pic18-lt\cxx-framework\src\traditional\proc\p18f46k80.asm
                      PCL   0x000ff9       data     extern E:\3.45\pic18-lt\cxx-framework\src\traditional\proc\p18f46k80.asm
                       PC   0x000ff9       data     extern E:\3.45\pic18-lt\cxx-framework\src\traditional\proc\p18f46k80.asm
                   PCLATH   0x000ffa       data     extern E:\3.45\pic18-lt\cxx-framework\src\traditional\proc\p18f46k80.asm
               PCLATUbits   0x000ffb       data     extern E:\3.45\pic18-lt\cxx-framework\src\traditional\proc\p18f46k80.asm
                   PCLATU   0x000ffb       data     extern E:\3.45\pic18-lt\cxx-framework\src\traditional\proc\p18f46k80.asm
               STKPTRbits   0x000ffc       data     extern E:\3.45\pic18-lt\cxx-framework\src\traditional\proc\p18f46k80.asm
                   STKPTR   0x000ffc       data     extern E:\3.45\pic18-lt\cxx-framework\src\traditional\proc\p18f46k80.asm
                      TOS   0x000ffd       data     extern E:\3.45\pic18-lt\cxx-framework\src\traditional\proc\p18f46k80.asm
                     TOSL   0x000ffd       data     extern E:\3.45\pic18-lt\cxx-framework\src\traditional\proc\p18f46k80.asm
                     TOSH   0x000ffe       data     extern E:\3.45\pic18-lt\cxx-framework\src\traditional\proc\p18f46k80.asm
                 TOSUbits   0x000fff       data     extern E:\3.45\pic18-lt\cxx-framework\src\traditional\proc\p18f46k80.asm
                     TOSU   0x000fff       data     extern E:\3.45\pic18-lt\cxx-framework\src\traditional\proc\p18f46k80.asm


